=== RUN   TestPickerModelInitExt
--- PASS: TestPickerModelInitExt (0.00s)
=== RUN   TestPickerModelUpdateUpDownExt
--- PASS: TestPickerModelUpdateUpDownExt (0.00s)
=== RUN   TestPickerModelUpdateEnterExt
--- PASS: TestPickerModelUpdateEnterExt (0.00s)
=== RUN   TestPickerModelUpdateQuitExt
--- PASS: TestPickerModelUpdateQuitExt (0.00s)
=== RUN   TestPickerModelViewExt
--- PASS: TestPickerModelViewExt (0.00s)
=== RUN   TestPickerModelViewQuittingExt
--- PASS: TestPickerModelViewQuittingExt (0.00s)
=== RUN   TestTruncateShortExt
--- PASS: TestTruncateShortExt (0.00s)
=== RUN   TestTruncateLongExt
--- PASS: TestTruncateLongExt (0.00s)
=== RUN   TestTruncateNewlinesExt
--- PASS: TestTruncateNewlinesExt (0.00s)
=== RUN   TestFormatAgeSecondsExt
--- PASS: TestFormatAgeSecondsExt (0.00s)
=== RUN   TestFormatAgeMinutesExt
--- PASS: TestFormatAgeMinutesExt (0.00s)
=== RUN   TestFormatAgeHoursExt
--- PASS: TestFormatAgeHoursExt (0.00s)
=== RUN   TestFormatAgeDaysExt
--- PASS: TestFormatAgeDaysExt (0.00s)
=== RUN   TestParseFriendlyDurationDaysExt
--- PASS: TestParseFriendlyDurationDaysExt (0.00s)
=== RUN   TestParseFriendlyDurationWeeksExt
--- PASS: TestParseFriendlyDurationWeeksExt (0.00s)
=== RUN   TestParseFriendlyDurationInvalidExt
--- PASS: TestParseFriendlyDurationInvalidExt (0.00s)
=== RUN   TestParseFriendlyDurationUpperExt
--- PASS: TestParseFriendlyDurationUpperExt (0.00s)
=== RUN   TestGetDeleteArgsMultipleExt
--- PASS: TestGetDeleteArgsMultipleExt (0.00s)
=== RUN   TestGetDeleteArgsNoneExt
--- PASS: TestGetDeleteArgsNoneExt (0.00s)
=== RUN   TestGetDeleteArgsMissingExt
--- PASS: TestGetDeleteArgsMissingExt (0.00s)
=== RUN   TestPrintConversationExt
📎 Conversation: test-con
   Title:   Test conversation
   Indexes: 
   Model:   
   Created: 2026-08-17T11:59:48Z
   Updated: 2026-08-17T11:59:48Z
   Messages: 1

  [system] System prompt

  You: Hello

  Assistant: Hi there

--- PASS: TestPrintConversationExt (0.04s)
=== RUN   TestTruncate
=== RUN   TestTruncate/short
=== RUN   TestTruncate/exact
=== RUN   TestTruncate/long
=== RUN   TestTruncate/newlines
--- PASS: TestTruncate (0.00s)
    --- PASS: TestTruncate/short (0.00s)
    --- PASS: TestTruncate/exact (0.00s)
    --- PASS: TestTruncate/long (0.00s)
    --- PASS: TestTruncate/newlines (0.00s)
=== RUN   TestFormatAge
=== RUN   TestFormatAge/seconds
=== RUN   TestFormatAge/minutes
=== RUN   TestFormatAge/hours
=== RUN   TestFormatAge/days
--- PASS: TestFormatAge (0.00s)
    --- PASS: TestFormatAge/seconds (0.00s)
    --- PASS: TestFormatAge/minutes (0.00s)
    --- PASS: TestFormatAge/hours (0.00s)
    --- PASS: TestFormatAge/days (0.00s)
=== RUN   TestParseFriendlyDuration
=== RUN   TestParseFriendlyDuration/7d
=== RUN   TestParseFriendlyDuration/30d
=== RUN   TestParseFriendlyDuration/2w
=== RUN   TestParseFriendlyDuration/1w
=== RUN   TestParseFriendlyDuration/xyz
--- PASS: TestParseFriendlyDuration (0.00s)
    --- PASS: TestParseFriendlyDuration/7d (0.00s)
    --- PASS: TestParseFriendlyDuration/30d (0.00s)
    --- PASS: TestParseFriendlyDuration/2w (0.00s)
    --- PASS: TestParseFriendlyDuration/1w (0.00s)
    --- PASS: TestParseFriendlyDuration/xyz (0.00s)
=== RUN   TestGetDeleteArgs
=== RUN   TestGetDeleteArgs/single
=== RUN   TestGetDeleteArgs/multiple
=== RUN   TestGetDeleteArgs/none
=== RUN   TestGetDeleteArgs/missing_value
--- PASS: TestGetDeleteArgs (0.00s)
    --- PASS: TestGetDeleteArgs/single (0.00s)
    --- PASS: TestGetDeleteArgs/multiple (0.00s)
    --- PASS: TestGetDeleteArgs/none (0.00s)
    --- PASS: TestGetDeleteArgs/missing_value (0.00s)
=== RUN   TestCmdConfigPath_PrintsPath
--- PASS: TestCmdConfigPath_PrintsPath (0.00s)
=== RUN   TestCmdConfigShow_NoConfig
--- PASS: TestCmdConfigShow_NoConfig (0.00s)
=== RUN   TestCmdConfigValidate_NoFile
--- PASS: TestCmdConfigValidate_NoFile (0.00s)
=== RUN   TestCmdConfigValidate_OK
--- PASS: TestCmdConfigValidate_OK (0.00s)
=== RUN   TestCmdConfig_DispatchShow
--- PASS: TestCmdConfig_DispatchShow (0.00s)
=== RUN   TestCmdConfig_DispatchPath
--- PASS: TestCmdConfig_DispatchPath (0.00s)
=== RUN   TestCmdConfig_DispatchValidate
--- PASS: TestCmdConfig_DispatchValidate (0.00s)
=== RUN   TestPrintIndexUsage
--- PASS: TestPrintIndexUsage (0.00s)
=== RUN   TestCmdCompletion_Bash
--- PASS: TestCmdCompletion_Bash (0.00s)
=== RUN   TestCmdCompletion_Zsh
--- PASS: TestCmdCompletion_Zsh (0.00s)
=== RUN   TestCmdCompletion_Fish
--- PASS: TestCmdCompletion_Fish (0.00s)
=== RUN   TestFormatSizeExtended
=== RUN   TestFormatSizeExtended/0_B
=== RUN   TestFormatSizeExtended/500_B
=== RUN   TestFormatSizeExtended/1.0_KB
=== RUN   TestFormatSizeExtended/1.5_KB
=== RUN   TestFormatSizeExtended/1.0_MB
=== RUN   TestFormatSizeExtended/1.0_GB
=== RUN   TestFormatSizeExtended/2.0_GB
--- PASS: TestFormatSizeExtended (0.00s)
    --- PASS: TestFormatSizeExtended/0_B (0.00s)
    --- PASS: TestFormatSizeExtended/500_B (0.00s)
    --- PASS: TestFormatSizeExtended/1.0_KB (0.00s)
    --- PASS: TestFormatSizeExtended/1.5_KB (0.00s)
    --- PASS: TestFormatSizeExtended/1.0_MB (0.00s)
    --- PASS: TestFormatSizeExtended/1.0_GB (0.00s)
    --- PASS: TestFormatSizeExtended/2.0_GB (0.00s)
=== RUN   TestIsCodeExtensionExtended
--- PASS: TestIsCodeExtensionExtended (0.00s)
=== RUN   TestTruncateExtended
=== RUN   TestTruncateExtended/short
=== RUN   TestTruncateExtended/exact
=== RUN   TestTruncateExtended/long
=== RUN   TestTruncateExtended/newlines
=== RUN   TestTruncateExtended/empty
--- PASS: TestTruncateExtended (0.00s)
    --- PASS: TestTruncateExtended/short (0.00s)
    --- PASS: TestTruncateExtended/exact (0.00s)
    --- PASS: TestTruncateExtended/long (0.00s)
    --- PASS: TestTruncateExtended/newlines (0.00s)
    --- PASS: TestTruncateExtended/empty (0.00s)
=== RUN   TestFormatAgeExtended
=== RUN   TestFormatAgeExtended/seconds
=== RUN   TestFormatAgeExtended/minutes
=== RUN   TestFormatAgeExtended/hours
=== RUN   TestFormatAgeExtended/days
--- PASS: TestFormatAgeExtended (0.00s)
    --- PASS: TestFormatAgeExtended/seconds (0.00s)
    --- PASS: TestFormatAgeExtended/minutes (0.00s)
    --- PASS: TestFormatAgeExtended/hours (0.00s)
    --- PASS: TestFormatAgeExtended/days (0.00s)
=== RUN   TestParseFriendlyDurationExtended
=== RUN   TestParseFriendlyDurationExtended/days
=== RUN   TestParseFriendlyDurationExtended/weeks
=== RUN   TestParseFriendlyDurationExtended/one_day
=== RUN   TestParseFriendlyDurationExtended/invalid
=== RUN   TestParseFriendlyDurationExtended/no_unit
=== RUN   TestParseFriendlyDurationExtended/with_whitespace
--- PASS: TestParseFriendlyDurationExtended (0.00s)
    --- PASS: TestParseFriendlyDurationExtended/days (0.00s)
    --- PASS: TestParseFriendlyDurationExtended/weeks (0.00s)
    --- PASS: TestParseFriendlyDurationExtended/one_day (0.00s)
    --- PASS: TestParseFriendlyDurationExtended/invalid (0.00s)
    --- PASS: TestParseFriendlyDurationExtended/no_unit (0.00s)
    --- PASS: TestParseFriendlyDurationExtended/with_whitespace (0.00s)
=== RUN   TestGetDeleteArgsExtended
=== RUN   TestGetDeleteArgsExtended/no_delete
=== RUN   TestGetDeleteArgsExtended/single_delete
=== RUN   TestGetDeleteArgsExtended/multiple_delete
=== RUN   TestGetDeleteArgsExtended/delete_at_end
--- PASS: TestGetDeleteArgsExtended (0.00s)
    --- PASS: TestGetDeleteArgsExtended/no_delete (0.00s)
    --- PASS: TestGetDeleteArgsExtended/single_delete (0.00s)
    --- PASS: TestGetDeleteArgsExtended/multiple_delete (0.00s)
    --- PASS: TestGetDeleteArgsExtended/delete_at_end (0.00s)
=== RUN   TestGetFlagExtended
=== RUN   TestGetFlagExtended/found
=== RUN   TestGetFlagExtended/not_found
=== RUN   TestGetFlagExtended/at_end
=== RUN   TestGetFlagExtended/empty_args
=== RUN   TestGetFlagExtended/multiple_flags
--- PASS: TestGetFlagExtended (0.00s)
    --- PASS: TestGetFlagExtended/found (0.00s)
    --- PASS: TestGetFlagExtended/not_found (0.00s)
    --- PASS: TestGetFlagExtended/at_end (0.00s)
    --- PASS: TestGetFlagExtended/empty_args (0.00s)
    --- PASS: TestGetFlagExtended/multiple_flags (0.00s)
=== RUN   TestHasFlagExtended
=== RUN   TestHasFlagExtended/found
=== RUN   TestHasFlagExtended/not_found
=== RUN   TestHasFlagExtended/empty_args
--- PASS: TestHasFlagExtended (0.00s)
    --- PASS: TestHasFlagExtended/found (0.00s)
    --- PASS: TestHasFlagExtended/not_found (0.00s)
    --- PASS: TestHasFlagExtended/empty_args (0.00s)
=== RUN   TestGetConfig
--- PASS: TestGetConfig (0.00s)
=== RUN   TestGetConfigDefaults
--- PASS: TestGetConfigDefaults (0.00s)
=== RUN   TestGetConfigAdvanced
--- PASS: TestGetConfigAdvanced (0.00s)
=== RUN   TestTaskSortOrderExtended
=== RUN   TestTaskSortOrderExtended/running
=== RUN   TestTaskSortOrderExtended/queued
=== RUN   TestTaskSortOrderExtended/failed
=== RUN   TestTaskSortOrderExtended/completed
=== RUN   TestTaskSortOrderExtended/unknown
=== RUN   TestTaskSortOrderExtended/#00
--- PASS: TestTaskSortOrderExtended (0.00s)
    --- PASS: TestTaskSortOrderExtended/running (0.00s)
    --- PASS: TestTaskSortOrderExtended/queued (0.00s)
    --- PASS: TestTaskSortOrderExtended/failed (0.00s)
    --- PASS: TestTaskSortOrderExtended/completed (0.00s)
    --- PASS: TestTaskSortOrderExtended/unknown (0.00s)
    --- PASS: TestTaskSortOrderExtended/#00 (0.00s)
=== RUN   TestColorStatusExtended
=== RUN   TestColorStatusExtended/running
=== RUN   TestColorStatusExtended/queued
=== RUN   TestColorStatusExtended/completed
=== RUN   TestColorStatusExtended/failed
=== RUN   TestColorStatusExtended/unknown
--- PASS: TestColorStatusExtended (0.00s)
    --- PASS: TestColorStatusExtended/running (0.00s)
    --- PASS: TestColorStatusExtended/queued (0.00s)
    --- PASS: TestColorStatusExtended/completed (0.00s)
    --- PASS: TestColorStatusExtended/failed (0.00s)
    --- PASS: TestColorStatusExtended/unknown (0.00s)
=== RUN   TestTaskAgeExtended
=== RUN   TestTaskAgeExtended/zero_time
=== RUN   TestTaskAgeExtended/recent
=== RUN   TestTaskAgeExtended/minutes
=== RUN   TestTaskAgeExtended/hours
=== RUN   TestTaskAgeExtended/days
--- PASS: TestTaskAgeExtended (0.00s)
    --- PASS: TestTaskAgeExtended/zero_time (0.00s)
    --- PASS: TestTaskAgeExtended/recent (0.00s)
    --- PASS: TestTaskAgeExtended/minutes (0.00s)
    --- PASS: TestTaskAgeExtended/hours (0.00s)
    --- PASS: TestTaskAgeExtended/days (0.00s)
=== RUN   TestTruncateStr
=== RUN   TestTruncateStr/hello
=== RUN   TestTruncateStr/hello_world
=== RUN   TestTruncateStr/#00
=== RUN   TestTruncateStr/abc
--- PASS: TestTruncateStr (0.00s)
    --- PASS: TestTruncateStr/hello (0.00s)
    --- PASS: TestTruncateStr/hello_world (0.00s)
    --- PASS: TestTruncateStr/#00 (0.00s)
    --- PASS: TestTruncateStr/abc (0.00s)
=== RUN   TestFormatMemAge
=== RUN   TestFormatMemAge/30s
=== RUN   TestFormatMemAge/5m
=== RUN   TestFormatMemAge/3h
=== RUN   TestFormatMemAge/2d
--- PASS: TestFormatMemAge (0.00s)
    --- PASS: TestFormatMemAge/30s (0.00s)
    --- PASS: TestFormatMemAge/5m (0.00s)
    --- PASS: TestFormatMemAge/3h (0.00s)
    --- PASS: TestFormatMemAge/2d (0.00s)
=== RUN   TestFormatMemSize
=== RUN   TestFormatMemSize/500_B
=== RUN   TestFormatMemSize/1.0_KB
=== RUN   TestFormatMemSize/1.0_MB
=== RUN   TestFormatMemSize/1.0_GB
--- PASS: TestFormatMemSize (0.00s)
    --- PASS: TestFormatMemSize/500_B (0.00s)
    --- PASS: TestFormatMemSize/1.0_KB (0.00s)
    --- PASS: TestFormatMemSize/1.0_MB (0.00s)
    --- PASS: TestFormatMemSize/1.0_GB (0.00s)
=== RUN   TestFormatBytes
=== RUN   TestFormatBytes/0_B
=== RUN   TestFormatBytes/512_B
=== RUN   TestFormatBytes/1.0_KB
=== RUN   TestFormatBytes/1.0_MB
=== RUN   TestFormatBytes/1.0_GB
--- PASS: TestFormatBytes (0.00s)
    --- PASS: TestFormatBytes/0_B (0.00s)
    --- PASS: TestFormatBytes/512_B (0.00s)
    --- PASS: TestFormatBytes/1.0_KB (0.00s)
    --- PASS: TestFormatBytes/1.0_MB (0.00s)
    --- PASS: TestFormatBytes/1.0_GB (0.00s)
=== RUN   TestStrValExtended
--- PASS: TestStrValExtended (0.00s)
=== RUN   TestFormatSizeBytes
--- PASS: TestFormatSizeBytes (0.00s)
=== RUN   TestFormatSizeKB
--- PASS: TestFormatSizeKB (0.00s)
=== RUN   TestFormatSizeMB
--- PASS: TestFormatSizeMB (0.00s)
=== RUN   TestFormatSizeGB
--- PASS: TestFormatSizeGB (0.00s)
=== RUN   TestIsCodeExtensionGo
--- PASS: TestIsCodeExtensionGo (0.00s)
=== RUN   TestIsCodeExtensionPy
--- PASS: TestIsCodeExtensionPy (0.00s)
=== RUN   TestIsCodeExtensionTxt
--- PASS: TestIsCodeExtensionTxt (0.00s)
=== RUN   TestIsCodeExtensionUpperCase
--- PASS: TestIsCodeExtensionUpperCase (0.00s)
=== RUN   TestIsCodeExtensionEmpty
--- PASS: TestIsCodeExtensionEmpty (0.00s)
=== RUN   TestStrValPresent
--- PASS: TestStrValPresent (0.00s)
=== RUN   TestStrValMissing
--- PASS: TestStrValMissing (0.00s)
=== RUN   TestStrValNonString
--- PASS: TestStrValNonString (0.00s)
=== RUN   TestGetFlagPresent
--- PASS: TestGetFlagPresent (0.00s)
=== RUN   TestGetFlagMissing
--- PASS: TestGetFlagMissing (0.00s)
=== RUN   TestGetFlagNoValue
--- PASS: TestGetFlagNoValue (0.00s)
=== RUN   TestHasFlagPresent
--- PASS: TestHasFlagPresent (0.00s)
=== RUN   TestHasFlagMissing
--- PASS: TestHasFlagMissing (0.00s)
=== RUN   TestHasFlagEmpty
--- PASS: TestHasFlagEmpty (0.00s)
=== RUN   TestTruncateExt2Short
--- PASS: TestTruncateExt2Short (0.00s)
=== RUN   TestTruncateExt2Long
--- PASS: TestTruncateExt2Long (0.00s)
=== RUN   TestTruncateExt2Newlines
--- PASS: TestTruncateExt2Newlines (0.00s)
=== RUN   TestFormatAgeExt2Seconds
--- PASS: TestFormatAgeExt2Seconds (0.00s)
=== RUN   TestFormatAgeExt2Minutes
--- PASS: TestFormatAgeExt2Minutes (0.00s)
=== RUN   TestFormatAgeExt2Hours
--- PASS: TestFormatAgeExt2Hours (0.00s)
=== RUN   TestFormatAgeExt2Days
--- PASS: TestFormatAgeExt2Days (0.00s)
=== RUN   TestParseFriendlyDurationExt2Days
--- PASS: TestParseFriendlyDurationExt2Days (0.00s)
=== RUN   TestParseFriendlyDurationExt2Weeks
--- PASS: TestParseFriendlyDurationExt2Weeks (0.00s)
=== RUN   TestParseFriendlyDurationExt2Invalid
--- PASS: TestParseFriendlyDurationExt2Invalid (0.00s)
=== RUN   TestParseFriendlyDurationExt2UpperCase
--- PASS: TestParseFriendlyDurationExt2UpperCase (0.00s)
=== RUN   TestGetDeleteArgsExt2
--- PASS: TestGetDeleteArgsExt2 (0.00s)
=== RUN   TestGetDeleteArgsExt2None
--- PASS: TestGetDeleteArgsExt2None (0.00s)
=== RUN   TestGetDeleteArgsExt2Trailing
--- PASS: TestGetDeleteArgsExt2Trailing (0.00s)
=== RUN   TestPluginResultToDocEmpty
--- PASS: TestPluginResultToDocEmpty (0.00s)
=== RUN   TestPluginResultToDocWithSections
--- PASS: TestPluginResultToDocWithSections (0.00s)
=== RUN   TestMarkdownToPluginResultBasic
--- PASS: TestMarkdownToPluginResultBasic (0.00s)
=== RUN   TestMarkdownToPluginResultEmpty
--- PASS: TestMarkdownToPluginResultEmpty (0.00s)
=== RUN   TestNewPickerModel
--- PASS: TestNewPickerModel (0.00s)
=== RUN   TestPickerModelView
--- PASS: TestPickerModelView (0.00s)
=== RUN   TestFormatBytesSmall
--- PASS: TestFormatBytesSmall (0.00s)
=== RUN   TestFormatBytesKB
--- PASS: TestFormatBytesKB (0.00s)
=== RUN   TestFormatBytesMB
--- PASS: TestFormatBytesMB (0.00s)
=== RUN   TestFormatBytesGB
--- PASS: TestFormatBytesGB (0.00s)
=== RUN   TestCheckDiskSpaceEmptyDir
--- PASS: TestCheckDiskSpaceEmptyDir (0.00s)
=== RUN   TestCheckDiskSpaceWithFiles
--- PASS: TestCheckDiskSpaceWithFiles (0.00s)
=== RUN   TestCheckDiskSpaceNonexistent
--- PASS: TestCheckDiskSpaceNonexistent (0.00s)
=== RUN   TestConfigFilePathExt2
--- PASS: TestConfigFilePathExt2 (0.00s)
=== RUN   TestPickerModelUpdateQuit
--- PASS: TestPickerModelUpdateQuit (0.00s)
=== RUN   TestPickerModelUpdateNav
--- PASS: TestPickerModelUpdateNav (0.00s)
=== RUN   TestPickerModelUpdateEnter
--- PASS: TestPickerModelUpdateEnter (0.00s)
=== RUN   TestPickerModelViewWithItems
--- PASS: TestPickerModelViewWithItems (0.00s)
=== RUN   TestValueOrDefault
--- PASS: TestValueOrDefault (0.00s)
=== RUN   TestConfigFilePath
--- PASS: TestConfigFilePath (0.00s)
=== RUN   TestAutoTitleFallback
--- PASS: TestAutoTitleFallback (0.00s)
=== RUN   TestAutoTitleFallbackLong
--- PASS: TestAutoTitleFallbackLong (0.00s)
=== RUN   TestAutoTitleFallbackNoUser
--- PASS: TestAutoTitleFallbackNoUser (0.00s)
=== RUN   TestAutoTitleFallbackEmpty
--- PASS: TestAutoTitleFallbackEmpty (0.00s)
=== RUN   TestBuildSummarizer
--- PASS: TestBuildSummarizer (0.00s)
=== RUN   TestBuildSummarizerNoModel
--- PASS: TestBuildSummarizerNoModel (0.00s)
=== RUN   TestPlatformByNameFound
--- PASS: TestPlatformByNameFound (0.00s)
=== RUN   TestPlatformByNameUnknown
--- PASS: TestPlatformByNameUnknown (0.00s)
=== RUN   TestAppendOrCreateFileNew
--- PASS: TestAppendOrCreateFileNew (0.00s)
=== RUN   TestAppendOrCreateFileAlreadyPresent
  (already configured in TEST.md)
--- PASS: TestAppendOrCreateFileAlreadyPresent (0.00s)
=== RUN   TestAppendOrCreateFileAppend
--- PASS: TestAppendOrCreateFileAppend (0.00s)
=== RUN   TestRemoveSectionPresent
--- PASS: TestRemoveSectionPresent (0.00s)
=== RUN   TestRemoveSectionNotPresent
--- PASS: TestRemoveSectionNotPresent (0.01s)
=== RUN   TestRemoveSectionFileNotExist
--- PASS: TestRemoveSectionFileNotExist (0.00s)
=== RUN   TestRemoveSectionNoEndSentinel
--- PASS: TestRemoveSectionNoEndSentinel (0.00s)
=== RUN   TestWriteJSONIfAbsentNew
--- PASS: TestWriteJSONIfAbsentNew (0.00s)
=== RUN   TestWriteJSONIfAbsentExists
  (already exists: config.json)
--- PASS: TestWriteJSONIfAbsentExists (0.00s)
=== RUN   TestPatchOpenCodeJSONNew
--- PASS: TestPatchOpenCodeJSONNew (0.00s)
=== RUN   TestPatchOpenCodeJSONExisting
--- PASS: TestPatchOpenCodeJSONExisting (0.00s)
=== RUN   TestPatchOpenCodeJSONIdempotent
  (gleann mcp already in opencode.json)
--- PASS: TestPatchOpenCodeJSONIdempotent (0.00s)
=== RUN   TestPatchOpenCodeJSONCleanupLegacyPlugins
--- PASS: TestPatchOpenCodeJSONCleanupLegacyPlugins (0.00s)
=== RUN   TestPatchOpenCodeJSONInvalidJSON
--- PASS: TestPatchOpenCodeJSONInvalidJSON (0.00s)
=== RUN   TestPatchClaudeSettingsNew
--- PASS: TestPatchClaudeSettingsNew (0.00s)
=== RUN   TestPatchClaudeSettingsIdempotent
  (gleann hook already in C:\Users\RUNNER~1\AppData\Local\Temp\TestPatchClaudeSettingsIdempotent4163519789\001\settings.json)
--- PASS: TestPatchClaudeSettingsIdempotent (0.00s)
=== RUN   TestPatchClaudeSettingsInvalidJSON
--- PASS: TestPatchClaudeSettingsInvalidJSON (0.00s)
=== RUN   TestPatchGeminiSettingsNew
--- PASS: TestPatchGeminiSettingsNew (0.00s)
=== RUN   TestPatchGeminiSettingsIdempotent
  (gleann hook already in C:\Users\RUNNER~1\AppData\Local\Temp\TestPatchGeminiSettingsIdempotent849732148\001\settings.json)
--- PASS: TestPatchGeminiSettingsIdempotent (0.01s)
=== RUN   TestPatchGeminiSettingsInvalidJSON
--- PASS: TestPatchGeminiSettingsInvalidJSON (0.00s)
=== RUN   TestPlatformDetectOpenCode
--- PASS: TestPlatformDetectOpenCode (0.00s)
=== RUN   TestPlatformDetectClaude
--- PASS: TestPlatformDetectClaude (0.00s)
=== RUN   TestPlatformDetectCursor
--- PASS: TestPlatformDetectCursor (0.00s)
=== RUN   TestPlatformDetectCodex
--- PASS: TestPlatformDetectCodex (0.00s)
=== RUN   TestPlatformDetectGemini
--- PASS: TestPlatformDetectGemini (0.00s)
=== RUN   TestPlatformDetectClaw
--- PASS: TestPlatformDetectClaw (0.00s)
=== RUN   TestPlatformDetectAider
--- PASS: TestPlatformDetectAider (0.00s)
=== RUN   TestPlatformDetectCopilot
--- PASS: TestPlatformDetectCopilot (0.00s)
=== RUN   TestInstallUninstallOpenCode
  • C:\Users\RUNNER~1\AppData\Local\Temp\TestInstallUninstallOpenCode3654839852\001\AGENTS.md
  • C:\Users\RUNNER~1\AppData\Local\Temp\TestInstallUninstallOpenCode3654839852\001\.opencode\plugins\gleann.js  (auto-loaded, no registration needed)
  • C:\Users\RUNNER~1\AppData\Local\Temp\TestInstallUninstallOpenCode3654839852\001\opencode.json  (mcp.gleann registered)
--- PASS: TestInstallUninstallOpenCode (0.01s)
=== RUN   TestInstallUninstallClaude
  • C:\Users\RUNNER~1\AppData\Local\Temp\TestInstallUninstallClaude3782795015\001\CLAUDE.md
  • C:\Users\RUNNER~1\AppData\Local\Temp\TestInstallUninstallClaude3782795015\002\.claude\settings.json  (PreToolUse hook added)
--- PASS: TestInstallUninstallClaude (0.01s)
=== RUN   TestInstallUninstallCursor
  • C:\Users\RUNNER~1\AppData\Local\Temp\TestInstallUninstallCursor2547254168\001\.cursor\rules\gleann.mdc  (alwaysApply: true)
  • C:\Users\RUNNER~1\AppData\Local\Temp\TestInstallUninstallCursor2547254168\001\.cursor\mcp.json
--- PASS: TestInstallUninstallCursor (0.01s)
=== RUN   TestInstallUninstallCodex
  • C:\Users\RUNNER~1\AppData\Local\Temp\TestInstallUninstallCodex2823385198\001\AGENTS.md
  • C:\Users\RUNNER~1\AppData\Local\Temp\TestInstallUninstallCodex2823385198\001\.codex\hooks.json
--- PASS: TestInstallUninstallCodex (0.01s)
=== RUN   TestInstallUninstallGemini
  • C:\Users\RUNNER~1\AppData\Local\Temp\TestInstallUninstallGemini2048436213\001\GEMINI.md
  • C:\Users\RUNNER~1\AppData\Local\Temp\TestInstallUninstallGemini2048436213\001\.gemini\settings.json  (BeforeTool hook added)
--- PASS: TestInstallUninstallGemini (0.01s)
=== RUN   TestInstallUninstallClaw
  • C:\Users\RUNNER~1\AppData\Local\Temp\TestInstallUninstallClaw1600146669\001\AGENTS.md
  • C:\Users\RUNNER~1\AppData\Local\Temp\TestInstallUninstallClaw1600146669\002\.openclaw\skills\gleann\SKILL.md
--- PASS: TestInstallUninstallClaw (0.01s)
=== RUN   TestInstallUninstallAider
  • C:\Users\RUNNER~1\AppData\Local\Temp\TestInstallUninstallAider3260964057\001\AGENTS.md
--- PASS: TestInstallUninstallAider (0.01s)
=== RUN   TestInstallUninstallCopilot
  • C:\Users\RUNNER~1\AppData\Local\Temp\TestInstallUninstallCopilot3466649813\002\.copilot\skills\gleann\SKILL.md
--- PASS: TestInstallUninstallCopilot (0.00s)
=== RUN   TestPrintInstallUsageExt3
Usage: gleann install [flags] [uninstall]

Install or configure gleann integration for AI coding platforms.

Flags:
  --platform <name>   Target a specific platform (default: auto-detect)
  --dir <path>        Target directory (default: current directory)
  --list              List supported platforms and auto-detection status

Actions:
  gleann install                   Auto-detect & install all present platforms
  gleann install --platform X      Install for a specific platform X
  gleann install uninstall         Auto-detect & uninstall from all present platforms
  gleann install uninstall --platform X  Uninstall from platform X

Supported platforms:
  opencode      OpenCode AI (tool.execute.before plugin + MCP config)
  claude        Claude Code (CLAUDE.md + PreToolUse hook in ~/.claude/settings.json)
  cursor        Cursor IDE (.cursor/rules/gleann.mdc + MCP config)
  codex         OpenAI Codex CLI (AGENTS.md + .codex/hooks.json)
  gemini        Gemini CLI (GEMINI.md + .gemini/settings.json hook)
  claw          OpenClaw (~/.openclaw/skills/gleann/SKILL.md + AGENTS.md)
  aider         Aider (AGENTS.md + .aider.conf.yml hint)
  copilot       GitHub Copilot CLI (~/.copilot/skills/gleann/SKILL.md)
  windsurf      Windsurf IDE (.windsurf/rules + MCP config)
  cline         Cline / Roo Code (.clinerules + MCP config)
  amp           Amp (AGENTS.md + MCP config)
  kiro          Kiro IDE (.kiro/rules + MCP config)
  amazonq       Amazon Q Developer (AGENTS.md + MCP config)
  continue      Continue (AGENTS.md + .continue/config.json MCP)
  zed           Zed IDE (~/.config/zed/settings.json MCP)
  neovim        Neovim (AGENTS.md + MCP via avante/codecompanion)
  jetbrains     JetBrains IDEs (AGENTS.md + .junie/guidelines.md)
--- PASS: TestPrintInstallUsageExt3 (0.00s)
=== RUN   TestPrintMemoryUsageExt3
gleann memory — Hierarchical long-term memory for agents and conversations

gleann memory stores knowledge across three tiers that persist between sessions.
All stored memory is automatically injected into every LLM query (ask, chat, mcp).

Usage:
  gleann memory remember <text>                  Store fact in long-term memory
  gleann memory forget   <query-or-id>           Remove memory by content match or ID
  gleann memory list     [--tier <tier>]          List memories (all tiers or specific)
  gleann memory search   <query>                 Full-text search across all tiers
  gleann memory add      <tier> <text>            Add note to specific tier
  gleann memory clear    [--tier <tier>]          Delete memories (tier or all)
  gleann memory stats                             Storage statistics
  gleann memory summarize --last                 Summarize last conversation → memory
  gleann memory summarize --id <conv-id>          Summarize specific conversation
  gleann memory summarize --last --extract        Also extract individual facts
  gleann memory prune    [--age <duration>]       Remove old entries
  gleann memory maintain                          Full maintenance pass
  gleann memory context                           Show compiled context sent to LLM

Memory Tiers:
  short    In-memory, session-scoped
           → auto-promoted to medium when chat session ends
  medium   BBolt, conversation digests, daily summaries
           → auto-archived to long after 30 days
  long     BBolt, permanent facts, user preferences
           → never automatically deleted

Options:
  --tier <tier>           Filter by tier: short | medium | long
  --tag <tags>            Comma-separated tags (e.g. "preference,project")
  --label <label>         Semantic label (default: "note" or "user_memory")
  --age <duration>        Duration for prune (e.g. 30d, 90d, 2w, 24h)
  --json                  Output as JSON
  --extract               Also extract individual facts (with summarize)

Chat Slash Commands (inside 'gleann chat'):
  /remember <text>        Store fact to long-term memory
  /forget <query>         Remove memories matching query
  /memories               Browse stored memories
  /new                    Start a fresh conversation thread (clears context)

Auto-injection:
  Memory context is compiled and injected as a system message before every
  LLM query. This gives agents persistent knowledge across sessions.
  Use 'gleann memory context' to inspect what the LLM currently receives.

Examples:
  gleann memory remember "Project uses hexagonal architecture"
  gleann memory remember "Prefer snake_case for DB columns" --tag "preference"
  gleann memory remember "Auth service owner: Alice" --tag "team" --label "contact"
  gleann memory add short "Current task: refactoring auth module"
  gleann memory add medium "Sprint 12 focus: performance improvements"
  gleann memory search "architecture"
  gleann memory search "snake_case" --json
  gleann memory list --tier long
  gleann memory forget "snake_case"
  gleann memory forget abc123ef
  gleann memory summarize --last
  gleann memory summarize --last --extract
  gleann memory summarize --id abc12345
  gleann memory prune --age 90d
  gleann memory stats
  gleann memory context
  gleann memory maintain

Related Commands:
  gleann chat --list                  Browse conversation history
  gleann chat --delete-older-than 30d Clean up old conversations
  gleann serve                        REST API also exposes memory engine endpoints
  gleann mcp                          MCP server exposes inject_knowledge_graph tool
--- PASS: TestPrintMemoryUsageExt3 (0.00s)
=== RUN   TestTruncateStrShort
--- PASS: TestTruncateStrShort (0.00s)
=== RUN   TestTruncateStrLong
--- PASS: TestTruncateStrLong (0.00s)
=== RUN   TestTruncateStrNewlines
--- PASS: TestTruncateStrNewlines (0.00s)
=== RUN   TestTruncateStrExact
--- PASS: TestTruncateStrExact (0.00s)
=== RUN   TestFormatMemAgeSeconds
--- PASS: TestFormatMemAgeSeconds (0.00s)
=== RUN   TestFormatMemAgeMinutes
--- PASS: TestFormatMemAgeMinutes (0.00s)
=== RUN   TestFormatMemAgeHours
--- PASS: TestFormatMemAgeHours (0.00s)
=== RUN   TestFormatMemAgeDays
--- PASS: TestFormatMemAgeDays (0.00s)
=== RUN   TestFormatMemSizeBytes
--- PASS: TestFormatMemSizeBytes (0.00s)
=== RUN   TestFormatMemSizeKB
--- PASS: TestFormatMemSizeKB (0.00s)
=== RUN   TestFormatMemSizeMB
--- PASS: TestFormatMemSizeMB (0.00s)
=== RUN   TestFormatMemSizeGB
--- PASS: TestFormatMemSizeGB (0.00s)
=== RUN   TestCmdMemoryHelp
gleann memory — Hierarchical long-term memory for agents and conversations

gleann memory stores knowledge across three tiers that persist between sessions.
All stored memory is automatically injected into every LLM query (ask, chat, mcp).

Usage:
  gleann memory remember <text>                  Store fact in long-term memory
  gleann memory forget   <query-or-id>           Remove memory by content match or ID
  gleann memory list     [--tier <tier>]          List memories (all tiers or specific)
  gleann memory search   <query>                 Full-text search across all tiers
  gleann memory add      <tier> <text>            Add note to specific tier
  gleann memory clear    [--tier <tier>]          Delete memories (tier or all)
  gleann memory stats                             Storage statistics
  gleann memory summarize --last                 Summarize last conversation → memory
  gleann memory summarize --id <conv-id>          Summarize specific conversation
  gleann memory summarize --last --extract        Also extract individual facts
  gleann memory prune    [--age <duration>]       Remove old entries
  gleann memory maintain                          Full maintenance pass
  gleann memory context                           Show compiled context sent to LLM

Memory Tiers:
  short    In-memory, session-scoped
           → auto-promoted to medium when chat session ends
  medium   BBolt, conversation digests, daily summaries
           → auto-archived to long after 30 days
  long     BBolt, permanent facts, user preferences
           → never automatically deleted

Options:
  --tier <tier>           Filter by tier: short | medium | long
  --tag <tags>            Comma-separated tags (e.g. "preference,project")
  --label <label>         Semantic label (default: "note" or "user_memory")
  --age <duration>        Duration for prune (e.g. 30d, 90d, 2w, 24h)
  --json                  Output as JSON
  --extract               Also extract individual facts (with summarize)

Chat Slash Commands (inside 'gleann chat'):
  /remember <text>        Store fact to long-term memory
  /forget <query>         Remove memories matching query
  /memories               Browse stored memories
  /new                    Start a fresh conversation thread (clears context)

Auto-injection:
  Memory context is compiled and injected as a system message before every
  LLM query. This gives agents persistent knowledge across sessions.
  Use 'gleann memory context' to inspect what the LLM currently receives.

Examples:
  gleann memory remember "Project uses hexagonal architecture"
  gleann memory remember "Prefer snake_case for DB columns" --tag "preference"
  gleann memory remember "Auth service owner: Alice" --tag "team" --label "contact"
  gleann memory add short "Current task: refactoring auth module"
  gleann memory add medium "Sprint 12 focus: performance improvements"
  gleann memory search "architecture"
  gleann memory search "snake_case" --json
  gleann memory list --tier long
  gleann memory forget "snake_case"
  gleann memory forget abc123ef
  gleann memory summarize --last
  gleann memory summarize --last --extract
  gleann memory summarize --id abc12345
  gleann memory prune --age 90d
  gleann memory stats
  gleann memory context
  gleann memory maintain

Related Commands:
  gleann chat --list                  Browse conversation history
  gleann chat --delete-older-than 30d Clean up old conversations
  gleann serve                        REST API also exposes memory engine endpoints
  gleann mcp                          MCP server exposes inject_knowledge_graph tool
gleann memory — Hierarchical long-term memory for agents and conversations

gleann memory stores knowledge across three tiers that persist between sessions.
All stored memory is automatically injected into every LLM query (ask, chat, mcp).

Usage:
  gleann memory remember <text>                  Store fact in long-term memory
  gleann memory forget   <query-or-id>           Remove memory by content match or ID
  gleann memory list     [--tier <tier>]          List memories (all tiers or specific)
  gleann memory search   <query>                 Full-text search across all tiers
  gleann memory add      <tier> <text>            Add note to specific tier
  gleann memory clear    [--tier <tier>]          Delete memories (tier or all)
  gleann memory stats                             Storage statistics
  gleann memory summarize --last                 Summarize last conversation → memory
  gleann memory summarize --id <conv-id>          Summarize specific conversation
  gleann memory summarize --last --extract        Also extract individual facts
  gleann memory prune    [--age <duration>]       Remove old entries
  gleann memory maintain                          Full maintenance pass
  gleann memory context                           Show compiled context sent to LLM

Memory Tiers:
  short    In-memory, session-scoped
           → auto-promoted to medium when chat session ends
  medium   BBolt, conversation digests, daily summaries
           → auto-archived to long after 30 days
  long     BBolt, permanent facts, user preferences
           → never automatically deleted

Options:
  --tier <tier>           Filter by tier: short | medium | long
  --tag <tags>            Comma-separated tags (e.g. "preference,project")
  --label <label>         Semantic label (default: "note" or "user_memory")
  --age <duration>        Duration for prune (e.g. 30d, 90d, 2w, 24h)
  --json                  Output as JSON
  --extract               Also extract individual facts (with summarize)

Chat Slash Commands (inside 'gleann chat'):
  /remember <text>        Store fact to long-term memory
  /forget <query>         Remove memories matching query
  /memories               Browse stored memories
  /new                    Start a fresh conversation thread (clears context)

Auto-injection:
  Memory context is compiled and injected as a system message before every
  LLM query. This gives agents persistent knowledge across sessions.
  Use 'gleann memory context' to inspect what the LLM currently receives.

Examples:
  gleann memory remember "Project uses hexagonal architecture"
  gleann memory remember "Prefer snake_case for DB columns" --tag "preference"
  gleann memory remember "Auth service owner: Alice" --tag "team" --label "contact"
  gleann memory add short "Current task: refactoring auth module"
  gleann memory add medium "Sprint 12 focus: performance improvements"
  gleann memory search "architecture"
  gleann memory search "snake_case" --json
  gleann memory list --tier long
  gleann memory forget "snake_case"
  gleann memory forget abc123ef
  gleann memory summarize --last
  gleann memory summarize --last --extract
  gleann memory summarize --id abc12345
  gleann memory prune --age 90d
  gleann memory stats
  gleann memory context
  gleann memory maintain

Related Commands:
  gleann chat --list                  Browse conversation history
  gleann chat --delete-older-than 30d Clean up old conversations
  gleann serve                        REST API also exposes memory engine endpoints
  gleann mcp                          MCP server exposes inject_knowledge_graph tool
gleann memory — Hierarchical long-term memory for agents and conversations

gleann memory stores knowledge across three tiers that persist between sessions.
All stored memory is automatically injected into every LLM query (ask, chat, mcp).

Usage:
  gleann memory remember <text>                  Store fact in long-term memory
  gleann memory forget   <query-or-id>           Remove memory by content match or ID
  gleann memory list     [--tier <tier>]          List memories (all tiers or specific)
  gleann memory search   <query>                 Full-text search across all tiers
  gleann memory add      <tier> <text>            Add note to specific tier
  gleann memory clear    [--tier <tier>]          Delete memories (tier or all)
  gleann memory stats                             Storage statistics
  gleann memory summarize --last                 Summarize last conversation → memory
  gleann memory summarize --id <conv-id>          Summarize specific conversation
  gleann memory summarize --last --extract        Also extract individual facts
  gleann memory prune    [--age <duration>]       Remove old entries
  gleann memory maintain                          Full maintenance pass
  gleann memory context                           Show compiled context sent to LLM

Memory Tiers:
  short    In-memory, session-scoped
           → auto-promoted to medium when chat session ends
  medium   BBolt, conversation digests, daily summaries
           → auto-archived to long after 30 days
  long     BBolt, permanent facts, user preferences
           → never automatically deleted

Options:
  --tier <tier>           Filter by tier: short | medium | long
  --tag <tags>            Comma-separated tags (e.g. "preference,project")
  --label <label>         Semantic label (default: "note" or "user_memory")
  --age <duration>        Duration for prune (e.g. 30d, 90d, 2w, 24h)
  --json                  Output as JSON
  --extract               Also extract individual facts (with summarize)

Chat Slash Commands (inside 'gleann chat'):
  /remember <text>        Store fact to long-term memory
  /forget <query>         Remove memories matching query
  /memories               Browse stored memories
  /new                    Start a fresh conversation thread (clears context)

Auto-injection:
  Memory context is compiled and injected as a system message before every
  LLM query. This gives agents persistent knowledge across sessions.
  Use 'gleann memory context' to inspect what the LLM currently receives.

Examples:
  gleann memory remember "Project uses hexagonal architecture"
  gleann memory remember "Prefer snake_case for DB columns" --tag "preference"
  gleann memory remember "Auth service owner: Alice" --tag "team" --label "contact"
  gleann memory add short "Current task: refactoring auth module"
  gleann memory add medium "Sprint 12 focus: performance improvements"
  gleann memory search "architecture"
  gleann memory search "snake_case" --json
  gleann memory list --tier long
  gleann memory forget "snake_case"
  gleann memory forget abc123ef
  gleann memory summarize --last
  gleann memory summarize --last --extract
  gleann memory summarize --id abc12345
  gleann memory prune --age 90d
  gleann memory stats
  gleann memory context
  gleann memory maintain

Related Commands:
  gleann chat --list                  Browse conversation history
  gleann chat --delete-older-than 30d Clean up old conversations
  gleann serve                        REST API also exposes memory engine endpoints
  gleann mcp                          MCP server exposes inject_knowledge_graph tool
--- PASS: TestCmdMemoryHelp (0.00s)
=== RUN   TestCmdMemoryNoArgs
gleann memory — Hierarchical long-term memory for agents and conversations

gleann memory stores knowledge across three tiers that persist between sessions.
All stored memory is automatically injected into every LLM query (ask, chat, mcp).

Usage:
  gleann memory remember <text>                  Store fact in long-term memory
  gleann memory forget   <query-or-id>           Remove memory by content match or ID
  gleann memory list     [--tier <tier>]          List memories (all tiers or specific)
  gleann memory search   <query>                 Full-text search across all tiers
  gleann memory add      <tier> <text>            Add note to specific tier
  gleann memory clear    [--tier <tier>]          Delete memories (tier or all)
  gleann memory stats                             Storage statistics
  gleann memory summarize --last                 Summarize last conversation → memory
  gleann memory summarize --id <conv-id>          Summarize specific conversation
  gleann memory summarize --last --extract        Also extract individual facts
  gleann memory prune    [--age <duration>]       Remove old entries
  gleann memory maintain                          Full maintenance pass
  gleann memory context                           Show compiled context sent to LLM

Memory Tiers:
  short    In-memory, session-scoped
           → auto-promoted to medium when chat session ends
  medium   BBolt, conversation digests, daily summaries
           → auto-archived to long after 30 days
  long     BBolt, permanent facts, user preferences
           → never automatically deleted

Options:
  --tier <tier>           Filter by tier: short | medium | long
  --tag <tags>            Comma-separated tags (e.g. "preference,project")
  --label <label>         Semantic label (default: "note" or "user_memory")
  --age <duration>        Duration for prune (e.g. 30d, 90d, 2w, 24h)
  --json                  Output as JSON
  --extract               Also extract individual facts (with summarize)

Chat Slash Commands (inside 'gleann chat'):
  /remember <text>        Store fact to long-term memory
  /forget <query>         Remove memories matching query
  /memories               Browse stored memories
  /new                    Start a fresh conversation thread (clears context)

Auto-injection:
  Memory context is compiled and injected as a system message before every
  LLM query. This gives agents persistent knowledge across sessions.
  Use 'gleann memory context' to inspect what the LLM currently receives.

Examples:
  gleann memory remember "Project uses hexagonal architecture"
  gleann memory remember "Prefer snake_case for DB columns" --tag "preference"
  gleann memory remember "Auth service owner: Alice" --tag "team" --label "contact"
  gleann memory add short "Current task: refactoring auth module"
  gleann memory add medium "Sprint 12 focus: performance improvements"
  gleann memory search "architecture"
  gleann memory search "snake_case" --json
  gleann memory list --tier long
  gleann memory forget "snake_case"
  gleann memory forget abc123ef
  gleann memory summarize --last
  gleann memory summarize --last --extract
  gleann memory summarize --id abc12345
  gleann memory prune --age 90d
  gleann memory stats
  gleann memory context
  gleann memory maintain

Related Commands:
  gleann chat --list                  Browse conversation history
  gleann chat --delete-older-than 30d Clean up old conversations
  gleann serve                        REST API also exposes memory engine endpoints
  gleann mcp                          MCP server exposes inject_knowledge_graph tool
--- PASS: TestCmdMemoryNoArgs (0.00s)
=== RUN   TestTaskSortOrder
--- PASS: TestTaskSortOrder (0.00s)
=== RUN   TestColorStatus
--- PASS: TestColorStatus (0.00s)
=== RUN   TestTaskAge
--- PASS: TestTaskAge (0.00s)
=== RUN   TestCmdTokens
--- PASS: TestCmdTokens (0.00s)
=== RUN   TestGetConfigDefaultsExt
--- PASS: TestGetConfigDefaultsExt (0.00s)
=== RUN   TestGetConfigNoMmap
--- PASS: TestGetConfigNoMmap (0.00s)
=== RUN   TestGetConfigProvider
--- PASS: TestGetConfigProvider (0.00s)
=== RUN   TestGetConfigModel
--- PASS: TestGetConfigModel (0.00s)
=== RUN   TestGetConfigHost
--- PASS: TestGetConfigHost (0.00s)
=== RUN   TestGetConfigIndexDir
--- PASS: TestGetConfigIndexDir (0.00s)
=== RUN   TestGetConfigTopK
--- PASS: TestGetConfigTopK (0.00s)
=== RUN   TestGetConfigEfSearch
--- PASS: TestGetConfigEfSearch (0.00s)
=== RUN   TestGetConfigChunkSize
--- PASS: TestGetConfigChunkSize (0.00s)
=== RUN   TestGetConfigChunkOverlap
--- PASS: TestGetConfigChunkOverlap (0.00s)
=== RUN   TestGetConfigBatchSize
--- PASS: TestGetConfigBatchSize (0.00s)
=== RUN   TestGetConfigConcurrency
--- PASS: TestGetConfigConcurrency (0.00s)
=== RUN   TestGetConfigHybrid
--- PASS: TestGetConfigHybrid (0.00s)
=== RUN   TestGetConfigMetric
--- PASS: TestGetConfigMetric (0.00s)
=== RUN   TestGetConfigPrune
--- PASS: TestGetConfigPrune (0.00s)
=== RUN   TestGetConfigMultipleFlags
--- PASS: TestGetConfigMultipleFlags (0.00s)
=== RUN   TestGetFlagPresentExt
--- PASS: TestGetFlagPresentExt (0.00s)
=== RUN   TestGetFlagMissingExt
--- PASS: TestGetFlagMissingExt (0.00s)
=== RUN   TestGetFlagLastExt
--- PASS: TestGetFlagLastExt (0.00s)
=== RUN   TestHasFlagPresentExt
--- PASS: TestHasFlagPresentExt (0.00s)
=== RUN   TestHasFlagMissingExt
--- PASS: TestHasFlagMissingExt (0.00s)
=== RUN   TestStderrfExt
--- PASS: TestStderrfExt (0.00s)
=== RUN   TestStderrfQuietExt
--- PASS: TestStderrfQuietExt (0.00s)
=== RUN   TestIsOutputTTYExt
--- PASS: TestIsOutputTTYExt (0.00s)
=== RUN   TestApplySavedConfigNoSavedConfigExt
--- PASS: TestApplySavedConfigNoSavedConfigExt (0.00s)
=== RUN   TestGetConfigChunkSizeZero
--- PASS: TestGetConfigChunkSizeZero (0.00s)
=== RUN   TestFormatSize
--- PASS: TestFormatSize (0.00s)
=== RUN   TestStrVal
--- PASS: TestStrVal (0.00s)
=== RUN   TestPluginResultToDoc
--- PASS: TestPluginResultToDoc (0.00s)
=== RUN   TestMarkdownToPluginResult
--- PASS: TestMarkdownToPluginResult (0.00s)
=== RUN   TestMarkdownToPluginResult_NoH1
--- PASS: TestMarkdownToPluginResult_NoH1 (0.00s)
=== RUN   TestGetFlag
--- PASS: TestGetFlag (0.00s)
=== RUN   TestHasFlag
--- PASS: TestHasFlag (0.00s)
=== RUN   TestGetConfig_DefaultValues
--- PASS: TestGetConfig_DefaultValues (0.00s)
=== RUN   TestGetConfig_CustomFlags
--- PASS: TestGetConfig_CustomFlags (0.00s)
=== RUN   TestApplySavedConfig_CLIOverride
--- PASS: TestApplySavedConfig_CLIOverride (0.00s)
=== RUN   TestIsCodeExtension
--- PASS: TestIsCodeExtension (0.00s)
=== RUN   TestPlatformByName
--- PASS: TestPlatformByName (0.00s)
=== RUN   TestPlatformDetect
--- PASS: TestPlatformDetect (0.01s)
=== RUN   TestPlatformInstallUninstall
=== RUN   TestPlatformInstallUninstall/opencode
  • C:\Users\RUNNER~1\AppData\Local\Temp\TestPlatformInstallUninstall96446427\001\AGENTS.md
  • C:\Users\RUNNER~1\AppData\Local\Temp\TestPlatformInstallUninstall96446427\001\.opencode\plugins\gleann.js  (auto-loaded, no registration needed)
  • C:\Users\RUNNER~1\AppData\Local\Temp\TestPlatformInstallUninstall96446427\001\opencode.json  (mcp.gleann registered)
=== RUN   TestPlatformInstallUninstall/claude
  • C:\Users\RUNNER~1\AppData\Local\Temp\TestPlatformInstallUninstall96446427\001\CLAUDE.md
  • C:\Users\RUNNER~1\AppData\Local\Temp\TestPlatformInstallUninstall96446427\002\.claude\settings.json  (PreToolUse hook added)
=== RUN   TestPlatformInstallUninstall/cursor
  • C:\Users\RUNNER~1\AppData\Local\Temp\TestPlatformInstallUninstall96446427\001\.cursor\rules\gleann.mdc  (alwaysApply: true)
  • C:\Users\RUNNER~1\AppData\Local\Temp\TestPlatformInstallUninstall96446427\001\.cursor\mcp.json
=== RUN   TestPlatformInstallUninstall/codex
  • C:\Users\RUNNER~1\AppData\Local\Temp\TestPlatformInstallUninstall96446427\001\AGENTS.md
  • C:\Users\RUNNER~1\AppData\Local\Temp\TestPlatformInstallUninstall96446427\001\.codex\hooks.json
=== RUN   TestPlatformInstallUninstall/gemini
  • C:\Users\RUNNER~1\AppData\Local\Temp\TestPlatformInstallUninstall96446427\001\GEMINI.md
  • C:\Users\RUNNER~1\AppData\Local\Temp\TestPlatformInstallUninstall96446427\001\.gemini\settings.json  (BeforeTool hook added)
=== RUN   TestPlatformInstallUninstall/claw
  • C:\Users\RUNNER~1\AppData\Local\Temp\TestPlatformInstallUninstall96446427\001\AGENTS.md
  • C:\Users\RUNNER~1\AppData\Local\Temp\TestPlatformInstallUninstall96446427\002\.openclaw\skills\gleann\SKILL.md
=== RUN   TestPlatformInstallUninstall/aider
  • C:\Users\RUNNER~1\AppData\Local\Temp\TestPlatformInstallUninstall96446427\001\AGENTS.md
=== RUN   TestPlatformInstallUninstall/copilot
  • C:\Users\RUNNER~1\AppData\Local\Temp\TestPlatformInstallUninstall96446427\002\.copilot\skills\gleann\SKILL.md
=== RUN   TestPlatformInstallUninstall/windsurf
  • C:\Users\RUNNER~1\AppData\Local\Temp\TestPlatformInstallUninstall96446427\001\.windsurf\rules\gleann.md
=== RUN   TestPlatformInstallUninstall/cline
  • C:\Users\RUNNER~1\AppData\Local\Temp\TestPlatformInstallUninstall96446427\001\AGENTS.md
  • C:\Users\RUNNER~1\AppData\Local\Temp\TestPlatformInstallUninstall96446427\001\.cline\mcp.json
=== RUN   TestPlatformInstallUninstall/amp
  • C:\Users\RUNNER~1\AppData\Local\Temp\TestPlatformInstallUninstall96446427\001\AGENTS.md
=== RUN   TestPlatformInstallUninstall/kiro
  • C:\Users\RUNNER~1\AppData\Local\Temp\TestPlatformInstallUninstall96446427\001\.kiro\rules\gleann.md
=== RUN   TestPlatformInstallUninstall/amazonq
  • C:\Users\RUNNER~1\AppData\Local\Temp\TestPlatformInstallUninstall96446427\001\AGENTS.md
=== RUN   TestPlatformInstallUninstall/continue
  • C:\Users\RUNNER~1\AppData\Local\Temp\TestPlatformInstallUninstall96446427\001\AGENTS.md
=== RUN   TestPlatformInstallUninstall/zed
  • C:\Users\RUNNER~1\AppData\Local\Temp\TestPlatformInstallUninstall96446427\001\AGENTS.md
=== RUN   TestPlatformInstallUninstall/neovim
  • C:\Users\RUNNER~1\AppData\Local\Temp\TestPlatformInstallUninstall96446427\001\AGENTS.md
=== RUN   TestPlatformInstallUninstall/jetbrains
  • C:\Users\RUNNER~1\AppData\Local\Temp\TestPlatformInstallUninstall96446427\001\AGENTS.md
  • C:\Users\RUNNER~1\AppData\Local\Temp\TestPlatformInstallUninstall96446427\001\.junie\guidelines.md
--- PASS: TestPlatformInstallUninstall (0.04s)
    --- PASS: TestPlatformInstallUninstall/opencode (0.00s)
    --- PASS: TestPlatformInstallUninstall/claude (0.00s)
    --- PASS: TestPlatformInstallUninstall/cursor (0.00s)
    --- PASS: TestPlatformInstallUninstall/codex (0.00s)
    --- PASS: TestPlatformInstallUninstall/gemini (0.00s)
    --- PASS: TestPlatformInstallUninstall/claw (0.00s)
    --- PASS: TestPlatformInstallUninstall/aider (0.00s)
    --- PASS: TestPlatformInstallUninstall/copilot (0.00s)
    --- PASS: TestPlatformInstallUninstall/windsurf (0.00s)
    --- PASS: TestPlatformInstallUninstall/cline (0.00s)
    --- PASS: TestPlatformInstallUninstall/amp (0.00s)
    --- PASS: TestPlatformInstallUninstall/kiro (0.00s)
    --- PASS: TestPlatformInstallUninstall/amazonq (0.00s)
    --- PASS: TestPlatformInstallUninstall/continue (0.00s)
    --- PASS: TestPlatformInstallUninstall/zed (0.00s)
    --- PASS: TestPlatformInstallUninstall/neovim (0.00s)
    --- PASS: TestPlatformInstallUninstall/jetbrains (0.00s)
=== RUN   TestPlatforms
--- PASS: TestPlatforms (0.00s)
=== RUN   TestAgentsMDSection
--- PASS: TestAgentsMDSection (0.00s)
=== RUN   TestPrintInstallUsage
--- PASS: TestPrintInstallUsage (0.00s)
PASS
ok  	github.com/tevfik/gleann/cmd/gleann	0.334s
=== RUN   TestEvictOldTasks_Cov
--- PASS: TestEvictOldTasks_Cov (0.00s)
=== RUN   TestEvictOldTasks_WorkingKept
--- PASS: TestEvictOldTasks_WorkingKept (0.00s)
=== RUN   TestAgentCard
--- PASS: TestAgentCard (0.00s)
=== RUN   TestSendMessage_SearchRouting
--- PASS: TestSendMessage_SearchRouting (0.00s)
=== RUN   TestSendMessage_MemoryRouting
--- PASS: TestSendMessage_MemoryRouting (0.00s)
=== RUN   TestSendMessage_ExplicitSkill
--- PASS: TestSendMessage_ExplicitSkill (0.00s)
=== RUN   TestSendMessage_FailedHandler
--- PASS: TestSendMessage_FailedHandler (0.00s)
=== RUN   TestGetTask
--- PASS: TestGetTask (0.00s)
=== RUN   TestGetTask_NotFound
--- PASS: TestGetTask_NotFound (0.00s)
=== RUN   TestSendMessage_EmptyBody
--- PASS: TestSendMessage_EmptyBody (0.00s)
=== RUN   TestDefaultAgentCard
--- PASS: TestDefaultAgentCard (0.00s)
=== RUN   TestRouteSkill_Keywords
--- PASS: TestRouteSkill_Keywords (0.00s)
=== RUN   TestRouteSkill_ExpandedKeywords
--- PASS: TestRouteSkill_ExpandedKeywords (0.00s)
=== RUN   TestRouteSkill_ExplicitMetadata
--- PASS: TestRouteSkill_ExplicitMetadata (0.00s)
=== RUN   TestRouteSkill_ScoringFallback
--- PASS: TestRouteSkill_ScoringFallback (0.00s)
=== RUN   TestSplitWords
--- PASS: TestSplitWords (0.00s)
=== RUN   TestExtractText
--- PASS: TestExtractText (0.00s)
PASS
ok  	github.com/tevfik/gleann/internal/a2a	0.059s
=== RUN   TestFormatDetectedConfig_Full
--- PASS: TestFormatDetectedConfig_Full (0.00s)
=== RUN   TestFormatDetectedConfig_NotRunning
--- PASS: TestFormatDetectedConfig_NotRunning (0.00s)
=== RUN   TestFormatDetectedConfig_Structure
--- PASS: TestFormatDetectedConfig_Structure (0.00s)
=== RUN   TestDetectOllama_Reachable
--- PASS: TestDetectOllama_Reachable (0.00s)
=== RUN   TestDetectOllama_Unreachable
--- PASS: TestDetectOllama_Unreachable (0.01s)
=== RUN   TestPickModel
--- PASS: TestPickModel (0.00s)
=== RUN   TestEnsureConfig_CreatesFile
--- PASS: TestEnsureConfig_CreatesFile (0.01s)
=== RUN   TestEnsureConfig_SkipsExisting
--- PASS: TestEnsureConfig_SkipsExisting (0.00s)
=== RUN   TestEmbeddingTiers
--- PASS: TestEmbeddingTiers (0.00s)
=== RUN   TestQuickStartEmbeddingModel
--- PASS: TestQuickStartEmbeddingModel (0.00s)
=== RUN   TestHasModel_Found
--- PASS: TestHasModel_Found (0.00s)
=== RUN   TestHasModel_NotFound
--- PASS: TestHasModel_NotFound (0.00s)
=== RUN   TestHasModel_Unreachable
--- PASS: TestHasModel_Unreachable (0.00s)
=== RUN   TestPullModel_Success
--- PASS: TestPullModel_Success (0.00s)
=== RUN   TestPullModel_Unreachable
--- PASS: TestPullModel_Unreachable (0.00s)
=== RUN   TestPullModel_HTTPError
--- PASS: TestPullModel_HTTPError (0.00s)
=== RUN   TestEnsureModels_AllAvailable
--- PASS: TestEnsureModels_AllAvailable (0.00s)
=== RUN   TestEnsureModels_PullsMissing
   success                                           
--- PASS: TestEnsureModels_PullsMissing (0.00s)
=== RUN   TestEnsureModels_EmptyStringsIgnored
--- PASS: TestEnsureModels_EmptyStringsIgnored (0.00s)
=== RUN   TestDetectAll_WithModels
--- PASS: TestDetectAll_WithModels (0.00s)
=== RUN   TestDetectAll_QuickStart_NoEmbeddingAvailable
--- PASS: TestDetectAll_QuickStart_NoEmbeddingAvailable (0.00s)
=== RUN   TestDetectAll_QuickStart_EmbeddingAlreadyAvailable
--- PASS: TestDetectAll_QuickStart_EmbeddingAlreadyAvailable (0.00s)
=== RUN   TestFormatDetectedConfig
--- PASS: TestFormatDetectedConfig (0.00s)
=== RUN   TestFormatDetectedConfig_NoRerank
--- PASS: TestFormatDetectedConfig_NoRerank (0.00s)
=== RUN   TestApplyDetectedConfig
--- PASS: TestApplyDetectedConfig (0.00s)
=== RUN   TestApplyDetectedConfig_NoRerank
--- PASS: TestApplyDetectedConfig_NoRerank (0.00s)
PASS
ok  	github.com/tevfik/gleann/internal/autosetup	0.089s
=== RUN   TestExtractBinary
    extraction_test.go:15: Skipping: embedded binary llama-server-linux-amd64 is Linux-only
--- SKIP: TestExtractBinary (0.00s)
=== RUN   TestStart_ExtractionFailure
--- PASS: TestStart_ExtractionFailure (0.04s)
=== RUN   TestStop_ForceKill
    runner_extra_test.go:35: Skipping SIGTERM test on Windows
--- SKIP: TestStop_ForceKill (0.00s)
=== RUN   TestStart_PortCollision
--- PASS: TestStart_PortCollision (0.00s)
=== RUN   TestNewRunner_FieldsSet
--- PASS: TestNewRunner_FieldsSet (0.00s)
=== RUN   TestBaseURL_FormatsHostAndPort
--- PASS: TestBaseURL_FormatsHostAndPort (0.00s)
=== RUN   TestStop_Idempotent_NoProcess
--- PASS: TestStop_Idempotent_NoProcess (0.00s)
=== RUN   TestGetFreePort_ReturnsBindablePort
--- PASS: TestGetFreePort_ReturnsBindablePort (0.00s)
=== RUN   TestWaitForReady_TimeoutOnDeadPort
--- PASS: TestWaitForReady_TimeoutOnDeadPort (0.20s)
=== RUN   TestWaitForReady_SucceedsWhenPortListens
--- PASS: TestWaitForReady_SucceedsWhenPortListens (0.00s)
=== RUN   TestStart_PlatformBranches
    runner_test.go:121: Start launches a real binary; covered by integration tests
--- SKIP: TestStart_PlatformBranches (0.00s)
=== RUN   TestExtractAllBinaries_DestDirCreated
--- PASS: TestExtractAllBinaries_DestDirCreated (0.03s)
PASS
ok  	github.com/tevfik/gleann/internal/backend/llamacpp	0.307s
=== RUN   TestAutoIndexer_WatchAndFlush
--- PASS: TestAutoIndexer_WatchAndFlush (0.51s)
=== RUN   TestAutoIndexer_WatchedIndexes
--- PASS: TestAutoIndexer_WatchedIndexes (0.00s)
=== RUN   TestAutoIndexer_StopIdempotent
--- PASS: TestAutoIndexer_StopIdempotent (0.00s)
=== RUN   TestSubmitAndGet
--- PASS: TestSubmitAndGet (0.10s)
=== RUN   TestSubmitFailed
--- PASS: TestSubmitFailed (0.10s)
=== RUN   TestList
--- PASS: TestList (0.15s)
=== RUN   TestActiveCount
--- PASS: TestActiveCount (0.15s)
=== RUN   TestCleanup
--- PASS: TestCleanup (0.10s)
=== RUN   TestGetNotFound
--- PASS: TestGetNotFound (0.00s)
=== RUN   TestConcurrentSubmit
--- PASS: TestConcurrentSubmit (0.51s)
=== RUN   TestStopIdempotent
--- PASS: TestStopIdempotent (0.00s)
=== RUN   TestEvictionAge
--- PASS: TestEvictionAge (0.00s)
=== RUN   TestBgTriggerFor_InvalidStatus
--- PASS: TestBgTriggerFor_InvalidStatus (0.00s)
=== RUN   TestNewTaskFSM_ValidTransitions
=== RUN   TestNewTaskFSM_ValidTransitions/queued→running
=== RUN   TestNewTaskFSM_ValidTransitions/queued→cancelled
=== RUN   TestNewTaskFSM_ValidTransitions/running→completed
=== RUN   TestNewTaskFSM_ValidTransitions/running→failed
=== RUN   TestNewTaskFSM_ValidTransitions/running→cancelled
--- PASS: TestNewTaskFSM_ValidTransitions (0.00s)
    --- PASS: TestNewTaskFSM_ValidTransitions/queued→running (0.00s)
    --- PASS: TestNewTaskFSM_ValidTransitions/queued→cancelled (0.00s)
    --- PASS: TestNewTaskFSM_ValidTransitions/running→completed (0.00s)
    --- PASS: TestNewTaskFSM_ValidTransitions/running→failed (0.00s)
    --- PASS: TestNewTaskFSM_ValidTransitions/running→cancelled (0.00s)
=== RUN   TestNewTaskFSM_InvalidTransitions
=== RUN   TestNewTaskFSM_InvalidTransitions/queued→completed
=== RUN   TestNewTaskFSM_InvalidTransitions/queued→failed
=== RUN   TestNewTaskFSM_InvalidTransitions/completed→running
=== RUN   TestNewTaskFSM_InvalidTransitions/failed→running
=== RUN   TestNewTaskFSM_InvalidTransitions/cancelled→running
--- PASS: TestNewTaskFSM_InvalidTransitions (0.00s)
    --- PASS: TestNewTaskFSM_InvalidTransitions/queued→completed (0.00s)
    --- PASS: TestNewTaskFSM_InvalidTransitions/queued→failed (0.00s)
    --- PASS: TestNewTaskFSM_InvalidTransitions/completed→running (0.00s)
    --- PASS: TestNewTaskFSM_InvalidTransitions/failed→running (0.00s)
    --- PASS: TestNewTaskFSM_InvalidTransitions/cancelled→running (0.00s)
=== RUN   TestNewTaskFSM_FullLifecycle
--- PASS: TestNewTaskFSM_FullLifecycle (0.00s)
PASS
ok  	github.com/tevfik/gleann/internal/background	1.662s
=== RUN   TestCachedComputer_CachesResults
--- PASS: TestCachedComputer_CachesResults (0.00s)
=== RUN   TestCachedComputer_PartialCache
--- PASS: TestCachedComputer_PartialCache (0.00s)
=== RUN   TestCachedComputer_ComputeSingle
--- PASS: TestCachedComputer_ComputeSingle (0.00s)
=== RUN   TestCachedComputer_Stats
--- PASS: TestCachedComputer_Stats (0.00s)
=== RUN   TestCachedComputer_EmptyInput
--- PASS: TestCachedComputer_EmptyInput (0.00s)
=== RUN   TestCachedComputer_Dimensions
--- PASS: TestCachedComputer_Dimensions (0.00s)
=== RUN   TestCachedComputer_ModelName
--- PASS: TestCachedComputer_ModelName (0.00s)
=== RUN   TestCachedComputer_ClearCache
--- PASS: TestCachedComputer_ClearCache (0.00s)
=== RUN   TestCacheKey_Deterministic
--- PASS: TestCacheKey_Deterministic (0.00s)
=== RUN   TestCacheKey_DifferentModels
--- PASS: TestCacheKey_DifferentModels (0.00s)
=== RUN   TestDiskPersistence_SaveLoad
--- PASS: TestDiskPersistence_SaveLoad (0.00s)
=== RUN   TestDiskPersistence_CorruptFile
--- PASS: TestDiskPersistence_CorruptFile (0.00s)
=== RUN   TestDiskPersistence_MissingFile
--- PASS: TestDiskPersistence_MissingFile (0.00s)
=== RUN   TestCachedComputer_ImplementsInterface
--- PASS: TestCachedComputer_ImplementsInterface (0.00s)
=== RUN   TestHashText
--- PASS: TestHashText (0.00s)
=== RUN   TestChunkMemoStore_HasAndRecord
--- PASS: TestChunkMemoStore_HasAndRecord (0.00s)
=== RUN   TestChunkMemoStore_FilterUncached
--- PASS: TestChunkMemoStore_FilterUncached (0.00s)
=== RUN   TestChunkMemoStore_RecordBatch
--- PASS: TestChunkMemoStore_RecordBatch (0.00s)
=== RUN   TestChunkMemoStore_RemoveBySource
--- PASS: TestChunkMemoStore_RemoveBySource (0.00s)
=== RUN   TestChunkMemoStore_RemoveByModel
--- PASS: TestChunkMemoStore_RemoveByModel (0.00s)
=== RUN   TestChunkMemoStore_SaveAndReload
--- PASS: TestChunkMemoStore_SaveAndReload (0.05s)
=== RUN   TestChunkMemoStore_SaveCreatesDirectory
--- PASS: TestChunkMemoStore_SaveCreatesDirectory (0.00s)
=== RUN   TestChunkMemoStore_Stats
--- PASS: TestChunkMemoStore_Stats (0.00s)
=== RUN   TestChunkMemoStore_EmptyFilterUncached
--- PASS: TestChunkMemoStore_EmptyFilterUncached (0.00s)
=== RUN   TestChunkMemoStore_ConcurrentAccess
--- PASS: TestChunkMemoStore_ConcurrentAccess (0.00s)
=== RUN   TestNewChunkMemoStore_IndexDirConstructor
--- PASS: TestNewChunkMemoStore_IndexDirConstructor (0.00s)
=== RUN   TestSetPromptTemplate
--- PASS: TestSetPromptTemplate (0.00s)
=== RUN   TestIsConnectionRefused_StringMatch
--- PASS: TestIsConnectionRefused_StringMatch (0.00s)
=== RUN   TestIsConnectionRefused_NoMatch
--- PASS: TestIsConnectionRefused_NoMatch (0.00s)
=== RUN   TestIsConnectionRefused_NetOpError
--- PASS: TestIsConnectionRefused_NetOpError (0.00s)
=== RUN   TestIsConnectionRefused_NetOpErrorOther
--- PASS: TestIsConnectionRefused_NetOpErrorOther (0.00s)
=== RUN   TestCompute_UnsupportedProviderCov
⚠️ Batch 0 failed, retrying one-by-one: unsupported provider: unsupported
--- PASS: TestCompute_UnsupportedProviderCov (0.00s)
=== RUN   TestCompute_EmptyCov
--- PASS: TestCompute_EmptyCov (0.00s)
=== RUN   TestCompute_EmptyStringsCov
--- PASS: TestCompute_EmptyStringsCov (0.00s)
=== RUN   TestComputeSingle_UnsupportedProvider
⚠️ Batch 0 failed, retrying one-by-one: unsupported provider: bad
--- PASS: TestComputeSingle_UnsupportedProvider (0.00s)
=== RUN   TestTruncateToTokenLimit_LongText
--- PASS: TestTruncateToTokenLimit_LongText (0.00s)
=== RUN   TestTruncateToTokenLimit_ShortText
--- PASS: TestTruncateToTokenLimit_ShortText (0.00s)
=== RUN   TestTruncateToTokenLimit_EmptyTextCov
--- PASS: TestTruncateToTokenLimit_EmptyTextCov (0.00s)
=== RUN   TestGetModelTokenLimit_Known
--- PASS: TestGetModelTokenLimit_Known (0.00s)
=== RUN   TestGetModelTokenLimit_Unknown
--- PASS: TestGetModelTokenLimit_Unknown (0.00s)
=== RUN   TestNewComputer_GeminiProvider
--- PASS: TestNewComputer_GeminiProvider (0.00s)
=== RUN   TestNewComputer_OpenAIProvider
--- PASS: TestNewComputer_OpenAIProvider (0.00s)
=== RUN   TestNewComputer_LlamaCPPProvider
--- PASS: TestNewComputer_LlamaCPPProvider (0.00s)
=== RUN   TestNewComputer_GeminiDefaults
--- PASS: TestNewComputer_GeminiDefaults (0.00s)
=== RUN   TestNewComputer_GeminiGoogleKeyFallback
--- PASS: TestNewComputer_GeminiGoogleKeyFallback (0.00s)
=== RUN   TestNewComputer_LlamaCPPCrossContamination
--- PASS: TestNewComputer_LlamaCPPCrossContamination (0.00s)
=== RUN   TestNewComputer_OpenAIKeyFromEnv
--- PASS: TestNewComputer_OpenAIKeyFromEnv (0.00s)
=== RUN   TestNewComputerDefaults
--- PASS: TestNewComputerDefaults (0.00s)
=== RUN   TestNewComputerCustom
--- PASS: TestNewComputerCustom (0.00s)
=== RUN   TestComputeEmpty
--- PASS: TestComputeEmpty (0.00s)
=== RUN   TestComputeOllama
--- PASS: TestComputeOllama (0.00s)
=== RUN   TestComputeOpenAI
--- PASS: TestComputeOpenAI (0.00s)
=== RUN   TestComputeSingle
--- PASS: TestComputeSingle (0.00s)
=== RUN   TestComputeBatching
--- PASS: TestComputeBatching (0.00s)
=== RUN   TestComputeServerError
⚠️ Batch 0 failed, retrying one-by-one: POST http://127.0.0.1:50093/api/embed returned 500: internal error
--- PASS: TestComputeServerError (3.35s)
=== RUN   TestComputeUnsupportedProvider
⚠️ Batch 0 failed, retrying one-by-one: unsupported provider: invalid
--- PASS: TestComputeUnsupportedProvider (0.00s)
=== RUN   TestModelName
--- PASS: TestModelName (0.00s)
=== RUN   TestResolveOllamaHost
--- PASS: TestResolveOllamaHost (0.00s)
=== RUN   TestResolveOpenAIBaseURL
--- PASS: TestResolveOpenAIBaseURL (0.00s)
=== RUN   TestGetModelTokenLimitCov2_Ollama
--- PASS: TestGetModelTokenLimitCov2_Ollama (0.00s)
=== RUN   TestTruncateToTokenLimitCov2_Short
--- PASS: TestTruncateToTokenLimitCov2_Short (0.00s)
=== RUN   TestTruncateToTokenLimitCov2_ZeroMax
--- PASS: TestTruncateToTokenLimitCov2_ZeroMax (0.00s)
=== RUN   TestTruncateToTokenLimitCov2_Truncated
--- PASS: TestTruncateToTokenLimitCov2_Truncated (0.00s)
=== RUN   TestTruncateToTokenLimitCov2_SmallMax
--- PASS: TestTruncateToTokenLimitCov2_SmallMax (0.00s)
=== RUN   TestCacheKey
--- PASS: TestCacheKey (0.00s)
=== RUN   TestUint32Float32RoundTrip
--- PASS: TestUint32Float32RoundTrip (0.00s)
=== RUN   TestGetModelTokenLimit
=== RUN   TestGetModelTokenLimit/bge-m3
=== RUN   TestGetModelTokenLimit/nomic-embed-text
=== RUN   TestGetModelTokenLimit/unknown-model
--- PASS: TestGetModelTokenLimit (0.00s)
    --- PASS: TestGetModelTokenLimit/bge-m3 (0.00s)
    --- PASS: TestGetModelTokenLimit/nomic-embed-text (0.00s)
    --- PASS: TestGetModelTokenLimit/unknown-model (0.00s)
=== RUN   TestTruncateToTokenLimit
=== RUN   TestTruncateToTokenLimit/no_truncation
=== RUN   TestTruncateToTokenLimit/empty_text
=== RUN   TestTruncateToTokenLimit/zero_limit
=== RUN   TestTruncateToTokenLimit/negative_limit
=== RUN   TestTruncateToTokenLimit/truncate_long_text
--- PASS: TestTruncateToTokenLimit (0.00s)
    --- PASS: TestTruncateToTokenLimit/no_truncation (0.00s)
    --- PASS: TestTruncateToTokenLimit/empty_text (0.00s)
    --- PASS: TestTruncateToTokenLimit/zero_limit (0.00s)
    --- PASS: TestTruncateToTokenLimit/negative_limit (0.00s)
    --- PASS: TestTruncateToTokenLimit/truncate_long_text (0.00s)
=== RUN   TestCacheSaveLoadRoundTrip
--- PASS: TestCacheSaveLoadRoundTrip (0.01s)
=== RUN   TestCacheClear
--- PASS: TestCacheClear (0.00s)
=== RUN   TestCacheStats
--- PASS: TestCacheStats (0.00s)
=== RUN   TestCacheDimensions
--- PASS: TestCacheDimensions (0.00s)
=== RUN   TestLoadFromDiskCorrupt
--- PASS: TestLoadFromDiskCorrupt (0.00s)
=== RUN   TestLoadFromDiskMissing
--- PASS: TestLoadFromDiskMissing (0.00s)
=== RUN   TestResolveOllamaHostExtended
--- PASS: TestResolveOllamaHostExtended (0.00s)
=== RUN   TestResolveOllamaHostFromEnv
--- PASS: TestResolveOllamaHostFromEnv (0.00s)
=== RUN   TestModelFingerprint_Deterministic
--- PASS: TestModelFingerprint_Deterministic (0.00s)
=== RUN   TestModelFingerprint_CaseInsensitive
--- PASS: TestModelFingerprint_CaseInsensitive (0.00s)
=== RUN   TestModelFingerprint_TrimSpaces
--- PASS: TestModelFingerprint_TrimSpaces (0.00s)
=== RUN   TestModelFingerprint_DifferentModels
--- PASS: TestModelFingerprint_DifferentModels (0.00s)
=== RUN   TestDetectModelChange_NoChange
--- PASS: TestDetectModelChange_NoChange (0.00s)
=== RUN   TestDetectModelChange_Changed
--- PASS: TestDetectModelChange_Changed (0.00s)
=== RUN   TestDetectModelChange_EmptyStrings
--- PASS: TestDetectModelChange_EmptyStrings (0.00s)
=== RUN   TestInvalidateL2CacheForModel_EmptyDir
--- PASS: TestInvalidateL2CacheForModel_EmptyDir (0.00s)
=== RUN   TestInvalidateL2CacheForModel_NonExistentDir
--- PASS: TestInvalidateL2CacheForModel_NonExistentDir (0.00s)
=== RUN   TestInvalidateL2CacheForModel_RemovesBinFiles
--- PASS: TestInvalidateL2CacheForModel_RemovesBinFiles (0.00s)
=== RUN   TestInvalidateOnModelChange_NoChange
--- PASS: TestInvalidateOnModelChange_NoChange (0.00s)
=== RUN   TestInvalidateOnModelChange_WithChange
--- PASS: TestInvalidateOnModelChange_WithChange (0.00s)
=== RUN   TestInvalidateOnModelChange_NilMemo
--- PASS: TestInvalidateOnModelChange_NilMemo (0.01s)
=== RUN   TestInvalidateOnModelChange_PreservesNewModelEntries
--- PASS: TestInvalidateOnModelChange_PreservesNewModelEntries (0.00s)
PASS
ok  	github.com/tevfik/gleann/internal/embedding	3.550s
=== RUN   TestBus_PublishSubscribe
2026/08/17 11:59:50 INFO Pub/Sub closed pubsub_uuid=nk5zTykoMDjX6ERGqh2GD6
--- PASS: TestBus_PublishSubscribe (0.05s)
=== RUN   TestBus_MultipleSubscribers
2026/08/17 11:59:50 INFO Pub/Sub closed pubsub_uuid=LeJdHSFEZSRUruneMdABqP
--- PASS: TestBus_MultipleSubscribers (0.00s)
=== RUN   TestBus_PublishAfterClose
2026/08/17 11:59:50 INFO Pub/Sub closed pubsub_uuid=LcXbR6yxmhxQuYAJ88Dnp5
--- PASS: TestBus_PublishAfterClose (0.00s)
=== RUN   TestBus_NackMessage
2026/08/17 11:59:50 INFO Pub/Sub closed pubsub_uuid=TN7Kq3THLtTS6Ak99eUrn8
--- PASS: TestBus_NackMessage (0.00s)
=== RUN   TestBus_MultipleTopics
2026/08/17 11:59:50 INFO Pub/Sub closed, discarding msg pubsub_uuid=TN7Kq3THLtTS6Ak99eUrn8 message_uuid=89b59393-7f73-4c0c-943b-519ba5bf6e61 topic=nack.topic
2026/08/17 11:59:50 INFO Pub/Sub closed pubsub_uuid=R3k6Hj5TwmXhZtC9BfBFvQ
--- PASS: TestBus_MultipleTopics (0.00s)
=== RUN   TestBus_LifecycleTopics
2026/08/17 11:59:50 INFO Pub/Sub closed pubsub_uuid=fXAuwombyGy7TxWFAnjcF8
--- PASS: TestBus_LifecycleTopics (0.00s)
=== RUN   TestBus_BroadcastStress
2026/08/17 11:59:50 INFO Pub/Sub closed pubsub_uuid=yQ6db6W5DJCUpWDUmPF6W5
--- PASS: TestBus_BroadcastStress (0.00s)
PASS
ok  	github.com/tevfik/gleann/internal/eventbus	0.087s
?   	github.com/tevfik/gleann/internal/graph/indexer	[no test files]
=== RUN   TestBuildBatchAskTool_Name
--- PASS: TestBuildBatchAskTool_Name (0.00s)
=== RUN   TestBuildBatchAskTool_RequiredFields
--- PASS: TestBuildBatchAskTool_RequiredFields (0.00s)
=== RUN   TestBuildBatchAskTool_Properties
--- PASS: TestBuildBatchAskTool_Properties (0.00s)
=== RUN   TestHandleBatchAsk_InvalidArguments
--- PASS: TestHandleBatchAsk_InvalidArguments (0.00s)
=== RUN   TestHandleBatchAsk_MissingQuestions
--- PASS: TestHandleBatchAsk_MissingQuestions (0.00s)
=== RUN   TestHandleBatchAsk_EmptyQuestionsArray
--- PASS: TestHandleBatchAsk_EmptyQuestionsArray (0.00s)
=== RUN   TestHandleBatchAsk_MissingIndex
--- PASS: TestHandleBatchAsk_MissingIndex (0.00s)
=== RUN   TestHandleBatchAsk_IndexNotFound
--- PASS: TestHandleBatchAsk_IndexNotFound (0.00s)
=== RUN   TestHandleBatchAsk_LimitsToMaxQuestions
--- PASS: TestHandleBatchAsk_LimitsToMaxQuestions (0.00s)
=== RUN   TestHandleImpactInvalidArgs
--- PASS: TestHandleImpactInvalidArgs (0.00s)
=== RUN   TestHandleImpactMissingIndex
--- PASS: TestHandleImpactMissingIndex (0.00s)
=== RUN   TestHandleImpactNonexistentIndex
--- PASS: TestHandleImpactNonexistentIndex (0.00s)
=== RUN   TestHandleImpactWithMaxDepth
--- PASS: TestHandleImpactWithMaxDepth (0.00s)
=== RUN   TestHandleGraphNeighborsInvalidArgs
--- PASS: TestHandleGraphNeighborsInvalidArgs (0.00s)
=== RUN   TestHandleGraphNeighborsNonexistentIndex
--- PASS: TestHandleGraphNeighborsNonexistentIndex (0.00s)
=== RUN   TestHandleDocumentLinksInvalidArgs
--- PASS: TestHandleDocumentLinksInvalidArgs (0.00s)
=== RUN   TestHandleDocumentLinksNonexistentIndex
--- PASS: TestHandleDocumentLinksNonexistentIndex (0.00s)
=== RUN   TestHandleSearchInvalidArgs
--- PASS: TestHandleSearchInvalidArgs (0.00s)
=== RUN   TestHandleAskInvalidArgs
--- PASS: TestHandleAskInvalidArgs (0.00s)
=== RUN   TestHandleAskNonexistentIndex
--- PASS: TestHandleAskNonexistentIndex (0.00s)
=== RUN   TestHandleListInvalidArgs
--- PASS: TestHandleListInvalidArgs (0.00s)
=== RUN   TestHandleIndexListResourceHC
--- PASS: TestHandleIndexListResourceHC (0.00s)
=== RUN   TestHandleReadResourceBadURIHC
--- PASS: TestHandleReadResourceBadURIHC (0.00s)
=== RUN   TestHandleSearchMissingIndexHV
--- PASS: TestHandleSearchMissingIndexHV (0.00s)
=== RUN   TestHandleSearchMissingQueryHV
--- PASS: TestHandleSearchMissingQueryHV (0.00s)
=== RUN   TestHandleSearchNonexistentIndex
--- PASS: TestHandleSearchNonexistentIndex (0.00s)
=== RUN   TestHandleListEmptyDir
--- PASS: TestHandleListEmptyDir (0.00s)
=== RUN   TestHandleAskMissingIndexHV
--- PASS: TestHandleAskMissingIndexHV (0.00s)
=== RUN   TestHandleAskMissingQuestionHV
--- PASS: TestHandleAskMissingQuestionHV (0.00s)
=== RUN   TestHandleGraphNeighborsMissingSymbolHV
--- PASS: TestHandleGraphNeighborsMissingSymbolHV (0.00s)
=== RUN   TestHandleGraphNeighborsMissingIndexHV
--- PASS: TestHandleGraphNeighborsMissingIndexHV (0.00s)
=== RUN   TestHandleImpactMissingSymbolHV
--- PASS: TestHandleImpactMissingSymbolHV (0.00s)
=== RUN   TestHandleDocumentLinksMissingIndexHV
--- PASS: TestHandleDocumentLinksMissingIndexHV (0.00s)
=== RUN   TestHandleDocumentLinksMissingFileHV
--- PASS: TestHandleDocumentLinksMissingFileHV (0.00s)
=== RUN   TestHandleSearchIDsMissingIndex
--- PASS: TestHandleSearchIDsMissingIndex (0.00s)
=== RUN   TestHandleSearchIDsMissingQuery
--- PASS: TestHandleSearchIDsMissingQuery (0.00s)
=== RUN   TestHandleFetchMissingIndex
--- PASS: TestHandleFetchMissingIndex (0.00s)
=== RUN   TestHandleFetchMissingIDs
--- PASS: TestHandleFetchMissingIDs (0.00s)
=== RUN   TestHandleGetMissingIndex
--- PASS: TestHandleGetMissingIndex (0.00s)
=== RUN   TestHandleGetMissingID
--- PASS: TestHandleGetMissingID (0.00s)
=== RUN   TestHandleSearchMultiMissingIndexesHV
--- PASS: TestHandleSearchMultiMissingIndexesHV (0.00s)
=== RUN   TestHandleSearchMultiMissingQueryHV
--- PASS: TestHandleSearchMultiMissingQueryHV (0.00s)
=== RUN   TestHandleBatchAskMissingIndex
--- PASS: TestHandleBatchAskMissingIndex (0.00s)
=== RUN   TestHandleBatchAskMissingQuestions
--- PASS: TestHandleBatchAskMissingQuestions (0.00s)
=== RUN   TestTouchLRUMovesToEnd
--- PASS: TestTouchLRUMovesToEnd (0.00s)
=== RUN   TestEvictOldestEmpty
--- PASS: TestEvictOldestEmpty (0.00s)
=== RUN   TestEvictOldestRemoves
--- PASS: TestEvictOldestRemoves (0.00s)
=== RUN   TestHandleSessionStartNoSessionHV
--- PASS: TestHandleSessionStartNoSessionHV (0.00s)
=== RUN   TestHandleSessionEndNoSessionHV
--- PASS: TestHandleSessionEndNoSessionHV (0.00s)
=== RUN   TestHandleSessionStatusNoSessionHV
--- PASS: TestHandleSessionStatusNoSessionHV (0.00s)
=== RUN   TestHandleInjectKGStub
--- PASS: TestHandleInjectKGStub (0.00s)
=== RUN   TestHandleDeleteEntityStub
--- PASS: TestHandleDeleteEntityStub (0.00s)
=== RUN   TestHandleTraverseKGStub
--- PASS: TestHandleTraverseKGStub (0.00s)
=== RUN   TestHandleReadResourceInvalidURI
--- PASS: TestHandleReadResourceInvalidURI (0.00s)
=== RUN   TestHandleReadResourceNonexistentIndex
--- PASS: TestHandleReadResourceNonexistentIndex (0.00s)
=== RUN   TestHandleList_NoIndexes
--- PASS: TestHandleList_NoIndexes (0.04s)
=== RUN   TestHandleList_WithIndexesCov2
    mcp_cov2_test.go:70: no indexes found — ListIndexes may need backend files
--- PASS: TestHandleList_WithIndexesCov2 (0.00s)
=== RUN   TestHandleSearch_InvalidArgs
--- PASS: TestHandleSearch_InvalidArgs (0.03s)
=== RUN   TestHandleSearch_IndexNotFound
--- PASS: TestHandleSearch_IndexNotFound (0.02s)
=== RUN   TestHandleSearch_WithFiltersAndTopK
--- PASS: TestHandleSearch_WithFiltersAndTopK (0.02s)
=== RUN   TestHandleAsk_InvalidArgs
--- PASS: TestHandleAsk_InvalidArgs (0.07s)
=== RUN   TestHandleAsk_MissingFields
--- PASS: TestHandleAsk_MissingFields (0.02s)
=== RUN   TestHandleAsk_EmptyIndexAndQuestion
--- PASS: TestHandleAsk_EmptyIndexAndQuestion (0.08s)
=== RUN   TestHandleAsk_IndexNotFound
--- PASS: TestHandleAsk_IndexNotFound (0.02s)
=== RUN   TestHandleAsk_WithFilters
--- PASS: TestHandleAsk_WithFilters (0.02s)
=== RUN   TestHandleGraphNeighbors_InvalidArgs
--- PASS: TestHandleGraphNeighbors_InvalidArgs (0.02s)
=== RUN   TestHandleGraphNeighbors_MissingFields
--- PASS: TestHandleGraphNeighbors_MissingFields (0.01s)
=== RUN   TestHandleGraphNeighbors_EmptyFields
--- PASS: TestHandleGraphNeighbors_EmptyFields (0.01s)
=== RUN   TestHandleGraphNeighbors_IndexNotFound
--- PASS: TestHandleGraphNeighbors_IndexNotFound (0.02s)
=== RUN   TestHandleDocumentLinks_InvalidArgs
--- PASS: TestHandleDocumentLinks_InvalidArgs (0.02s)
=== RUN   TestHandleDocumentLinks_MissingFields
--- PASS: TestHandleDocumentLinks_MissingFields (0.03s)
=== RUN   TestHandleDocumentLinks_EmptyFields
--- PASS: TestHandleDocumentLinks_EmptyFields (0.02s)
=== RUN   TestHandleDocumentLinks_IndexNotFound
--- PASS: TestHandleDocumentLinks_IndexNotFound (0.02s)
=== RUN   TestHandleImpact_InvalidArgs
--- PASS: TestHandleImpact_InvalidArgs (0.02s)
=== RUN   TestHandleImpact_MissingFields
--- PASS: TestHandleImpact_MissingFields (0.02s)
=== RUN   TestHandleImpact_EmptyFields
--- PASS: TestHandleImpact_EmptyFields (0.03s)
=== RUN   TestHandleImpact_IndexNotFound
--- PASS: TestHandleImpact_IndexNotFound (0.05s)
=== RUN   TestHandleImpact_MaxDepthParsing
--- PASS: TestHandleImpact_MaxDepthParsing (0.02s)
=== RUN   TestHandleSearchMulti_NoIndexes
--- PASS: TestHandleSearchMulti_NoIndexes (0.02s)
=== RUN   TestHandleSearchMulti_WithIndexNames
--- PASS: TestHandleSearchMulti_WithIndexNames (0.03s)
=== RUN   TestHandleSearchMulti_InvalidArgs
--- PASS: TestHandleSearchMulti_InvalidArgs (0.02s)
=== RUN   TestHandleBatchAsk_InvalidArgs
--- PASS: TestHandleBatchAsk_InvalidArgs (0.02s)
=== RUN   TestHandleBatchAsk_MissingQuestionsCov2
--- PASS: TestHandleBatchAsk_MissingQuestionsCov2 (0.04s)
=== RUN   TestHandleBatchAsk_QuestionsNotArray
--- PASS: TestHandleBatchAsk_QuestionsNotArray (0.02s)
=== RUN   TestHandleBatchAsk_EmptyQuestions
--- PASS: TestHandleBatchAsk_EmptyQuestions (0.03s)
=== RUN   TestHandleBatchAsk_MissingIndexCov2
--- PASS: TestHandleBatchAsk_MissingIndexCov2 (0.02s)
=== RUN   TestHandleBatchAsk_TruncatesQuestions
--- PASS: TestHandleBatchAsk_TruncatesQuestions (0.02s)
=== RUN   TestHandleBatchAsk_IndexNotFoundCov2
--- PASS: TestHandleBatchAsk_IndexNotFoundCov2 (0.03s)
=== RUN   TestHandleSearchIDs_InvalidArgs
--- PASS: TestHandleSearchIDs_InvalidArgs (0.02s)
=== RUN   TestHandleSearchIDs_IndexNotFound
--- PASS: TestHandleSearchIDs_IndexNotFound (0.02s)
=== RUN   TestHandleSearchIDs_WithFiltersAndTopK
--- PASS: TestHandleSearchIDs_WithFiltersAndTopK (0.02s)
=== RUN   TestHandleFetch_InvalidArgs
--- PASS: TestHandleFetch_InvalidArgs (0.02s)
=== RUN   TestHandleFetch_MissingIds
--- PASS: TestHandleFetch_MissingIds (0.02s)
=== RUN   TestHandleFetch_IndexNotFound
--- PASS: TestHandleFetch_IndexNotFound (0.02s)
=== RUN   TestHandleFetch_MixedIDTypes
--- PASS: TestHandleFetch_MixedIDTypes (0.02s)
=== RUN   TestHandleGet_InvalidArgs
--- PASS: TestHandleGet_InvalidArgs (0.02s)
=== RUN   TestHandleIndexListResource_Empty
--- PASS: TestHandleIndexListResource_Empty (0.02s)
=== RUN   TestHandleIndexListResource_WithIndexes
--- PASS: TestHandleIndexListResource_WithIndexes (0.00s)
=== RUN   TestHandleReadResource_BadScheme
--- PASS: TestHandleReadResource_BadScheme (0.02s)
=== RUN   TestHandleReadResource_NoSlash
--- PASS: TestHandleReadResource_NoSlash (0.02s)
=== RUN   TestHandleReadResource_IndexNotFound
--- PASS: TestHandleReadResource_IndexNotFound (0.03s)
=== RUN   TestParseFilters_NoFilters
--- PASS: TestParseFilters_NoFilters (0.00s)
=== RUN   TestParseFilters_WithFilters
--- PASS: TestParseFilters_WithFilters (0.00s)
=== RUN   TestParseFilters_PartialFilter
--- PASS: TestParseFilters_PartialFilter (0.00s)
=== RUN   TestParseFilters_NonMapFilter
--- PASS: TestParseFilters_NonMapFilter (0.00s)
=== RUN   TestEvictOldest_Empty
--- PASS: TestEvictOldest_Empty (0.02s)
=== RUN   TestEvictOldest_WithSearcher
--- PASS: TestEvictOldest_WithSearcher (0.02s)
=== RUN   TestTouchLRU
--- PASS: TestTouchLRU (0.02s)
=== RUN   TestTouchLRU_NotFound
--- PASS: TestTouchLRU_NotFound (0.02s)
=== RUN   TestGetSearcher_CacheHit
--- PASS: TestGetSearcher_CacheHit (0.02s)
=== RUN   TestServerCloseCov2
--- PASS: TestServerCloseCov2 (0.02s)
=== RUN   TestServerClose_NilPools
--- PASS: TestServerClose_NilPools (0.00s)
=== RUN   TestSessionLifecycle
--- PASS: TestSessionLifecycle (0.08s)
=== RUN   TestSessionStart_ReplacesPreviousSession
--- PASS: TestSessionStart_ReplacesPreviousSession (0.05s)
=== RUN   TestMemoryRemember_WithAllOptions
--- PASS: TestMemoryRemember_WithAllOptions (0.03s)
=== RUN   TestMemoryRemember_DefaultTier
--- PASS: TestMemoryRemember_DefaultTier (0.03s)
=== RUN   TestMemorySearch_AfterRemember
--- PASS: TestMemorySearch_AfterRemember (0.04s)
=== RUN   TestMemoryList_AllTiers
--- PASS: TestMemoryList_AllTiers (0.05s)
=== RUN   TestMemoryList_Empty
--- PASS: TestMemoryList_Empty (0.02s)
=== RUN   TestMemoryForget_AfterRemember
--- PASS: TestMemoryForget_AfterRemember (0.03s)
=== RUN   TestMemoryContext_AfterRemember
--- PASS: TestMemoryContext_AfterRemember (0.06s)
=== RUN   TestMemoryContext_Empty
--- PASS: TestMemoryContext_Empty (0.04s)
=== RUN   TestHandleGet_ValidRefFormatButMissingIndex
--- PASS: TestHandleGet_ValidRefFormatButMissingIndex (0.10s)
=== RUN   TestHandleGet_InvalidRefNoColon
--- PASS: TestHandleGet_InvalidRefNoColon (0.03s)
=== RUN   TestHandleGet_InvalidRefEmptyParts
--- PASS: TestHandleGet_InvalidRefEmptyParts (0.03s)
=== RUN   TestHandleGet_InvalidRefBadID
--- PASS: TestHandleGet_InvalidRefBadID (0.03s)
=== RUN   TestHandleFetch_InvalidIDTypes
--- PASS: TestHandleFetch_InvalidIDTypes (0.02s)
=== RUN   TestHandleFetch_EmptyIDsArray
--- PASS: TestHandleFetch_EmptyIDsArray (0.05s)
=== RUN   TestHandleSearchMulti_EmptyQuery
--- PASS: TestHandleSearchMulti_EmptyQuery (0.03s)
=== RUN   TestHandleBatchAsk_WhitespaceOnlyQuestions
--- PASS: TestHandleBatchAsk_WhitespaceOnlyQuestions (0.03s)
=== RUN   TestHandleBatchAsk_ConcurrencyLimit
--- PASS: TestHandleBatchAsk_ConcurrencyLimit (0.07s)
=== RUN   TestHandleSearchIDs_WithTopK
--- PASS: TestHandleSearchIDs_WithTopK (0.04s)
=== RUN   TestHandleSearchIDs_WithFilters
--- PASS: TestHandleSearchIDs_WithFilters (0.05s)
=== RUN   TestHandleSearch_WithGraphContext
--- PASS: TestHandleSearch_WithGraphContext (0.00s)
=== RUN   TestHandleSearch_WithTopKAndFilters
--- PASS: TestHandleSearch_WithTopKAndFilters (0.00s)
=== RUN   TestHandleAsk_WithGraphContext
--- PASS: TestHandleAsk_WithGraphContext (0.00s)
=== RUN   TestParseFiltersExtended
=== RUN   TestParseFiltersExtended/empty_args
=== RUN   TestParseFiltersExtended/no_filters_key
=== RUN   TestParseFiltersExtended/single_filter
=== RUN   TestParseFiltersExtended/multiple_filters
=== RUN   TestParseFiltersExtended/or_logic
=== RUN   TestParseFiltersExtended/invalid_logic_falls_back_to_and
=== RUN   TestParseFiltersExtended/malformed_filter_entry
=== RUN   TestParseFiltersExtended/incomplete_filter_(missing_value)
=== RUN   TestParseFiltersExtended/filters_not_a_slice
--- PASS: TestParseFiltersExtended (0.00s)
    --- PASS: TestParseFiltersExtended/empty_args (0.00s)
    --- PASS: TestParseFiltersExtended/no_filters_key (0.00s)
    --- PASS: TestParseFiltersExtended/single_filter (0.00s)
    --- PASS: TestParseFiltersExtended/multiple_filters (0.00s)
    --- PASS: TestParseFiltersExtended/or_logic (0.00s)
    --- PASS: TestParseFiltersExtended/invalid_logic_falls_back_to_and (0.00s)
    --- PASS: TestParseFiltersExtended/malformed_filter_entry (0.00s)
    --- PASS: TestParseFiltersExtended/incomplete_filter_(missing_value) (0.00s)
    --- PASS: TestParseFiltersExtended/filters_not_a_slice (0.00s)
=== RUN   TestParseFiltersOperators
--- PASS: TestParseFiltersOperators (0.00s)
=== RUN   TestNewServerConfig
--- PASS: TestNewServerConfig (0.00s)
=== RUN   TestServerGetSearcherError
--- PASS: TestServerGetSearcherError (0.00s)
=== RUN   TestRegisterPrompts
--- PASS: TestRegisterPrompts (0.00s)
=== RUN   TestHandleRootsListChanged_NoSession
2026/08/17 11:59:53 Failed to request roots from client: no active client session
--- PASS: TestHandleRootsListChanged_NoSession (0.00s)
=== RUN   TestRootsDirectoryTransformation
--- PASS: TestRootsDirectoryTransformation (0.00s)
=== RUN   TestBuildSearchToolExt3
--- PASS: TestBuildSearchToolExt3 (0.00s)
=== RUN   TestBuildListToolExt3
--- PASS: TestBuildListToolExt3 (0.00s)
=== RUN   TestBuildAskToolExt3
--- PASS: TestBuildAskToolExt3 (0.03s)
=== RUN   TestBuildGraphNeighborsToolExt3
--- PASS: TestBuildGraphNeighborsToolExt3 (0.00s)
=== RUN   TestBuildDocumentLinksToolExt3
--- PASS: TestBuildDocumentLinksToolExt3 (0.00s)
=== RUN   TestBuildImpactToolExt3
--- PASS: TestBuildImpactToolExt3 (0.00s)
=== RUN   TestBuildSearchIDsToolExt3
--- PASS: TestBuildSearchIDsToolExt3 (0.00s)
=== RUN   TestBuildFetchToolExt3
--- PASS: TestBuildFetchToolExt3 (0.00s)
=== RUN   TestBuildGetToolExt3
--- PASS: TestBuildGetToolExt3 (0.00s)
=== RUN   TestBuildSearchMultiToolExt3
--- PASS: TestBuildSearchMultiToolExt3 (0.00s)
=== RUN   TestBuildBatchAskToolExt3
--- PASS: TestBuildBatchAskToolExt3 (0.00s)
=== RUN   TestBuildSessionStartToolExt3
--- PASS: TestBuildSessionStartToolExt3 (0.00s)
=== RUN   TestBuildSessionEndToolExt3
--- PASS: TestBuildSessionEndToolExt3 (0.00s)
=== RUN   TestBuildSessionStatusToolExt3
--- PASS: TestBuildSessionStatusToolExt3 (0.00s)
=== RUN   TestBuildMemoryRememberToolExt3
--- PASS: TestBuildMemoryRememberToolExt3 (0.00s)
=== RUN   TestBuildMemoryForgetToolExt3
--- PASS: TestBuildMemoryForgetToolExt3 (0.00s)
=== RUN   TestBuildMemorySearchToolExt3
--- PASS: TestBuildMemorySearchToolExt3 (0.00s)
=== RUN   TestBuildMemoryListToolExt3
--- PASS: TestBuildMemoryListToolExt3 (0.00s)
=== RUN   TestBuildMemoryContextToolExt3
--- PASS: TestBuildMemoryContextToolExt3 (0.00s)
=== RUN   TestHandleSearchInvalidArgsExt3
--- PASS: TestHandleSearchInvalidArgsExt3 (0.00s)
=== RUN   TestHandleSearchNonexistentIndexExt3
--- PASS: TestHandleSearchNonexistentIndexExt3 (0.00s)
=== RUN   TestHandleAskInvalidArgsExt3
--- PASS: TestHandleAskInvalidArgsExt3 (0.00s)
=== RUN   TestHandleAskEmptyFieldsExt3
--- PASS: TestHandleAskEmptyFieldsExt3 (0.00s)
=== RUN   TestHandleGraphNeighborsInvalidArgsExt3
--- PASS: TestHandleGraphNeighborsInvalidArgsExt3 (0.00s)
=== RUN   TestHandleGraphNeighborsEmptyFieldsExt3
--- PASS: TestHandleGraphNeighborsEmptyFieldsExt3 (0.00s)
=== RUN   TestHandleDocumentLinksInvalidArgsExt3
--- PASS: TestHandleDocumentLinksInvalidArgsExt3 (0.00s)
=== RUN   TestHandleDocumentLinksEmptyExt3
--- PASS: TestHandleDocumentLinksEmptyExt3 (0.00s)
=== RUN   TestHandleImpactInvalidArgsExt3
--- PASS: TestHandleImpactInvalidArgsExt3 (0.00s)
=== RUN   TestHandleImpactEmptyExt3
--- PASS: TestHandleImpactEmptyExt3 (0.00s)
=== RUN   TestHandleSearchIDsInvalidArgsExt3
--- PASS: TestHandleSearchIDsInvalidArgsExt3 (0.00s)
=== RUN   TestHandleListEmptyIndexDirExt3
--- PASS: TestHandleListEmptyIndexDirExt3 (0.00s)
=== RUN   TestHandleSearchMultiInvalidArgsExt3
--- PASS: TestHandleSearchMultiInvalidArgsExt3 (0.00s)
=== RUN   TestHandleBatchAskInvalidArgsExt3
--- PASS: TestHandleBatchAskInvalidArgsExt3 (0.00s)
=== RUN   TestHandleSessionStatusNoActiveExt3
--- PASS: TestHandleSessionStatusNoActiveExt3 (0.00s)
=== RUN   TestHandleSessionStartInvalidArgsExt3
--- PASS: TestHandleSessionStartInvalidArgsExt3 (0.00s)
=== RUN   TestHandleSessionStartEmptyNameExt3
--- PASS: TestHandleSessionStartEmptyNameExt3 (0.00s)
=== RUN   TestHandleSessionEndNoActiveExt3
--- PASS: TestHandleSessionEndNoActiveExt3 (0.00s)
=== RUN   TestHandleMemoryRememberInvalidArgsExt3
--- PASS: TestHandleMemoryRememberInvalidArgsExt3 (0.00s)
=== RUN   TestHandleMemoryRememberEmptyContentExt3
--- PASS: TestHandleMemoryRememberEmptyContentExt3 (0.00s)
=== RUN   TestHandleMemoryRememberBadTierExt3
--- PASS: TestHandleMemoryRememberBadTierExt3 (0.00s)
=== RUN   TestHandleMemoryForgetInvalidArgsExt3
--- PASS: TestHandleMemoryForgetInvalidArgsExt3 (0.00s)
=== RUN   TestHandleMemoryForgetEmptyExt3
--- PASS: TestHandleMemoryForgetEmptyExt3 (0.00s)
=== RUN   TestHandleMemorySearchInvalidArgsExt3
--- PASS: TestHandleMemorySearchInvalidArgsExt3 (0.00s)
=== RUN   TestHandleMemorySearchEmptyExt3
--- PASS: TestHandleMemorySearchEmptyExt3 (0.00s)
=== RUN   TestHandleMemoryListNoTierExt3
--- PASS: TestHandleMemoryListNoTierExt3 (0.04s)
=== RUN   TestHandleMemoryListBadTierExt3
--- PASS: TestHandleMemoryListBadTierExt3 (0.00s)
=== RUN   TestParseFiltersWithBadItemExt3
--- PASS: TestParseFiltersWithBadItemExt3 (0.00s)
=== RUN   TestParseFiltersOrLogicExt3
--- PASS: TestParseFiltersOrLogicExt3 (0.00s)
=== RUN   TestParseFiltersInvalidLogicExt3
--- PASS: TestParseFiltersInvalidLogicExt3 (0.00s)
=== RUN   TestParseFiltersMissingFieldsExt3
--- PASS: TestParseFiltersMissingFieldsExt3 (0.00s)
=== RUN   TestBlockMemPoolCloseNilExt3
--- PASS: TestBlockMemPoolCloseNilExt3 (0.00s)
=== RUN   TestMCPMemoryPoolExt3
--- PASS: TestMCPMemoryPoolExt3 (0.00s)
=== RUN   TestHandleReadResourceBadURIExt3
--- PASS: TestHandleReadResourceBadURIExt3 (0.00s)
=== RUN   TestHandleReadResourceBadFormatExt3
--- PASS: TestHandleReadResourceBadFormatExt3 (0.00s)
=== RUN   TestSessionLogNoActiveSessionExt3
--- PASS: TestSessionLogNoActiveSessionExt3 (0.00s)
=== RUN   TestHandleFetchInvalidArgsExt3
--- PASS: TestHandleFetchInvalidArgsExt3 (0.00s)
=== RUN   TestHandleGetInvalidArgsExt3
--- PASS: TestHandleGetInvalidArgsExt3 (0.00s)
=== RUN   TestHandleMemoryContextInvalidArgsExt3
--- PASS: TestHandleMemoryContextInvalidArgsExt3 (0.01s)
=== RUN   TestNewServerExtended
--- PASS: TestNewServerExtended (0.00s)
=== RUN   TestNewServerDefaultVersion
--- PASS: TestNewServerDefaultVersion (0.00s)
=== RUN   TestServerClose
--- PASS: TestServerClose (0.00s)
=== RUN   TestServerGetSearcherErrorExt
--- PASS: TestServerGetSearcherErrorExt (0.00s)
=== RUN   TestServerTouchLRU
--- PASS: TestServerTouchLRU (0.00s)
=== RUN   TestServerEvictOldest
--- PASS: TestServerEvictOldest (0.00s)
=== RUN   TestServerEvictOldestEmpty
--- PASS: TestServerEvictOldestEmpty (0.00s)
=== RUN   TestMaxCachedSearchersExt
--- PASS: TestMaxCachedSearchersExt (0.00s)
=== RUN   TestNewServer_ToolRegistration
--- PASS: TestNewServer_ToolRegistration (0.00s)
=== RUN   TestNewServer_ToolNames
--- PASS: TestNewServer_ToolNames (0.00s)
=== RUN   TestParseFilters
=== RUN   TestParseFilters/no_filters
=== RUN   TestParseFilters/single_filter
=== RUN   TestParseFilters/multiple_filters_with_or_logic
=== RUN   TestParseFilters/invalid_filter_entry_skipped
=== RUN   TestParseFilters/invalid_logic_defaults_to_and
--- PASS: TestParseFilters (0.00s)
    --- PASS: TestParseFilters/no_filters (0.00s)
    --- PASS: TestParseFilters/single_filter (0.00s)
    --- PASS: TestParseFilters/multiple_filters_with_or_logic (0.00s)
    --- PASS: TestParseFilters/invalid_filter_entry_skipped (0.00s)
    --- PASS: TestParseFilters/invalid_logic_defaults_to_and (0.00s)
=== RUN   TestHandleList_EmptyIndexDir
--- PASS: TestHandleList_EmptyIndexDir (0.00s)
=== RUN   TestHandleList_WithIndexes
--- PASS: TestHandleList_WithIndexes (0.00s)
=== RUN   TestBuildSearchTool_Schema
--- PASS: TestBuildSearchTool_Schema (0.00s)
=== RUN   TestLRUEviction
--- PASS: TestLRUEviction (0.00s)
=== RUN   TestMaxCachedSearchers
--- PASS: TestMaxCachedSearchers (0.00s)
=== RUN   TestShellTool_Build
--- PASS: TestShellTool_Build (0.00s)
=== RUN   TestShellTool_HandleShell_GitStatus
--- PASS: TestShellTool_HandleShell_GitStatus (0.00s)
=== RUN   TestShellTool_HandleShell_MissingCommand
--- PASS: TestShellTool_HandleShell_MissingCommand (0.00s)
=== RUN   TestShellTool_HandleShell_InvalidArgs
--- PASS: TestShellTool_HandleShell_InvalidArgs (0.00s)
=== RUN   TestReadTool_Build
--- PASS: TestReadTool_Build (0.00s)
=== RUN   TestReadTool_HandleRead_Auto
--- PASS: TestReadTool_HandleRead_Auto (0.00s)
=== RUN   TestReadTool_HandleRead_Map
--- PASS: TestReadTool_HandleRead_Map (0.00s)
=== RUN   TestReadTool_HandleRead_Lines
--- PASS: TestReadTool_HandleRead_Lines (0.00s)
=== RUN   TestReadTool_HandleRead_MissingPath
--- PASS: TestReadTool_HandleRead_MissingPath (0.00s)
=== RUN   TestReadTool_HandleRead_FileNotFound
--- PASS: TestReadTool_HandleRead_FileNotFound (0.00s)
=== RUN   TestGainTool_Build
--- PASS: TestGainTool_Build (0.00s)
=== RUN   TestGainTool_HandleGain_Report
--- PASS: TestGainTool_HandleGain_Report (0.00s)
=== RUN   TestGainTool_HandleGain_Reset
--- PASS: TestGainTool_HandleGain_Reset (0.00s)
=== RUN   TestBuildAskToolSchema
--- PASS: TestBuildAskToolSchema (0.00s)
=== RUN   TestBuildImpactToolSchema
--- PASS: TestBuildImpactToolSchema (0.00s)
=== RUN   TestBuildSearchMultiToolSchema
--- PASS: TestBuildSearchMultiToolSchema (0.00s)
=== RUN   TestBuildSearchIDsToolSchema
--- PASS: TestBuildSearchIDsToolSchema (0.00s)
=== RUN   TestBuildFetchToolSchema
--- PASS: TestBuildFetchToolSchema (0.00s)
=== RUN   TestBuildGetToolSchema
--- PASS: TestBuildGetToolSchema (0.00s)
=== RUN   TestBuildSessionStartToolSchema
--- PASS: TestBuildSessionStartToolSchema (0.00s)
=== RUN   TestBuildSessionEndToolSchema
--- PASS: TestBuildSessionEndToolSchema (0.00s)
=== RUN   TestBuildSessionStatusToolSchema
--- PASS: TestBuildSessionStatusToolSchema (0.00s)
=== RUN   TestBuildMemoryRememberToolSchema
--- PASS: TestBuildMemoryRememberToolSchema (0.00s)
=== RUN   TestBuildMemoryForgetToolSchema
--- PASS: TestBuildMemoryForgetToolSchema (0.00s)
=== RUN   TestBuildMemorySearchToolSchema
--- PASS: TestBuildMemorySearchToolSchema (0.00s)
=== RUN   TestBuildMemoryListToolSchema
--- PASS: TestBuildMemoryListToolSchema (0.00s)
=== RUN   TestBuildMemoryContextToolSchema
--- PASS: TestBuildMemoryContextToolSchema (0.00s)
=== RUN   TestBuildDocumentLinksToolSchema
--- PASS: TestBuildDocumentLinksToolSchema (0.00s)
=== RUN   TestHandleAskMissingArgs
--- PASS: TestHandleAskMissingArgs (0.00s)
=== RUN   TestHandleAskMissingQuestion
--- PASS: TestHandleAskMissingQuestion (0.00s)
=== RUN   TestHandleSearchMissingQuery
--- PASS: TestHandleSearchMissingQuery (0.00s)
=== RUN   TestHandleGraphNeighborsMissingSymbol
--- PASS: TestHandleGraphNeighborsMissingSymbol (0.00s)
=== RUN   TestHandleDocumentLinksMissingIndex
--- PASS: TestHandleDocumentLinksMissingIndex (0.00s)
=== RUN   TestHandleImpactMissingArgs
--- PASS: TestHandleImpactMissingArgs (0.00s)
=== RUN   TestHandleSearchMultiMissingQuery
--- PASS: TestHandleSearchMultiMissingQuery (0.00s)
=== RUN   TestHandleSearchIDsMissingArgs
--- PASS: TestHandleSearchIDsMissingArgs (0.00s)
=== RUN   TestHandleFetchMissingArgs
--- PASS: TestHandleFetchMissingArgs (0.00s)
=== RUN   TestHandleGetMissingArgs
--- PASS: TestHandleGetMissingArgs (0.00s)
=== RUN   TestHandleSessionStartEmpty
--- PASS: TestHandleSessionStartEmpty (0.00s)
=== RUN   TestHandleSessionStatusNoSession
--- PASS: TestHandleSessionStatusNoSession (0.00s)
=== RUN   TestHandleSessionEndNoSession
--- PASS: TestHandleSessionEndNoSession (0.00s)
=== RUN   TestHandleMemoryRememberMissingContent
--- PASS: TestHandleMemoryRememberMissingContent (0.00s)
=== RUN   TestHandleMemoryRememberInvalidTier
--- PASS: TestHandleMemoryRememberInvalidTier (0.00s)
=== RUN   TestHandleMemoryForgetMissingIDOrQuery
--- PASS: TestHandleMemoryForgetMissingIDOrQuery (0.00s)
=== RUN   TestHandleMemorySearchMissingQuery
--- PASS: TestHandleMemorySearchMissingQuery (0.00s)
=== RUN   TestHandleMemoryListInvalidTier
--- PASS: TestHandleMemoryListInvalidTier (0.00s)
=== RUN   TestMemoryRememberAndSearch
--- PASS: TestMemoryRememberAndSearch (0.57s)
=== RUN   TestMemoryRememberAndList
--- PASS: TestMemoryRememberAndList (0.07s)
=== RUN   TestMemoryRememberAndForget
--- PASS: TestMemoryRememberAndForget (0.14s)
=== RUN   TestMemoryContext
--- PASS: TestMemoryContext (0.04s)
=== RUN   TestHandleIndexListResource
--- PASS: TestHandleIndexListResource (0.00s)
=== RUN   TestHandleReadResourceInvalid
--- PASS: TestHandleReadResourceInvalid (0.00s)
=== RUN   TestBlockMemPoolClose
--- PASS: TestBlockMemPoolClose (0.00s)
=== RUN   TestBlockMemPoolGetAndClose
--- PASS: TestBlockMemPoolGetAndClose (0.03s)
=== RUN   TestSessionLogNoSession
--- PASS: TestSessionLogNoSession (0.00s)
PASS
ok  	github.com/tevfik/gleann/internal/mcp	3.271s
=== RUN   TestAudioRouting_ViaPlugin
--- PASS: TestAudioRouting_ViaPlugin (0.01s)
=== RUN   TestAudioRouting_NoPluginNonAudioModel
--- PASS: TestAudioRouting_NoPluginNonAudioModel (0.00s)
=== RUN   TestFileFingerprint_ChangesWithInputs
--- PASS: TestFileFingerprint_ChangesWithInputs (0.00s)
=== RUN   TestCache_HitMissCycle
--- PASS: TestCache_HitMissCycle (0.00s)
=== RUN   TestCache_DisabledByEnv
--- PASS: TestCache_DisabledByEnv (0.00s)
=== RUN   TestDescriptionPrompt_Locale
--- PASS: TestDescriptionPrompt_Locale (0.00s)
=== RUN   TestNewProcessor_LangFromEnv
--- PASS: TestNewProcessor_LangFromEnv (0.00s)
=== RUN   TestProcessDirectory_Empty
--- PASS: TestProcessDirectory_Empty (0.00s)
=== RUN   TestProcessDirectory_NoModel
--- PASS: TestProcessDirectory_NoModel (0.00s)
=== RUN   TestProcessDirectory_SkipExts
warning: multimodal processing failed for C:\Users\RUNNER~1\AppData\Local\Temp\TestProcessDirectory_SkipExts1361204632\001\photo.png: ollama request failed: Post "http://localhost:19999/api/chat": dial tcp [::1]:19999: connectex: No connection could be made because the target machine actively refused it.
--- PASS: TestProcessDirectory_SkipExts (0.02s)
=== RUN   TestProcessDirectory_ProgressCallback
warning: multimodal processing failed for C:\Users\RUNNER~1\AppData\Local\Temp\TestProcessDirectory_ProgressCallback4137021059\001\b.jpg: ollama request failed: Post "http://localhost:19999/api/chat": dial tcp [::1]:19999: connectex: No connection could be made because the target machine actively refused it.
warning: multimodal processing failed for C:\Users\RUNNER~1\AppData\Local\Temp\TestProcessDirectory_ProgressCallback4137021059\001\a.png: ollama request failed: Post "http://localhost:19999/api/chat": dial tcp [::1]:19999: connectex: No connection could be made because the target machine actively refused it.
--- PASS: TestProcessDirectory_ProgressCallback (0.00s)
=== RUN   TestMediaTypeName
--- PASS: TestMediaTypeName (0.00s)
=== RUN   TestExtractFileMetadata_PNG
--- PASS: TestExtractFileMetadata_PNG (0.00s)
=== RUN   TestExtractFileMetadata_Missing
--- PASS: TestExtractFileMetadata_Missing (0.00s)
=== RUN   TestExtractFileMetadata_NonImage
--- PASS: TestExtractFileMetadata_NonImage (0.00s)
=== RUN   TestDetectMediaTypeCov2
--- PASS: TestDetectMediaTypeCov2 (0.00s)
=== RUN   TestIsMultimodalCov2
--- PASS: TestIsMultimodalCov2 (0.00s)
=== RUN   TestMediaTypeStringsCov2
--- PASS: TestMediaTypeStringsCov2 (0.00s)
=== RUN   TestApplyModelHeuristics_Llava
--- PASS: TestApplyModelHeuristics_Llava (0.00s)
=== RUN   TestApplyModelHeuristics_Gemma4
--- PASS: TestApplyModelHeuristics_Gemma4 (0.00s)
=== RUN   TestApplyModelHeuristics_QwenVL
--- PASS: TestApplyModelHeuristics_QwenVL (0.00s)
=== RUN   TestApplyModelHeuristics_Qwen3VL
--- PASS: TestApplyModelHeuristics_Qwen3VL (0.00s)
=== RUN   TestApplyModelHeuristics_MiniCPMV
--- PASS: TestApplyModelHeuristics_MiniCPMV (0.00s)
=== RUN   TestApplyModelHeuristics_Moondream
--- PASS: TestApplyModelHeuristics_Moondream (0.00s)
=== RUN   TestApplyModelHeuristics_Bakllava
--- PASS: TestApplyModelHeuristics_Bakllava (0.00s)
=== RUN   TestApplyModelHeuristics_NonMultimodal
--- PASS: TestApplyModelHeuristics_NonMultimodal (0.00s)
=== RUN   TestApplyModelHeuristics_AlreadyHasVision
--- PASS: TestApplyModelHeuristics_AlreadyHasVision (0.00s)
=== RUN   TestCanProcess_NoModel
--- PASS: TestCanProcess_NoModel (0.00s)
=== RUN   TestCanProcess_NonMultimodal
--- PASS: TestCanProcess_NonMultimodal (0.00s)
=== RUN   TestCanProcess_Valid
--- PASS: TestCanProcess_Valid (0.00s)
=== RUN   TestCanProcess_AudioValid
--- PASS: TestCanProcess_AudioValid (0.00s)
=== RUN   TestProcessFile_NoFile
--- PASS: TestProcessFile_NoFile (0.00s)
=== RUN   TestProcessFile_TooLarge
--- PASS: TestProcessFile_TooLarge (0.10s)
=== RUN   TestProcessFile_Success
--- PASS: TestProcessFile_Success (0.00s)
=== RUN   TestProcessFile_OllamaError
--- PASS: TestProcessFile_OllamaError (0.00s)
=== RUN   TestProcessFile_Unreachable
--- PASS: TestProcessFile_Unreachable (0.01s)
=== RUN   TestProcessFile_AudioType
--- PASS: TestProcessFile_AudioType (0.01s)
=== RUN   TestDescriptionPrompt_AllTypes
--- PASS: TestDescriptionPrompt_AllTypes (0.00s)
=== RUN   TestDetectCapabilities_VisionFamily
--- PASS: TestDetectCapabilities_VisionFamily (0.00s)
=== RUN   TestDetectCapabilities_EmptyHost
--- PASS: TestDetectCapabilities_EmptyHost (0.00s)
=== RUN   TestDetectCapabilities_EmptyModel
--- PASS: TestDetectCapabilities_EmptyModel (0.00s)
=== RUN   TestAutoDetectModel_PreferenceOrder
--- PASS: TestAutoDetectModel_PreferenceOrder (0.00s)
=== RUN   TestDetectMediaTypeExtended
=== RUN   TestDetectMediaTypeExtended/image.png
=== RUN   TestDetectMediaTypeExtended/image.PNG
=== RUN   TestDetectMediaTypeExtended/photo.jpg
=== RUN   TestDetectMediaTypeExtended/photo.jpeg
=== RUN   TestDetectMediaTypeExtended/anim.gif
=== RUN   TestDetectMediaTypeExtended/pic.webp
=== RUN   TestDetectMediaTypeExtended/pic.bmp
=== RUN   TestDetectMediaTypeExtended/pic.tiff
=== RUN   TestDetectMediaTypeExtended/pic.svg
=== RUN   TestDetectMediaTypeExtended/song.mp3
=== RUN   TestDetectMediaTypeExtended/sound.wav
=== RUN   TestDetectMediaTypeExtended/track.flac
=== RUN   TestDetectMediaTypeExtended/audio.ogg
=== RUN   TestDetectMediaTypeExtended/voice.m4a
=== RUN   TestDetectMediaTypeExtended/video.mp4
=== RUN   TestDetectMediaTypeExtended/clip.avi
=== RUN   TestDetectMediaTypeExtended/movie.mkv
=== RUN   TestDetectMediaTypeExtended/screen.mov
=== RUN   TestDetectMediaTypeExtended/web.webm
=== RUN   TestDetectMediaTypeExtended/code.go
=== RUN   TestDetectMediaTypeExtended/readme.md
=== RUN   TestDetectMediaTypeExtended/data.json
=== RUN   TestDetectMediaTypeExtended/#00
=== RUN   TestDetectMediaTypeExtended/no_extension
--- PASS: TestDetectMediaTypeExtended (0.00s)
    --- PASS: TestDetectMediaTypeExtended/image.png (0.00s)
    --- PASS: TestDetectMediaTypeExtended/image.PNG (0.00s)
    --- PASS: TestDetectMediaTypeExtended/photo.jpg (0.00s)
    --- PASS: TestDetectMediaTypeExtended/photo.jpeg (0.00s)
    --- PASS: TestDetectMediaTypeExtended/anim.gif (0.00s)
    --- PASS: TestDetectMediaTypeExtended/pic.webp (0.00s)
    --- PASS: TestDetectMediaTypeExtended/pic.bmp (0.00s)
    --- PASS: TestDetectMediaTypeExtended/pic.tiff (0.00s)
    --- PASS: TestDetectMediaTypeExtended/pic.svg (0.00s)
    --- PASS: TestDetectMediaTypeExtended/song.mp3 (0.00s)
    --- PASS: TestDetectMediaTypeExtended/sound.wav (0.00s)
    --- PASS: TestDetectMediaTypeExtended/track.flac (0.00s)
    --- PASS: TestDetectMediaTypeExtended/audio.ogg (0.00s)
    --- PASS: TestDetectMediaTypeExtended/voice.m4a (0.00s)
    --- PASS: TestDetectMediaTypeExtended/video.mp4 (0.00s)
    --- PASS: TestDetectMediaTypeExtended/clip.avi (0.00s)
    --- PASS: TestDetectMediaTypeExtended/movie.mkv (0.00s)
    --- PASS: TestDetectMediaTypeExtended/screen.mov (0.00s)
    --- PASS: TestDetectMediaTypeExtended/web.webm (0.00s)
    --- PASS: TestDetectMediaTypeExtended/code.go (0.00s)
    --- PASS: TestDetectMediaTypeExtended/readme.md (0.00s)
    --- PASS: TestDetectMediaTypeExtended/data.json (0.00s)
    --- PASS: TestDetectMediaTypeExtended/#00 (0.00s)
    --- PASS: TestDetectMediaTypeExtended/no_extension (0.00s)
=== RUN   TestIsMultimodalExtended
--- PASS: TestIsMultimodalExtended (0.00s)
=== RUN   TestApplyModelHeuristics
=== RUN   TestApplyModelHeuristics/gemma4
=== RUN   TestApplyModelHeuristics/llava
=== RUN   TestApplyModelHeuristics/qwen3-vl
=== RUN   TestApplyModelHeuristics/moondream
=== RUN   TestApplyModelHeuristics/unknown
=== RUN   TestApplyModelHeuristics/minicpm-v
--- PASS: TestApplyModelHeuristics (0.00s)
    --- PASS: TestApplyModelHeuristics/gemma4 (0.00s)
    --- PASS: TestApplyModelHeuristics/llava (0.00s)
    --- PASS: TestApplyModelHeuristics/qwen3-vl (0.00s)
    --- PASS: TestApplyModelHeuristics/moondream (0.00s)
    --- PASS: TestApplyModelHeuristics/unknown (0.00s)
    --- PASS: TestApplyModelHeuristics/minicpm-v (0.00s)
=== RUN   TestNewProcessorExtended
--- PASS: TestNewProcessorExtended (0.00s)
=== RUN   TestProcessorCanProcess
--- PASS: TestProcessorCanProcess (0.00s)
=== RUN   TestDescriptionPromptExtended
--- PASS: TestDescriptionPromptExtended (0.00s)
=== RUN   TestDetectCapabilitiesHeuristic
--- PASS: TestDetectCapabilitiesHeuristic (0.00s)
=== RUN   TestMediaTypeConstants
--- PASS: TestMediaTypeConstants (0.00s)
=== RUN   TestDetectMediaType
--- PASS: TestDetectMediaType (0.00s)
=== RUN   TestIsMultimodal
--- PASS: TestIsMultimodal (0.00s)
=== RUN   TestDetectCapabilities_KnownModels
--- PASS: TestDetectCapabilities_KnownModels (0.00s)
=== RUN   TestDetectCapabilities_NonMultimodal
--- PASS: TestDetectCapabilities_NonMultimodal (0.00s)
=== RUN   TestDetectCapabilities_Unreachable
--- PASS: TestDetectCapabilities_Unreachable (0.00s)
=== RUN   TestDescriptionPrompt
--- PASS: TestDescriptionPrompt (0.00s)
=== RUN   TestNewProcessor
--- PASS: TestNewProcessor (0.00s)
=== RUN   TestNewProcessor_EnvVar
--- PASS: TestNewProcessor_EnvVar (0.00s)
=== RUN   TestCanProcess
--- PASS: TestCanProcess (0.00s)
=== RUN   TestAutoDetectModel
--- PASS: TestAutoDetectModel (0.00s)
=== RUN   TestAutoDetectModel_NoMultimodal
--- PASS: TestAutoDetectModel_NoMultimodal (0.00s)
=== RUN   TestAutoDetectModel_Unreachable
--- PASS: TestAutoDetectModel_Unreachable (0.00s)
=== RUN   TestProcessFile_NoModel
--- PASS: TestProcessFile_NoModel (0.00s)
=== RUN   TestTryMarkerExtraction_RespectsEnvURL
--- PASS: TestTryMarkerExtraction_RespectsEnvURL (0.01s)
=== RUN   TestTryMarkerExtraction_NoServerBugSix
--- PASS: TestTryMarkerExtraction_NoServerBugSix (0.00s)
=== RUN   TestPdfPagePromptCov_WithMarkerDetail
--- PASS: TestPdfPagePromptCov_WithMarkerDetail (0.00s)
=== RUN   TestParseTablesFromMarkdown_SingleTableCov
--- PASS: TestParseTablesFromMarkdown_SingleTableCov (0.00s)
=== RUN   TestParseTablesFromMarkdown_NoTablesCov
--- PASS: TestParseTablesFromMarkdown_NoTablesCov (0.00s)
=== RUN   TestParseTablesFromMarkdown_NoTablesKeyword
--- PASS: TestParseTablesFromMarkdown_NoTablesKeyword (0.00s)
=== RUN   TestSplitTableRow_Empty
--- PASS: TestSplitTableRow_Empty (0.00s)
=== RUN   TestParseChartsFromDescription_SingleCov
--- PASS: TestParseChartsFromDescription_SingleCov (0.00s)
=== RUN   TestParseChartsFromDescription_Multiple
--- PASS: TestParseChartsFromDescription_Multiple (0.00s)
=== RUN   TestExtractHeadings_None
--- PASS: TestExtractHeadings_None (0.00s)
=== RUN   TestExtractNumbers_None
--- PASS: TestExtractNumbers_None (0.00s)
=== RUN   TestExtractSentences_Short
--- PASS: TestExtractSentences_Short (0.00s)
=== RUN   TestExtractSentences_MultipleCov
--- PASS: TestExtractSentences_MultipleCov (0.00s)
=== RUN   TestTruncate_Exact
--- PASS: TestTruncate_Exact (0.00s)
=== RUN   TestCheckFaithfulness_EmptyInputs
--- PASS: TestCheckFaithfulness_EmptyInputs (0.00s)
=== RUN   TestCheckFaithfulness_Hallucination
--- PASS: TestCheckFaithfulness_Hallucination (0.00s)
=== RUN   TestDefaultPDFConfig
--- PASS: TestDefaultPDFConfig (0.00s)
=== RUN   TestAnalyzePDF_NoModel
--- PASS: TestAnalyzePDF_NoModel (0.00s)
=== RUN   TestAnalyzePDF_FileNotFound
--- PASS: TestAnalyzePDF_FileNotFound (0.00s)
=== RUN   TestDetectTableInDescription
--- PASS: TestDetectTableInDescription (0.00s)
=== RUN   TestDetectChartInDescription
--- PASS: TestDetectChartInDescription (0.00s)
=== RUN   TestPdfPagePrompt
--- PASS: TestPdfPagePrompt (0.00s)
=== RUN   TestPdfPagePrompt_WithMarkerText
--- PASS: TestPdfPagePrompt_WithMarkerText (0.00s)
=== RUN   TestTryMarkerExtraction_NoServer
--- PASS: TestTryMarkerExtraction_NoServer (0.00s)
=== RUN   TestCollectPageImages_Empty
--- PASS: TestCollectPageImages_Empty (0.00s)
=== RUN   TestCollectPageImages_Mixed
--- PASS: TestCollectPageImages_Mixed (0.00s)
=== RUN   TestCleanupPDFPages_Empty
--- PASS: TestCleanupPDFPages_Empty (0.00s)
=== RUN   TestCleanupPDFPages_NonGleannDir
--- PASS: TestCleanupPDFPages_NonGleannDir (0.00s)
=== RUN   TestRenderPDFPages_NoRenderer
--- PASS: TestRenderPDFPages_NoRenderer (0.00s)
=== RUN   TestParseTablesFromMarkdown_Simple
--- PASS: TestParseTablesFromMarkdown_Simple (0.00s)
=== RUN   TestParseTablesFromMarkdown_Multiple
--- PASS: TestParseTablesFromMarkdown_Multiple (0.00s)
=== RUN   TestParseTablesFromMarkdown_Empty
--- PASS: TestParseTablesFromMarkdown_Empty (0.00s)
=== RUN   TestIsSeparatorRow
--- PASS: TestIsSeparatorRow (0.00s)
=== RUN   TestSplitTableRow
--- PASS: TestSplitTableRow (0.00s)
=== RUN   TestRenderTableMarkdown
--- PASS: TestRenderTableMarkdown (0.00s)
=== RUN   TestTableExtractionPrompt
--- PASS: TestTableExtractionPrompt (0.00s)
=== RUN   TestExtractTables_NoModel
--- PASS: TestExtractTables_NoModel (0.00s)
=== RUN   TestParseChartsFromDescription_NoCharts
--- PASS: TestParseChartsFromDescription_NoCharts (0.00s)
=== RUN   TestParseChartsFromDescription_Simple
--- PASS: TestParseChartsFromDescription_Simple (0.00s)
=== RUN   TestChartExtractionPrompt
--- PASS: TestChartExtractionPrompt (0.00s)
=== RUN   TestExtractCharts_NoModel
--- PASS: TestExtractCharts_NoModel (0.00s)
=== RUN   TestCheckFaithfulness_Perfect
--- PASS: TestCheckFaithfulness_Perfect (0.00s)
=== RUN   TestCheckFaithfulness_WithOmissions
--- PASS: TestCheckFaithfulness_WithOmissions (0.00s)
=== RUN   TestExtractHeadings
--- PASS: TestExtractHeadings (0.00s)
=== RUN   TestExtractNumbers
--- PASS: TestExtractNumbers (0.00s)
=== RUN   TestExtractKeyTerms
--- PASS: TestExtractKeyTerms (0.00s)
=== RUN   TestTruncate
--- PASS: TestTruncate (0.00s)
=== RUN   TestPluginIntegration_AudioVisionAutoWire
--- PASS: TestPluginIntegration_AudioVisionAutoWire (0.01s)
=== RUN   TestExtractFrames_SceneChange
    scene_test.go:45: ffmpeg not installed
--- SKIP: TestExtractFrames_SceneChange (0.01s)
=== RUN   TestExtractFrames_FixedFPSFallback
    scene_test.go:66: ffmpeg not installed
--- SKIP: TestExtractFrames_FixedFPSFallback (0.01s)
=== RUN   TestProcessFileStream_DeliversTokens
--- PASS: TestProcessFileStream_DeliversTokens (0.00s)
=== RUN   TestProcessFileStream_CacheHit
--- PASS: TestProcessFileStream_CacheHit (0.00s)
=== RUN   TestDefaultFrameConfig
--- PASS: TestDefaultFrameConfig (0.00s)
=== RUN   TestExtractFrames_NoFFmpeg
--- PASS: TestExtractFrames_NoFFmpeg (0.00s)
=== RUN   TestExtractFrames_InvalidFile
--- PASS: TestExtractFrames_InvalidFile (0.01s)
=== RUN   TestCleanupFrames_Empty
--- PASS: TestCleanupFrames_Empty (0.00s)
=== RUN   TestCleanupFrames_NonGleannDir
--- PASS: TestCleanupFrames_NonGleannDir (0.00s)
=== RUN   TestAnalyzeVideo_NoModel
--- PASS: TestAnalyzeVideo_NoModel (0.00s)
=== RUN   TestGetVideoDuration_NonexistentFile
--- PASS: TestGetVideoDuration_NonexistentFile (0.01s)
=== RUN   TestCallVisionPlugin_ParsesSchemaV2
--- PASS: TestCallVisionPlugin_ParsesSchemaV2 (0.00s)
=== RUN   TestVisionPluginHealthy
--- PASS: TestVisionPluginHealthy (0.00s)
=== RUN   TestProcessDirectory_EnrichesWithVisionPlugin
--- PASS: TestProcessDirectory_EnrichesWithVisionPlugin (0.01s)
=== RUN   TestVisionPluginURL_Off
--- PASS: TestVisionPluginURL_Off (0.00s)
=== RUN   TestProcessDirectory_WorkerPoolParallelism
--- PASS: TestProcessDirectory_WorkerPoolParallelism (0.17s)
=== RUN   TestMultimodalWorkerCount_EnvOverride
--- PASS: TestMultimodalWorkerCount_EnvOverride (0.00s)
=== RUN   TestProcessDirectory_OrderingPreserved
--- PASS: TestProcessDirectory_OrderingPreserved (0.01s)
PASS
ok  	github.com/tevfik/gleann/internal/multimodal	0.514s
=== RUN   TestETagHasher
=== RUN   TestETagHasher/empty_input
=== RUN   TestETagHasher/hello
=== RUN   TestETagHasher/deterministic
--- PASS: TestETagHasher (0.00s)
    --- PASS: TestETagHasher/empty_input (0.00s)
    --- PASS: TestETagHasher/hello (0.00s)
    --- PASS: TestETagHasher/deterministic (0.00s)
=== RUN   TestReloadAndGet
--- PASS: TestReloadAndGet (0.00s)
=== RUN   TestRejectsTraversal
--- PASS: TestRejectsTraversal (0.00s)
=== RUN   TestEmptyDirIsOK
--- PASS: TestEmptyDirIsOK (0.00s)
PASS
ok  	github.com/tevfik/gleann/internal/packs	0.037s
=== RUN   TestList
--- PASS: TestList (0.00s)
=== RUN   TestManifestAndETag
--- PASS: TestManifestAndETag (0.01s)
=== RUN   TestData
--- PASS: TestData (0.00s)
=== RUN   TestItem
--- PASS: TestItem (0.00s)
=== RUN   TestSearch
--- PASS: TestSearch (0.01s)
=== RUN   TestNotFound
--- PASS: TestNotFound (0.00s)
=== RUN   TestE2E_FullDiscoveryAndFetch
--- PASS: TestE2E_FullDiscoveryAndFetch (0.01s)
PASS
ok  	github.com/tevfik/gleann/internal/packs/packshttp	0.071s
=== RUN   TestMountA2A_DisabledViaEnv
--- PASS: TestMountA2A_DisabledViaEnv (0.00s)
=== RUN   TestMountA2A_DisabledViaConfig
--- PASS: TestMountA2A_DisabledViaConfig (0.00s)
=== RUN   TestMountA2A_EnabledViaEnv
--- PASS: TestMountA2A_EnabledViaEnv (0.00s)
=== RUN   TestMountA2A_AddrWithoutColon
--- PASS: TestMountA2A_AddrWithoutColon (0.00s)
=== RUN   TestA2ASearchHandler_NoIndexes
--- PASS: TestA2ASearchHandler_NoIndexes (0.00s)
=== RUN   TestA2ASearchHandler_IndexLoadFails
    a2a_cov_test.go:106: got error (expected): no indexes available; build one with 'gleann index build'
--- PASS: TestA2ASearchHandler_IndexLoadFails (0.00s)
=== RUN   TestA2AAskHandler_NoIndexes
--- PASS: TestA2AAskHandler_NoIndexes (0.00s)
=== RUN   TestA2AAskHandler_IndexLoadFails
--- PASS: TestA2AAskHandler_IndexLoadFails (0.00s)
=== RUN   TestA2AAskHandler_WithMetadataOverride
--- PASS: TestA2AAskHandler_WithMetadataOverride (0.00s)
=== RUN   TestA2AMemoryHandler_Remember
--- PASS: TestA2AMemoryHandler_Remember (0.14s)
=== RUN   TestA2AMemoryHandler_RememberTurkish
--- PASS: TestA2AMemoryHandler_RememberTurkish (0.02s)
=== RUN   TestA2AMemoryHandler_Store
--- PASS: TestA2AMemoryHandler_Store (0.05s)
=== RUN   TestA2AMemoryHandler_Recall
--- PASS: TestA2AMemoryHandler_Recall (0.03s)
=== RUN   TestA2AMemoryHandler_RecallNoResults
--- PASS: TestA2AMemoryHandler_RecallNoResults (0.04s)
=== RUN   TestA2AMemoryHandler_RecallWithPrefix
--- PASS: TestA2AMemoryHandler_RecallWithPrefix (0.03s)
=== RUN   TestA2AMemoryHandler_MemorySearch
--- PASS: TestA2AMemoryHandler_MemorySearch (0.03s)
=== RUN   TestA2ACodeHandler_NilGraphPool
--- PASS: TestA2ACodeHandler_NilGraphPool (0.00s)
=== RUN   TestA2ACodeHandler_NoIndexes
--- PASS: TestA2ACodeHandler_NoIndexes (0.00s)
=== RUN   TestA2ACodeHandler_Callers
--- PASS: TestA2ACodeHandler_Callers (0.00s)
=== RUN   TestA2ACodeHandler_CallersTurkish
--- PASS: TestA2ACodeHandler_CallersTurkish (0.00s)
=== RUN   TestA2ACodeHandler_Callees
--- PASS: TestA2ACodeHandler_Callees (0.00s)
=== RUN   TestA2ACodeHandler_CalleesTurkish
--- PASS: TestA2ACodeHandler_CalleesTurkish (0.00s)
=== RUN   TestA2ACodeHandler_Impact
--- PASS: TestA2ACodeHandler_Impact (0.00s)
=== RUN   TestA2ACodeHandler_ImpactError
--- PASS: TestA2ACodeHandler_ImpactError (0.00s)
=== RUN   TestA2ACodeHandler_DefaultCallees
--- PASS: TestA2ACodeHandler_DefaultCallees (0.00s)
=== RUN   TestA2ACodeHandler_CallerError
--- PASS: TestA2ACodeHandler_CallerError (0.00s)
=== RUN   TestA2ACodeHandler_IndexNotInPool
--- PASS: TestA2ACodeHandler_IndexNotInPool (0.00s)
=== RUN   TestA2ACodeHandler_ReferencesKeyword
--- PASS: TestA2ACodeHandler_ReferencesKeyword (0.00s)
=== RUN   TestA2ACodeHandler_CallsKeyword
--- PASS: TestA2ACodeHandler_CallsKeyword (0.00s)
=== RUN   TestBuildProxyMessages_EmptyIndexes
--- PASS: TestBuildProxyMessages_EmptyIndexes (0.00s)
=== RUN   TestBuildProxyMessages_NoUserMessage
--- PASS: TestBuildProxyMessages_NoUserMessage (0.00s)
=== RUN   TestBuildProxyMessages_SingleIndexFails
--- PASS: TestBuildProxyMessages_SingleIndexFails (0.00s)
=== RUN   TestBuildProxyMessages_MultiIndexAllFail
--- PASS: TestBuildProxyMessages_MultiIndexAllFail (0.00s)
=== RUN   TestLastUserContentA2A
--- PASS: TestLastUserContentA2A (0.00s)
=== RUN   TestLastUserContentA2A_NoUser
--- PASS: TestLastUserContentA2A_NoUser (0.00s)
=== RUN   TestProxyLLMConfig_Default
--- PASS: TestProxyLLMConfig_Default (0.00s)
=== RUN   TestProxyLLMConfig_WithOllama
--- PASS: TestProxyLLMConfig_WithOllama (0.00s)
=== RUN   TestProxyLLMConfig_WithAutoScan
--- PASS: TestProxyLLMConfig_WithAutoScan (0.00s)
=== RUN   TestProxyLLMConfig_WithOpenAI
--- PASS: TestProxyLLMConfig_WithOpenAI (0.00s)
=== RUN   TestHandleAddBlock_RequiresContent
--- PASS: TestHandleAddBlock_RequiresContent (0.02s)
=== RUN   TestHandleAddBlock_DefaultsToLongTerm
--- PASS: TestHandleAddBlock_DefaultsToLongTerm (0.11s)
=== RUN   TestHandleAddBlock_MediumTier
--- PASS: TestHandleAddBlock_MediumTier (0.16s)
=== RUN   TestHandleAddBlock_InvalidTier
--- PASS: TestHandleAddBlock_InvalidTier (0.02s)
=== RUN   TestHandleAddBlock_WithExpiry
--- PASS: TestHandleAddBlock_WithExpiry (0.06s)
=== RUN   TestHandleListBlocks_Empty
--- PASS: TestHandleListBlocks_Empty (0.02s)
=== RUN   TestHandleListBlocks_WithBlocks
--- PASS: TestHandleListBlocks_WithBlocks (0.13s)
=== RUN   TestHandleListBlocks_TierFilter
--- PASS: TestHandleListBlocks_TierFilter (0.17s)
=== RUN   TestHandleListBlocks_InvalidTier
--- PASS: TestHandleListBlocks_InvalidTier (0.06s)
=== RUN   TestHandleDeleteBlock_Success
--- PASS: TestHandleDeleteBlock_Success (0.17s)
=== RUN   TestHandleDeleteBlock_NotFound
--- PASS: TestHandleDeleteBlock_NotFound (0.08s)
=== RUN   TestHandleClearBlocks_All
--- PASS: TestHandleClearBlocks_All (0.23s)
=== RUN   TestHandleClearBlocks_ByTier
--- PASS: TestHandleClearBlocks_ByTier (0.21s)
=== RUN   TestHandleSearchBlocks_RequiresQ
--- PASS: TestHandleSearchBlocks_RequiresQ (0.07s)
=== RUN   TestHandleSearchBlocks_FindsMatch
--- PASS: TestHandleSearchBlocks_FindsMatch (0.08s)
=== RUN   TestHandleBlockContext_Empty
--- PASS: TestHandleBlockContext_Empty (0.02s)
=== RUN   TestHandleBlockContext_WithBlocks
--- PASS: TestHandleBlockContext_WithBlocks (0.02s)
=== RUN   TestHandleBlockContext_XMLFormat
--- PASS: TestHandleBlockContext_XMLFormat (0.03s)
=== RUN   TestHandleBlockStats
--- PASS: TestHandleBlockStats (0.08s)
=== RUN   TestHandleAddBlock_WithScope
--- PASS: TestHandleAddBlock_WithScope (0.05s)
=== RUN   TestHandleAddBlock_WithCharLimit
--- PASS: TestHandleAddBlock_WithCharLimit (0.03s)
=== RUN   TestHandleListBlocks_ScopeFilter
--- PASS: TestHandleListBlocks_ScopeFilter (0.17s)
=== RUN   TestHandleSearchBlocks_ScopeFilter
--- PASS: TestHandleSearchBlocks_ScopeFilter (0.18s)
=== RUN   TestHandleBlockContext_ScopeFilter
--- PASS: TestHandleBlockContext_ScopeFilter (0.15s)
=== RUN   TestBuildProxyMessages_NoIndexes
--- PASS: TestBuildProxyMessages_NoIndexes (0.00s)
=== RUN   TestBuildProxyMessages_EmptyQuery
--- PASS: TestBuildProxyMessages_EmptyQuery (0.00s)
=== RUN   TestSyncChatCompletions_Integration
--- PASS: TestSyncChatCompletions_Integration (0.00s)
=== RUN   TestSyncChatCompletions_LLMError
--- PASS: TestSyncChatCompletions_LLMError (3.64s)
=== RUN   TestStreamChatCompletions_Integration
--- PASS: TestStreamChatCompletions_Integration (0.00s)
=== RUN   TestHandleChatCompletions_SyncNoIndex
--- PASS: TestHandleChatCompletions_SyncNoIndex (0.00s)
=== RUN   TestHandleChatCompletions_BadJSONCov
--- PASS: TestHandleChatCompletions_BadJSONCov (0.00s)
=== RUN   TestHandleChatCompletions_EmptyMessagesCov
--- PASS: TestHandleChatCompletions_EmptyMessagesCov (0.00s)
=== RUN   TestHandleChatCompletions_WithHeaderOptions
--- PASS: TestHandleChatCompletions_WithHeaderOptions (0.00s)
=== RUN   TestHandleListConversationsCov
--- PASS: TestHandleListConversationsCov (0.00s)
=== RUN   TestHandleGetConversation_NotFound
--- PASS: TestHandleGetConversation_NotFound (0.00s)
=== RUN   TestHandleGetConversation_MissingID
--- PASS: TestHandleGetConversation_MissingID (0.00s)
=== RUN   TestHandleDeleteConversation_NotFound
--- PASS: TestHandleDeleteConversation_NotFound (0.00s)
=== RUN   TestHandleSearch_MissingName
--- PASS: TestHandleSearch_MissingName (0.00s)
=== RUN   TestHandleSearch_BadJSON
--- PASS: TestHandleSearch_BadJSON (0.00s)
=== RUN   TestHandleSearch_EmptyQuery
--- PASS: TestHandleSearch_EmptyQuery (0.00s)
=== RUN   TestHandleSearch_IndexNotFound
--- PASS: TestHandleSearch_IndexNotFound (0.00s)
=== RUN   TestHandleAsk_MissingName
--- PASS: TestHandleAsk_MissingName (0.00s)
=== RUN   TestHandleAsk_BadJSON
--- PASS: TestHandleAsk_BadJSON (0.00s)
=== RUN   TestHandleAsk_EmptyQuestion
--- PASS: TestHandleAsk_EmptyQuestion (0.00s)
=== RUN   TestHandleAsk_IndexNotFound
--- PASS: TestHandleAsk_IndexNotFound (0.00s)
=== RUN   TestHandleBuild_MissingName
--- PASS: TestHandleBuild_MissingName (0.00s)
=== RUN   TestHandleBuild_BadJSON
--- PASS: TestHandleBuild_BadJSON (0.00s)
=== RUN   TestHandleBuild_EmptyTexts
--- PASS: TestHandleBuild_EmptyTexts (0.00s)
=== RUN   TestHandleDeleteIndex_MissingName
--- PASS: TestHandleDeleteIndex_MissingName (0.00s)
=== RUN   TestHandleDeleteIndex_NonexistentIndex
--- PASS: TestHandleDeleteIndex_NonexistentIndex (0.00s)
=== RUN   TestHandleAsk_StreamQueryParam
--- PASS: TestHandleAsk_StreamQueryParam (0.00s)
=== RUN   TestHandleAsk_WithRole
--- PASS: TestHandleAsk_WithRole (0.00s)
=== RUN   TestMetrics_RecordAll
--- PASS: TestMetrics_RecordAll (0.00s)
=== RUN   TestHandleMetrics_PrometheusFormat
--- PASS: TestHandleMetrics_PrometheusFormat (0.00s)
=== RUN   TestWriteError_FormatCov
--- PASS: TestWriteError_FormatCov (0.00s)
=== RUN   TestWithMiddleware_CORSHeaders
2026/08/17 12:00:01 GET /test 0s
--- PASS: TestWithMiddleware_CORSHeaders (0.00s)
=== RUN   TestWithMiddleware_OptionsRequest
--- PASS: TestWithMiddleware_OptionsRequest (0.00s)
=== RUN   TestClientIP_DirectConnectionCov
--- PASS: TestClientIP_DirectConnectionCov (0.00s)
=== RUN   TestClientIP_TrustsXFFFromPrivate
--- PASS: TestClientIP_TrustsXFFFromPrivate (0.00s)
=== RUN   TestClientIP_IgnoresXFFFromPublic
--- PASS: TestClientIP_IgnoresXFFFromPublic (0.00s)
=== RUN   TestClientIP_XRealIPFromLoopback
--- PASS: TestClientIP_XRealIPFromLoopback (0.00s)
=== RUN   TestSanitizeIPCov
--- PASS: TestSanitizeIPCov (0.00s)
=== RUN   TestIsPrivateCov
--- PASS: TestIsPrivateCov (0.00s)
=== RUN   TestEventBusWired
--- PASS: TestEventBusWired (0.00s)
=== RUN   TestPublishNilSafe
--- PASS: TestPublishNilSafe (0.00s)
=== RUN   TestEventBusSubscribeReceivesPublish
--- PASS: TestEventBusSubscribeReceivesPublish (0.01s)
=== RUN   TestHandleGraphIndex_StubReturnsError
--- PASS: TestHandleGraphIndex_StubReturnsError (0.00s)
=== RUN   TestGraphDBPool_Get_StubReturnsError
--- PASS: TestGraphDBPool_Get_StubReturnsError (0.00s)
=== RUN   TestMemoryStub_HandleMemoryInject
--- PASS: TestMemoryStub_HandleMemoryInject (0.00s)
=== RUN   TestMemoryStub_HandleMemoryDeleteNode
--- PASS: TestMemoryStub_HandleMemoryDeleteNode (0.00s)
=== RUN   TestMemoryStub_HandleMemoryDeleteEdge
--- PASS: TestMemoryStub_HandleMemoryDeleteEdge (0.00s)
=== RUN   TestMemoryStub_HandleMemoryTraverse
--- PASS: TestMemoryStub_HandleMemoryTraverse (0.00s)
=== RUN   TestMemoryStub_StopMemoryPool
--- PASS: TestMemoryStub_StopMemoryPool (0.00s)
=== RUN   TestMemoryStub_CloseAll
--- PASS: TestMemoryStub_CloseAll (0.00s)
=== RUN   TestGraphStub_OpenGraphDB
--- PASS: TestGraphStub_OpenGraphDB (0.00s)
=== RUN   TestGraphStub_RunGraphIndex
--- PASS: TestGraphStub_RunGraphIndex (0.00s)
=== RUN   TestHandleGraphQuery_MissingName
--- PASS: TestHandleGraphQuery_MissingName (0.00s)
=== RUN   TestHandleGraphQuery_BadJSON
--- PASS: TestHandleGraphQuery_BadJSON (0.00s)
=== RUN   TestHandleGraphQuery_NilGraphPool
--- PASS: TestHandleGraphQuery_NilGraphPool (0.00s)
=== RUN   TestHandleGraphQuery_IndexNotFound
--- PASS: TestHandleGraphQuery_IndexNotFound (0.00s)
=== RUN   TestHandleGraphQuery_Callees
--- PASS: TestHandleGraphQuery_Callees (0.00s)
=== RUN   TestHandleGraphQuery_Callees_MissingSymbol
--- PASS: TestHandleGraphQuery_Callees_MissingSymbol (0.00s)
=== RUN   TestHandleGraphQuery_Callers
--- PASS: TestHandleGraphQuery_Callers (0.00s)
=== RUN   TestHandleGraphQuery_Callers_MissingSymbol
--- PASS: TestHandleGraphQuery_Callers_MissingSymbol (0.00s)
=== RUN   TestHandleGraphQuery_SymbolsInFile
--- PASS: TestHandleGraphQuery_SymbolsInFile (0.00s)
=== RUN   TestHandleGraphQuery_SymbolsInFile_MissingFile
--- PASS: TestHandleGraphQuery_SymbolsInFile_MissingFile (0.00s)
=== RUN   TestHandleGraphQuery_Impact
--- PASS: TestHandleGraphQuery_Impact (0.00s)
=== RUN   TestHandleGraphQuery_Impact_MissingSymbol
--- PASS: TestHandleGraphQuery_Impact_MissingSymbol (0.00s)
=== RUN   TestHandleGraphQuery_Impact_Error
--- PASS: TestHandleGraphQuery_Impact_Error (0.00s)
=== RUN   TestHandleGraphQuery_Impact_DefaultMaxDepth
--- PASS: TestHandleGraphQuery_Impact_DefaultMaxDepth (0.00s)
=== RUN   TestHandleGraphQuery_Cypher
--- PASS: TestHandleGraphQuery_Cypher (0.00s)
=== RUN   TestHandleGraphQuery_Cypher_MissingCypher
--- PASS: TestHandleGraphQuery_Cypher_MissingCypher (0.00s)
=== RUN   TestHandleGraphQuery_Cypher_Error
--- PASS: TestHandleGraphQuery_Cypher_Error (0.00s)
=== RUN   TestHandleGraphQuery_UnknownQueryType
--- PASS: TestHandleGraphQuery_UnknownQueryType (0.00s)
=== RUN   TestHandleGraphQuery_Callees_Error
--- PASS: TestHandleGraphQuery_Callees_Error (0.00s)
=== RUN   TestHandleGraphStats_MissingName
--- PASS: TestHandleGraphStats_MissingName (0.00s)
=== RUN   TestHandleGraphStats_NilGraphPool
--- PASS: TestHandleGraphStats_NilGraphPool (0.00s)
=== RUN   TestHandleGraphStats_IndexNotFound
--- PASS: TestHandleGraphStats_IndexNotFound (0.00s)
=== RUN   TestHandleGraphStats_WithDB
--- PASS: TestHandleGraphStats_WithDB (0.00s)
=== RUN   TestHandleGraphIndex_MissingName
--- PASS: TestHandleGraphIndex_MissingName (0.00s)
=== RUN   TestHandleGraphIndex_BadJSON
--- PASS: TestHandleGraphIndex_BadJSON (0.00s)
=== RUN   TestHandleGraphIndex_EmptyDocsDir
--- PASS: TestHandleGraphIndex_EmptyDocsDir (0.00s)
=== RUN   TestGraphDBPool_Get_CacheHit
--- PASS: TestGraphDBPool_Get_CacheHit (0.00s)
=== RUN   TestGraphDBPool_Close
--- PASS: TestGraphDBPool_Close (0.00s)
=== RUN   TestGraphDBPool_CloseNonexistent
--- PASS: TestGraphDBPool_CloseNonexistent (0.00s)
=== RUN   TestGraphDBPool_CloseAll
--- PASS: TestGraphDBPool_CloseAll (0.00s)
=== RUN   TestNewServer
--- PASS: TestNewServer (0.00s)
=== RUN   TestNewServerDefaultVersion
--- PASS: TestNewServerDefaultVersion (0.00s)
=== RUN   TestHandleHealthExt
--- PASS: TestHandleHealthExt (0.00s)
=== RUN   TestHandleListIndexes
--- PASS: TestHandleListIndexes (0.00s)
=== RUN   TestHandleGetIndexMissing
--- PASS: TestHandleGetIndexMissing (0.00s)
=== RUN   TestHandleGetIndexEmpty
--- PASS: TestHandleGetIndexEmpty (0.00s)
=== RUN   TestHandleMetricsExt
--- PASS: TestHandleMetricsExt (0.00s)
=== RUN   TestHandleListConversations
--- PASS: TestHandleListConversations (0.00s)
=== RUN   TestHandleDeleteIndexMissing
--- PASS: TestHandleDeleteIndexMissing (0.00s)
=== RUN   TestHandleListWebhooks
--- PASS: TestHandleListWebhooks (0.00s)
=== RUN   TestHandleOpenAPISpecExt
--- PASS: TestHandleOpenAPISpecExt (0.00s)
=== RUN   TestHandleSwaggerUIExt
--- PASS: TestHandleSwaggerUIExt (0.00s)
=== RUN   TestHandleListModels
--- PASS: TestHandleListModels (0.00s)
=== RUN   TestHandleBlockStatsExt
--- PASS: TestHandleBlockStatsExt (0.03s)
=== RUN   TestHandleListBlocks
--- PASS: TestHandleListBlocks (4.99s)
=== RUN   TestParseTierCov
--- PASS: TestParseTierCov (0.00s)
=== RUN   TestTruncateCov
--- PASS: TestTruncateCov (0.00s)
=== RUN   TestLayerSetCov
--- PASS: TestLayerSetCov (0.00s)
=== RUN   TestContainsAllTagsCov
--- PASS: TestContainsAllTagsCov (0.00s)
=== RUN   TestParseTimeOrDurationCov
--- PASS: TestParseTimeOrDurationCov (0.00s)
=== RUN   TestParseDurationCov
--- PASS: TestParseDurationCov (0.00s)
=== RUN   TestParseIndexFromModelCov
--- PASS: TestParseIndexFromModelCov (0.00s)
=== RUN   TestBuildRecallContextCov_Empty
--- PASS: TestBuildRecallContextCov_Empty (0.00s)
=== RUN   TestBuildRecallContextCov_WithBlocks
--- PASS: TestBuildRecallContextCov_WithBlocks (0.00s)
=== RUN   TestBuildRecallContextCov_WithGraph
--- PASS: TestBuildRecallContextCov_WithGraph (0.00s)
=== RUN   TestBuildRecallContextCov_WithVector
--- PASS: TestBuildRecallContextCov_WithVector (0.00s)
=== RUN   TestClientIPCov_Direct
--- PASS: TestClientIPCov_Direct (0.00s)
=== RUN   TestClientIPCov_Loopback_XFF
--- PASS: TestClientIPCov_Loopback_XFF (0.00s)
=== RUN   TestClientIPCov_Loopback_XRealIP
--- PASS: TestClientIPCov_Loopback_XRealIP (0.00s)
=== RUN   TestClientIPCov_BadRemoteAddr
--- PASS: TestClientIPCov_BadRemoteAddr (0.00s)
=== RUN   TestSanitizeIPCov2
--- PASS: TestSanitizeIPCov2 (0.00s)
=== RUN   TestIsPrivateCov2
--- PASS: TestIsPrivateCov2 (0.00s)
=== RUN   TestEnvSecondsCov
--- PASS: TestEnvSecondsCov (0.00s)
=== RUN   TestPickTimeoutCov
--- PASS: TestPickTimeoutCov (0.00s)
=== RUN   TestParamNameCov
--- PASS: TestParamNameCov (0.00s)
=== RUN   TestRefSchemaCov
--- PASS: TestRefSchemaCov (0.00s)
=== RUN   TestHandleMetrics
--- PASS: TestHandleMetrics (0.00s)
=== RUN   TestHandleMetricsEmpty
--- PASS: TestHandleMetricsEmpty (0.00s)
=== RUN   TestMetricsRecordSearch
--- PASS: TestMetricsRecordSearch (0.00s)
=== RUN   TestMetricsRecordBuildError
--- PASS: TestMetricsRecordBuildError (0.00s)
=== RUN   TestHandleDownloadModel
    models_handler_test.go:98: downloaded file not found: open C:\Users\RUNNER~1\AppData\Local\Temp\TestHandleDownloadModel2656943688\001\.gleann\models\test-model.gguf: The system cannot find the path specified.
--- FAIL: TestHandleDownloadModel (0.12s)
=== RUN   TestHandleMultiSearchBadRequest
--- PASS: TestHandleMultiSearchBadRequest (0.00s)
=== RUN   TestHandleMultiSearchEmptyQuery
--- PASS: TestHandleMultiSearchEmptyQuery (0.00s)
=== RUN   TestHandleMultiSearchNoIndexesDir
--- PASS: TestHandleMultiSearchNoIndexesDir (0.00s)
=== RUN   TestHandleOpenAPISpec
--- PASS: TestHandleOpenAPISpec (0.01s)
=== RUN   TestHandleOpenAPISpecCacheable
--- PASS: TestHandleOpenAPISpecCacheable (0.01s)
=== RUN   TestHandleSwaggerUI
--- PASS: TestHandleSwaggerUI (0.00s)
=== RUN   TestOpenAPISpecVersionInjection
--- PASS: TestOpenAPISpecVersionInjection (0.00s)
=== RUN   TestOpenAPISpecValidJSON
--- PASS: TestOpenAPISpecValidJSON (0.00s)
=== RUN   TestOpenAPISpec_ErrorSchemas
--- PASS: TestOpenAPISpec_ErrorSchemas (0.00s)
=== RUN   TestOpenAPISpec_BlocksTag
--- PASS: TestOpenAPISpec_BlocksTag (0.00s)
=== RUN   TestParseIndexFromModel
=== RUN   TestParseIndexFromModel/gleann/my-docs
=== RUN   TestParseIndexFromModel/gleann/a,b
=== RUN   TestParseIndexFromModel/gleann/a,_b_,_c
=== RUN   TestParseIndexFromModel/gleann/
=== RUN   TestParseIndexFromModel/gpt-4o
=== RUN   TestParseIndexFromModel/llama3.2:3b
=== RUN   TestParseIndexFromModel/gleann/single
--- PASS: TestParseIndexFromModel (0.00s)
    --- PASS: TestParseIndexFromModel/gleann/my-docs (0.00s)
    --- PASS: TestParseIndexFromModel/gleann/a,b (0.00s)
    --- PASS: TestParseIndexFromModel/gleann/a,_b_,_c (0.00s)
    --- PASS: TestParseIndexFromModel/gleann/ (0.00s)
    --- PASS: TestParseIndexFromModel/gpt-4o (0.00s)
    --- PASS: TestParseIndexFromModel/llama3.2:3b (0.00s)
    --- PASS: TestParseIndexFromModel/gleann/single (0.00s)
=== RUN   TestLastUserContent
--- PASS: TestLastUserContent (0.00s)
=== RUN   TestLastUserContentEmpty
--- PASS: TestLastUserContentEmpty (0.00s)
=== RUN   TestLastUserContentNone
--- PASS: TestLastUserContentNone (0.00s)
=== RUN   TestBuildProxyMessagesNoIndex
--- PASS: TestBuildProxyMessagesNoIndex (0.00s)
=== RUN   TestBuildProxyMessagesUnknownIndex
--- PASS: TestBuildProxyMessagesUnknownIndex (0.00s)
=== RUN   TestHandleListModels_Empty
--- PASS: TestHandleListModels_Empty (0.00s)
=== RUN   TestHandleListModels_ContentType
--- PASS: TestHandleListModels_ContentType (0.00s)
=== RUN   TestHandleListModels_ModelFields
--- PASS: TestHandleListModels_ModelFields (0.00s)
=== RUN   TestHandleChatCompletions_InvalidJSON
--- PASS: TestHandleChatCompletions_InvalidJSON (0.00s)
=== RUN   TestHandleChatCompletions_EmptyMessages
--- PASS: TestHandleChatCompletions_EmptyMessages (0.00s)
=== RUN   TestHandleChatCompletions_UnknownIndex
--- PASS: TestHandleChatCompletions_UnknownIndex (0.00s)
=== RUN   TestHandleChatCompletions_StreamUnknownIndex
--- PASS: TestHandleChatCompletions_StreamUnknownIndex (0.00s)
=== RUN   TestProxyLLMConfig_Defaults
--- PASS: TestProxyLLMConfig_Defaults (0.00s)
=== RUN   TestListModelsRoute
--- PASS: TestListModelsRoute (0.00s)
=== RUN   TestOpenAPISpecProxyPaths
--- PASS: TestOpenAPISpecProxyPaths (0.00s)
=== RUN   TestOpenAPISpecProxySchemas
--- PASS: TestOpenAPISpecProxySchemas (0.00s)
=== RUN   TestOAIChunkSerialization
--- PASS: TestOAIChunkSerialization (0.00s)
=== RUN   TestSSEDoneSentinel
--- PASS: TestSSEDoneSentinel (0.00s)
=== RUN   TestTopKHeaderOverride_Invalid
--- PASS: TestTopKHeaderOverride_Invalid (0.00s)
=== RUN   TestMinScoreHeaderOverride_Invalid
--- PASS: TestMinScoreHeaderOverride_Invalid (0.00s)
=== RUN   TestRateLimiter_AllowsFirstRequest
--- PASS: TestRateLimiter_AllowsFirstRequest (0.00s)
=== RUN   TestRateLimiter_AllowsWithinBurst
--- PASS: TestRateLimiter_AllowsWithinBurst (0.00s)
=== RUN   TestRateLimiter_BlocksWhenBucketEmpty
--- PASS: TestRateLimiter_BlocksWhenBucketEmpty (0.00s)
=== RUN   TestRateLimiter_RefillsOverTime
--- PASS: TestRateLimiter_RefillsOverTime (0.01s)
=== RUN   TestRateLimiter_IsolatesIPs
--- PASS: TestRateLimiter_IsolatesIPs (0.00s)
=== RUN   TestClientIP_DirectConnection
--- PASS: TestClientIP_DirectConnection (0.00s)
=== RUN   TestClientIP_XForwardedForFromPrivate
--- PASS: TestClientIP_XForwardedForFromPrivate (0.00s)
=== RUN   TestClientIP_XForwardedForFromPublic_Ignored
--- PASS: TestClientIP_XForwardedForFromPublic_Ignored (0.00s)
=== RUN   TestRateLimitMiddleware_AllowsHealthEndpoint
--- PASS: TestRateLimitMiddleware_AllowsHealthEndpoint (0.00s)
=== RUN   TestRateLimitMiddleware_Returns429WhenLimited
--- PASS: TestRateLimitMiddleware_Returns429WhenLimited (0.00s)
=== RUN   TestNewRateLimiter_EnvVarOverride
--- PASS: TestNewRateLimiter_EnvVarOverride (0.00s)
=== RUN   TestNewRateLimiter_InvalidEnvVars
--- PASS: TestNewRateLimiter_InvalidEnvVars (0.00s)
=== RUN   TestSanitizeIP_Valid
--- PASS: TestSanitizeIP_Valid (0.00s)
=== RUN   TestSanitizeIP_Invalid
--- PASS: TestSanitizeIP_Invalid (0.00s)
=== RUN   TestIsPrivate_LoopbackIsPrivate
--- PASS: TestIsPrivate_LoopbackIsPrivate (0.00s)
=== RUN   TestIsPrivate_PrivateRanges
--- PASS: TestIsPrivate_PrivateRanges (0.00s)
=== RUN   TestIsPrivate_PublicIPNotPrivate
--- PASS: TestIsPrivate_PublicIPNotPrivate (0.00s)
=== RUN   TestRateLimitMiddleware_AllowsMetricsEndpoint
--- PASS: TestRateLimitMiddleware_AllowsMetricsEndpoint (0.00s)
=== RUN   TestNewSchedulerConfig_Defaults
--- PASS: TestNewSchedulerConfig_Defaults (0.00s)
=== RUN   TestNewSchedulerConfig_Disabled
--- PASS: TestNewSchedulerConfig_Disabled (0.00s)
=== RUN   TestNewSchedulerConfig_DisabledZero
--- PASS: TestNewSchedulerConfig_DisabledZero (0.00s)
=== RUN   TestNewSchedulerConfig_CustomInterval
--- PASS: TestNewSchedulerConfig_CustomInterval (0.00s)
=== RUN   TestStartMaintenanceScheduler_NilManagerIsNoop
--- PASS: TestStartMaintenanceScheduler_NilManagerIsNoop (0.00s)
=== RUN   TestStartMaintenanceScheduler_StopsOnClose
2026/08/17 12:00:07 memory maintenance scheduler started (interval: 360µs)
--- PASS: TestStartMaintenanceScheduler_StopsOnClose (0.10s)
=== RUN   TestRunOnce_DoesNotPanicOnEmptyStore
2026/08/17 12:00:07 running memory maintenance (promote medium→long, prune expired)...
2026/08/17 12:00:07 memory maintenance completed
--- PASS: TestRunOnce_DoesNotPanicOnEmptyStore (0.10s)
=== RUN   TestStartSleepTimeEngine_DisabledByDefault
--- PASS: TestStartSleepTimeEngine_DisabledByDefault (0.02s)
=== RUN   TestStartSleepTimeEngine_EnabledButNoConvStore
2026/08/17 12:00:07 sleep-time engine started (interval: 30m0s, max_convs: 5)
--- PASS: TestStartSleepTimeEngine_EnabledButNoConvStore (0.07s)
=== RUN   TestHandleSearchMissingName
--- PASS: TestHandleSearchMissingName (0.00s)
=== RUN   TestHandleSearchBadJSON
--- PASS: TestHandleSearchBadJSON (0.00s)
=== RUN   TestHandleSearchEmptyQuery2
--- PASS: TestHandleSearchEmptyQuery2 (0.00s)
=== RUN   TestHandleSearchIndexNotFound
--- PASS: TestHandleSearchIndexNotFound (0.00s)
=== RUN   TestHandleAskMissingName
--- PASS: TestHandleAskMissingName (0.00s)
=== RUN   TestHandleAskBadJSON
--- PASS: TestHandleAskBadJSON (0.00s)
=== RUN   TestHandleAskEmptyQuestion
--- PASS: TestHandleAskEmptyQuestion (0.00s)
=== RUN   TestHandleAskIndexNotFound
--- PASS: TestHandleAskIndexNotFound (0.00s)
=== RUN   TestHandleGetIndexMissingName2
--- PASS: TestHandleGetIndexMissingName2 (0.00s)
=== RUN   TestHandleBuildMissingName
--- PASS: TestHandleBuildMissingName (0.00s)
=== RUN   TestHandleBuildBadJSON2
--- PASS: TestHandleBuildBadJSON2 (0.00s)
=== RUN   TestHandleBuildNoTexts2
--- PASS: TestHandleBuildNoTexts2 (0.00s)
=== RUN   TestHandleDeleteIndexMissing2
--- PASS: TestHandleDeleteIndexMissing2 (0.00s)
=== RUN   TestHandleListConversations2
--- PASS: TestHandleListConversations2 (0.00s)
=== RUN   TestHandleGetConversationMissingID
--- PASS: TestHandleGetConversationMissingID (0.00s)
=== RUN   TestHandleGetConversationNotFound
--- PASS: TestHandleGetConversationNotFound (0.00s)
=== RUN   TestHandleDeleteConversationMissingID
--- PASS: TestHandleDeleteConversationMissingID (0.00s)
=== RUN   TestHandleMultiSearchBadJSON
--- PASS: TestHandleMultiSearchBadJSON (0.00s)
=== RUN   TestHandleMultiSearchEmptyQuery2
--- PASS: TestHandleMultiSearchEmptyQuery2 (0.00s)
=== RUN   TestHandleHealthResponse
--- PASS: TestHandleHealthResponse (0.00s)
=== RUN   TestHandleListIndexesEmpty2
--- PASS: TestHandleListIndexesEmpty2 (0.01s)
=== RUN   TestWriteJSONContentType
--- PASS: TestWriteJSONContentType (0.00s)
=== RUN   TestWriteErrorBody
--- PASS: TestWriteErrorBody (0.00s)
=== RUN   TestNewServerDefaultVersion2
--- PASS: TestNewServerDefaultVersion2 (0.00s)
=== RUN   TestHandleHealthExt3
--- PASS: TestHandleHealthExt3 (0.00s)
=== RUN   TestHandleListIndexesEmptyExt3
--- PASS: TestHandleListIndexesEmptyExt3 (0.00s)
=== RUN   TestHandleGetIndexNotFoundExt3
--- PASS: TestHandleGetIndexNotFoundExt3 (0.00s)
=== RUN   TestHandleGetIndexEmptyNameExt3
--- PASS: TestHandleGetIndexEmptyNameExt3 (0.00s)
=== RUN   TestHandleSearchEmptyNameExt3
--- PASS: TestHandleSearchEmptyNameExt3 (0.00s)
=== RUN   TestHandleSearchInvalidBodyExt3
--- PASS: TestHandleSearchInvalidBodyExt3 (0.00s)
=== RUN   TestHandleSearchEmptyQueryExt3
--- PASS: TestHandleSearchEmptyQueryExt3 (0.00s)
=== RUN   TestHandleSearchIndexNotFoundExt3
--- PASS: TestHandleSearchIndexNotFoundExt3 (0.00s)
=== RUN   TestHandleAskEmptyNameExt3
--- PASS: TestHandleAskEmptyNameExt3 (0.00s)
=== RUN   TestHandleAskInvalidBodyExt3
--- PASS: TestHandleAskInvalidBodyExt3 (0.00s)
=== RUN   TestHandleAskEmptyQuestionExt3
--- PASS: TestHandleAskEmptyQuestionExt3 (0.00s)
=== RUN   TestHandleAskIndexNotFoundExt3
--- PASS: TestHandleAskIndexNotFoundExt3 (0.00s)
=== RUN   TestHandleBuildEmptyNameExt3
--- PASS: TestHandleBuildEmptyNameExt3 (0.00s)
=== RUN   TestHandleBuildInvalidBodyExt3
--- PASS: TestHandleBuildInvalidBodyExt3 (0.00s)
=== RUN   TestHandleBuildEmptyExt3
--- PASS: TestHandleBuildEmptyExt3 (0.00s)
=== RUN   TestHandleDeleteIndexEmptyNameExt3
--- PASS: TestHandleDeleteIndexEmptyNameExt3 (0.01s)
=== RUN   TestHandleDeleteIndexNotFoundExt3
--- PASS: TestHandleDeleteIndexNotFoundExt3 (0.00s)
=== RUN   TestHandleListConversationsExt3
--- PASS: TestHandleListConversationsExt3 (0.00s)
=== RUN   TestHandleGetConversationEmptyIDExt3
--- PASS: TestHandleGetConversationEmptyIDExt3 (0.00s)
=== RUN   TestHandleGetConversationNotFoundExt3
--- PASS: TestHandleGetConversationNotFoundExt3 (0.01s)
=== RUN   TestHandleDeleteConversationEmptyIDExt3
--- PASS: TestHandleDeleteConversationEmptyIDExt3 (0.00s)
=== RUN   TestHandleDeleteConversationNotFoundExt3
--- PASS: TestHandleDeleteConversationNotFoundExt3 (0.00s)
=== RUN   TestWriteJSONExt3
--- PASS: TestWriteJSONExt3 (0.00s)
=== RUN   TestWriteErrorExt3
--- PASS: TestWriteErrorExt3 (0.00s)
=== RUN   TestNewServerDefaultsExt3
--- PASS: TestNewServerDefaultsExt3 (0.00s)
=== RUN   TestWithMiddlewareCORSExt3
2026/08/17 12:00:07 GET /test 0s
--- PASS: TestWithMiddlewareCORSExt3 (0.00s)
=== RUN   TestWithMiddlewareOptionsExt3
--- PASS: TestWithMiddlewareOptionsExt3 (0.00s)
=== RUN   TestHandleSearchWithOptionsExt3
--- PASS: TestHandleSearchWithOptionsExt3 (0.00s)
=== RUN   TestHandleAskWithOptionsExt3
--- PASS: TestHandleAskWithOptionsExt3 (0.00s)
=== RUN   TestHandleAskStreamParamExt3
--- PASS: TestHandleAskStreamParamExt3 (0.00s)
=== RUN   TestSanitizeIP
=== RUN   TestSanitizeIP/valid_ipv4
=== RUN   TestSanitizeIP/valid_ipv6
=== RUN   TestSanitizeIP/valid_ipv6_full
=== RUN   TestSanitizeIP/with_leading_spaces
=== RUN   TestSanitizeIP/with_tabs
=== RUN   TestSanitizeIP/invalid
=== RUN   TestSanitizeIP/empty
=== RUN   TestSanitizeIP/with_port_(invalid_for_ParseIP)
--- PASS: TestSanitizeIP (0.00s)
    --- PASS: TestSanitizeIP/valid_ipv4 (0.00s)
    --- PASS: TestSanitizeIP/valid_ipv6 (0.00s)
    --- PASS: TestSanitizeIP/valid_ipv6_full (0.00s)
    --- PASS: TestSanitizeIP/with_leading_spaces (0.00s)
    --- PASS: TestSanitizeIP/with_tabs (0.00s)
    --- PASS: TestSanitizeIP/invalid (0.00s)
    --- PASS: TestSanitizeIP/empty (0.00s)
    --- PASS: TestSanitizeIP/with_port_(invalid_for_ParseIP) (0.00s)
=== RUN   TestIsPrivate
=== RUN   TestIsPrivate/loopback
=== RUN   TestIsPrivate/loopback_with_port
=== RUN   TestIsPrivate/private_10.x
=== RUN   TestIsPrivate/private_192.168
=== RUN   TestIsPrivate/private_172.16
=== RUN   TestIsPrivate/public
=== RUN   TestIsPrivate/public_with_port
=== RUN   TestIsPrivate/ipv6_loopback
=== RUN   TestIsPrivate/invalid
=== RUN   TestIsPrivate/empty
--- PASS: TestIsPrivate (0.00s)
    --- PASS: TestIsPrivate/loopback (0.00s)
    --- PASS: TestIsPrivate/loopback_with_port (0.00s)
    --- PASS: TestIsPrivate/private_10.x (0.00s)
    --- PASS: TestIsPrivate/private_192.168 (0.00s)
    --- PASS: TestIsPrivate/private_172.16 (0.00s)
    --- PASS: TestIsPrivate/public (0.00s)
    --- PASS: TestIsPrivate/public_with_port (0.00s)
    --- PASS: TestIsPrivate/ipv6_loopback (0.00s)
    --- PASS: TestIsPrivate/invalid (0.00s)
    --- PASS: TestIsPrivate/empty (0.00s)
=== RUN   TestClientIP
=== RUN   TestClientIP/direct_connection
=== RUN   TestClientIP/loopback_with_XFF
=== RUN   TestClientIP/private_with_X-Real-IP
=== RUN   TestClientIP/public_ignores_XFF
=== RUN   TestClientIP/XFF_with_multiple_IPs
=== RUN   TestClientIP/no_port
--- PASS: TestClientIP (0.00s)
    --- PASS: TestClientIP/direct_connection (0.00s)
    --- PASS: TestClientIP/loopback_with_XFF (0.00s)
    --- PASS: TestClientIP/private_with_X-Real-IP (0.00s)
    --- PASS: TestClientIP/public_ignores_XFF (0.00s)
    --- PASS: TestClientIP/XFF_with_multiple_IPs (0.00s)
    --- PASS: TestClientIP/no_port (0.00s)
=== RUN   TestPickTimeout
=== RUN   TestPickTimeout/ask_endpoint
=== RUN   TestPickTimeout/chat_completions
=== RUN   TestPickTimeout/search_endpoint
=== RUN   TestPickTimeout/api_search
=== RUN   TestPickTimeout/build_endpoint
=== RUN   TestPickTimeout/default
=== RUN   TestPickTimeout/root
--- PASS: TestPickTimeout (0.00s)
    --- PASS: TestPickTimeout/ask_endpoint (0.00s)
    --- PASS: TestPickTimeout/chat_completions (0.00s)
    --- PASS: TestPickTimeout/search_endpoint (0.00s)
    --- PASS: TestPickTimeout/api_search (0.00s)
    --- PASS: TestPickTimeout/build_endpoint (0.00s)
    --- PASS: TestPickTimeout/default (0.00s)
    --- PASS: TestPickTimeout/root (0.00s)
=== RUN   TestNewTimeoutConfig
--- PASS: TestNewTimeoutConfig (0.00s)
=== RUN   TestRateLimiterAllow
--- PASS: TestRateLimiterAllow (0.00s)
=== RUN   TestRateLimiterMiddleware
--- PASS: TestRateLimiterMiddleware (0.00s)
=== RUN   TestTimeoutMiddlewareSkipsSSE
--- PASS: TestTimeoutMiddlewareSkipsSSE (0.00s)
=== RUN   TestParamName
--- PASS: TestParamName (0.00s)
=== RUN   TestRefSchema
--- PASS: TestRefSchema (0.00s)
=== RUN   TestWriteJSONExtended
--- PASS: TestWriteJSONExtended (0.00s)
=== RUN   TestWriteErrorExtended
--- PASS: TestWriteErrorExtended (0.00s)
=== RUN   TestNewRateLimiter
--- PASS: TestNewRateLimiter (0.00s)
=== RUN   TestHandleHealth
--- PASS: TestHandleHealth (0.00s)
=== RUN   TestHandleListIndexesEmpty
--- PASS: TestHandleListIndexesEmpty (0.00s)
=== RUN   TestHandleGetIndexNotFound
--- PASS: TestHandleGetIndexNotFound (0.00s)
=== RUN   TestHandleSearchBadRequest
--- PASS: TestHandleSearchBadRequest (0.00s)
=== RUN   TestHandleSearchEmptyQuery
--- PASS: TestHandleSearchEmptyQuery (0.00s)
=== RUN   TestHandleDeleteIndexNotFound
--- PASS: TestHandleDeleteIndexNotFound (0.00s)
=== RUN   TestHandleBuildBadRequest
--- PASS: TestHandleBuildBadRequest (0.00s)
=== RUN   TestHandleBuildNoTexts
--- PASS: TestHandleBuildNoTexts (0.00s)
=== RUN   TestHandleUpdateIndexBadRequest
--- PASS: TestHandleUpdateIndexBadRequest (0.00s)
=== RUN   TestWriteJSON
--- PASS: TestWriteJSON (0.00s)
=== RUN   TestWriteError
--- PASS: TestWriteError (0.00s)
=== RUN   TestCORSMiddleware
2026/08/17 12:00:07 GET /test 0s
--- PASS: TestCORSMiddleware (0.00s)
=== RUN   TestCORSPreflight
--- PASS: TestCORSPreflight (0.00s)
=== RUN   TestHandleAskStreamMissingQuestion
--- PASS: TestHandleAskStreamMissingQuestion (0.00s)
=== RUN   TestHandleAskStreamMissingName
--- PASS: TestHandleAskStreamMissingName (0.00s)
=== RUN   TestHandleAskStreamIndexNotFound
--- PASS: TestHandleAskStreamIndexNotFound (0.00s)
=== RUN   TestHandleAskStreamQueryParam
--- PASS: TestHandleAskStreamQueryParam (0.00s)
=== RUN   TestHandleAskStreamBadJSON
--- PASS: TestHandleAskStreamBadJSON (0.00s)
=== RUN   TestAskRequestStreamField
--- PASS: TestAskRequestStreamField (0.00s)
=== RUN   TestAskRequestStreamDefault
--- PASS: TestAskRequestStreamDefault (0.00s)
=== RUN   TestSSEEventFormat
--- PASS: TestSSEEventFormat (0.00s)
=== RUN   TestSSEDoneEvent
--- PASS: TestSSEDoneEvent (0.00s)
=== RUN   TestHandleListTasks
--- PASS: TestHandleListTasks (0.10s)
=== RUN   TestHandleListTasksFilter
--- PASS: TestHandleListTasksFilter (0.10s)
=== RUN   TestHandleGetTask
--- PASS: TestHandleGetTask (0.10s)
=== RUN   TestHandleGetTask_NotFound
--- PASS: TestHandleGetTask_NotFound (0.00s)
=== RUN   TestHandleCleanupTasks
--- PASS: TestHandleCleanupTasks (0.10s)
=== RUN   TestPickTimeout_AskEndpoint
--- PASS: TestPickTimeout_AskEndpoint (0.00s)
=== RUN   TestPickTimeout_SearchEndpoint
--- PASS: TestPickTimeout_SearchEndpoint (0.00s)
=== RUN   TestPickTimeout_BuildEndpoint
--- PASS: TestPickTimeout_BuildEndpoint (0.00s)
=== RUN   TestPickTimeout_DefaultEndpoint
--- PASS: TestPickTimeout_DefaultEndpoint (0.00s)
=== RUN   TestPickTimeout_OpenAPICompletions
--- PASS: TestPickTimeout_OpenAPICompletions (0.00s)
=== RUN   TestTimeoutMiddleware_NormalCompletion
--- PASS: TestTimeoutMiddleware_NormalCompletion (0.00s)
=== RUN   TestTimeoutMiddleware_Returns504OnTimeout
--- PASS: TestTimeoutMiddleware_Returns504OnTimeout (0.01s)
=== RUN   TestTimeoutMiddleware_SkipsSSEStream
--- PASS: TestTimeoutMiddleware_SkipsSSEStream (0.00s)
=== RUN   TestTimeoutMiddleware_SkipsEventStreamAccept
--- PASS: TestTimeoutMiddleware_SkipsEventStreamAccept (0.00s)
=== RUN   TestEnvSeconds_Empty
--- PASS: TestEnvSeconds_Empty (0.00s)
=== RUN   TestEnvSeconds_ValidNumber
--- PASS: TestEnvSeconds_ValidNumber (0.00s)
=== RUN   TestEnvSeconds_InvalidNumber
--- PASS: TestEnvSeconds_InvalidNumber (0.00s)
=== RUN   TestEnvSeconds_NegativeNumber
--- PASS: TestEnvSeconds_NegativeNumber (0.00s)
=== RUN   TestNewTimeoutConfig_EnvOverrides
--- PASS: TestNewTimeoutConfig_EnvOverrides (0.00s)
=== RUN   TestTimeoutWriter_Write
--- PASS: TestTimeoutWriter_Write (0.00s)
=== RUN   TestTimeoutWriter_Flush
--- PASS: TestTimeoutWriter_Flush (0.00s)
=== RUN   TestUnifiedIngest_BadJSON
--- PASS: TestUnifiedIngest_BadJSON (0.07s)
=== RUN   TestUnifiedIngest_EmptyPayload
--- PASS: TestUnifiedIngest_EmptyPayload (0.05s)
=== RUN   TestUnifiedIngest_SingleFact
--- PASS: TestUnifiedIngest_SingleFact (0.09s)
=== RUN   TestUnifiedIngest_EmptyContent
--- PASS: TestUnifiedIngest_EmptyContent (0.04s)
=== RUN   TestUnifiedIngest_WithScope
--- PASS: TestUnifiedIngest_WithScope (0.06s)
=== RUN   TestUnifiedIngest_WithProject
--- PASS: TestUnifiedIngest_WithProject (0.09s)
=== RUN   TestUnifiedIngest_WithMetadataCov2
--- PASS: TestUnifiedIngest_WithMetadataCov2 (0.10s)
=== RUN   TestUnifiedIngest_FactAllTiers
--- PASS: TestUnifiedIngest_FactAllTiers (0.36s)
=== RUN   TestUnifiedIngest_RelationshipMissingFields
--- PASS: TestUnifiedIngest_RelationshipMissingFields (0.04s)
=== RUN   TestUnifiedIngest_RelationshipNoIndex
--- PASS: TestUnifiedIngest_RelationshipNoIndex (0.05s)
=== RUN   TestUnifiedRecall_BadJSON
--- PASS: TestUnifiedRecall_BadJSON (0.07s)
=== RUN   TestUnifiedRecall_EmptyQueryCov2
--- PASS: TestUnifiedRecall_EmptyQueryCov2 (0.07s)
=== RUN   TestUnifiedRecall_BlocksOnly
--- PASS: TestUnifiedRecall_BlocksOnly (0.09s)
=== RUN   TestUnifiedRecall_DefaultTopK
--- PASS: TestUnifiedRecall_DefaultTopK (0.03s)
=== RUN   TestUnifiedRecall_WithProject
--- PASS: TestUnifiedRecall_WithProject (0.08s)
=== RUN   TestUnifiedRecall_ContextFormatCov2
--- PASS: TestUnifiedRecall_ContextFormatCov2 (0.05s)
=== RUN   TestUnifiedRecall_TierFilterCov2
--- PASS: TestUnifiedRecall_TierFilterCov2 (0.08s)
=== RUN   TestUnifiedRecall_TagFilterCov2
--- PASS: TestUnifiedRecall_TagFilterCov2 (0.07s)
=== RUN   TestUnifiedRecall_TemporalFilter
--- PASS: TestUnifiedRecall_TemporalFilter (0.03s)
=== RUN   TestUnifiedRecall_VectorLayer
--- PASS: TestUnifiedRecall_VectorLayer (0.09s)
=== RUN   TestUnifiedRecall_GraphLayer
--- PASS: TestUnifiedRecall_GraphLayer (0.04s)
=== RUN   TestLayerSet_Empty
--- PASS: TestLayerSet_Empty (0.00s)
=== RUN   TestLayerSet_Specific
--- PASS: TestLayerSet_Specific (0.00s)
=== RUN   TestParseTier
--- PASS: TestParseTier (0.00s)
=== RUN   TestTruncateHelper
--- PASS: TestTruncateHelper (0.00s)
=== RUN   TestContainsAllTagsCov2
--- PASS: TestContainsAllTagsCov2 (0.00s)
=== RUN   TestParseTimeOrDuration_RFC3339
--- PASS: TestParseTimeOrDuration_RFC3339 (0.00s)
=== RUN   TestParseTimeOrDuration_Duration
--- PASS: TestParseTimeOrDuration_Duration (0.00s)
=== RUN   TestParseTimeOrDuration_Invalid
--- PASS: TestParseTimeOrDuration_Invalid (0.00s)
=== RUN   TestParseDuration_Days
--- PASS: TestParseDuration_Days (0.00s)
=== RUN   TestParseDuration_Weeks
--- PASS: TestParseDuration_Weeks (0.00s)
=== RUN   TestParseDuration_Standard
--- PASS: TestParseDuration_Standard (0.00s)
=== RUN   TestBuildRecallContext_AllLayers
--- PASS: TestBuildRecallContext_AllLayers (0.00s)
=== RUN   TestBuildRecallContext_Empty
--- PASS: TestBuildRecallContext_Empty (0.00s)
=== RUN   TestMountUnifiedMemory
--- PASS: TestMountUnifiedMemory (0.06s)
=== RUN   TestUnifiedIngest_Facts
--- PASS: TestUnifiedIngest_Facts (0.09s)
=== RUN   TestUnifiedIngest_ScopedFacts
--- PASS: TestUnifiedIngest_ScopedFacts (0.05s)
=== RUN   TestUnifiedIngest_EmptyRequest
--- PASS: TestUnifiedIngest_EmptyRequest (0.08s)
=== RUN   TestUnifiedIngest_EmptyFactContent
--- PASS: TestUnifiedIngest_EmptyFactContent (0.09s)
=== RUN   TestUnifiedRecall_Blocks
--- PASS: TestUnifiedRecall_Blocks (0.05s)
=== RUN   TestUnifiedRecall_EmptyQuery
--- PASS: TestUnifiedRecall_EmptyQuery (0.03s)
=== RUN   TestUnifiedRecall_ContextFormat
--- PASS: TestUnifiedRecall_ContextFormat (0.04s)
=== RUN   TestUnifiedRecall_AllLayersDefault
--- PASS: TestUnifiedRecall_AllLayersDefault (0.04s)
=== RUN   TestBuildRecallContext
--- PASS: TestBuildRecallContext (0.00s)
=== RUN   TestUnifiedIngest_WithMetadata
--- PASS: TestUnifiedIngest_WithMetadata (0.03s)
=== RUN   TestUnifiedIngest_WithTTL
--- PASS: TestUnifiedIngest_WithTTL (0.09s)
=== RUN   TestUnifiedRecall_TagFilter
--- PASS: TestUnifiedRecall_TagFilter (0.05s)
=== RUN   TestUnifiedRecall_TierFilter
--- PASS: TestUnifiedRecall_TierFilter (0.20s)
=== RUN   TestUnifiedRecall_DateFilter
--- PASS: TestUnifiedRecall_DateFilter (0.05s)
=== RUN   TestParseDuration
--- PASS: TestParseDuration (0.00s)
=== RUN   TestContainsAllTags
--- PASS: TestContainsAllTags (0.00s)
=== RUN   TestUnifiedIngest_ProjectField_SetsScope
--- PASS: TestUnifiedIngest_ProjectField_SetsScope (0.04s)
=== RUN   TestUnifiedRecall_ProjectField_IsolatesScope
--- PASS: TestUnifiedRecall_ProjectField_IsolatesScope (0.06s)
=== RUN   TestUnifiedIngest_ProjectOverridesScope
--- PASS: TestUnifiedIngest_ProjectOverridesScope (0.08s)
=== RUN   TestParseTierShort
--- PASS: TestParseTierShort (0.00s)
=== RUN   TestParseTierMedium
--- PASS: TestParseTierMedium (0.00s)
=== RUN   TestParseTierLong
--- PASS: TestParseTierLong (0.00s)
=== RUN   TestParseTierDefault
--- PASS: TestParseTierDefault (0.00s)
=== RUN   TestParseTierCaseInsensitive
--- PASS: TestParseTierCaseInsensitive (0.00s)
=== RUN   TestParseTierUnknown
--- PASS: TestParseTierUnknown (0.00s)
=== RUN   TestTruncateShortUMH
--- PASS: TestTruncateShortUMH (0.00s)
=== RUN   TestTruncateLongUMH
--- PASS: TestTruncateLongUMH (0.00s)
=== RUN   TestTruncateExactUMH
--- PASS: TestTruncateExactUMH (0.00s)
=== RUN   TestLayerSetEmpty
--- PASS: TestLayerSetEmpty (0.00s)
=== RUN   TestLayerSetSpecific
--- PASS: TestLayerSetSpecific (0.00s)
=== RUN   TestLayerSetCaseInsensitive
--- PASS: TestLayerSetCaseInsensitive (0.00s)
=== RUN   TestParseDurationHours
--- PASS: TestParseDurationHours (0.00s)
=== RUN   TestParseDurationDays
--- PASS: TestParseDurationDays (0.00s)
=== RUN   TestParseDurationWeeks
--- PASS: TestParseDurationWeeks (0.00s)
=== RUN   TestParseDurationMinutes
--- PASS: TestParseDurationMinutes (0.00s)
=== RUN   TestParseDurationInvalid
--- PASS: TestParseDurationInvalid (0.00s)
=== RUN   TestParseTimeOrDurationRFC3339
--- PASS: TestParseTimeOrDurationRFC3339 (0.00s)
=== RUN   TestParseTimeOrDurationGoRelative
--- PASS: TestParseTimeOrDurationGoRelative (0.00s)
=== RUN   TestParseTimeOrDurationInvalid
--- PASS: TestParseTimeOrDurationInvalid (0.00s)
=== RUN   TestContainsAllTagsMatch
--- PASS: TestContainsAllTagsMatch (0.00s)
=== RUN   TestContainsAllTagsMissing
--- PASS: TestContainsAllTagsMissing (0.00s)
=== RUN   TestContainsAllTagsEmpty
--- PASS: TestContainsAllTagsEmpty (0.00s)
=== RUN   TestContainsAllTagsCaseInsensitive
--- PASS: TestContainsAllTagsCaseInsensitive (0.00s)
=== RUN   TestBuildRecallContextEmpty
--- PASS: TestBuildRecallContextEmpty (0.00s)
=== RUN   TestBuildRecallContextWithBlocks
--- PASS: TestBuildRecallContextWithBlocks (0.00s)
=== RUN   TestBuildRecallContextWithGraph
--- PASS: TestBuildRecallContextWithGraph (0.00s)
=== RUN   TestBuildRecallContextWithVector
--- PASS: TestBuildRecallContextWithVector (0.00s)
=== RUN   TestBuildRecallContextAllLayers
--- PASS: TestBuildRecallContextAllLayers (0.00s)
=== RUN   TestHandleUnifiedIngestBadJSON
--- PASS: TestHandleUnifiedIngestBadJSON (0.00s)
=== RUN   TestHandleUnifiedIngestEmpty
--- PASS: TestHandleUnifiedIngestEmpty (0.00s)
=== RUN   TestHandleUnifiedIngestRelationshipMissingFields
--- PASS: TestHandleUnifiedIngestRelationshipMissingFields (0.00s)
=== RUN   TestHandleUnifiedRecallBadJSON
--- PASS: TestHandleUnifiedRecallBadJSON (0.00s)
=== RUN   TestHandleUnifiedRecallMissingQuery
--- PASS: TestHandleUnifiedRecallMissingQuery (0.00s)
=== RUN   TestHandleUnifiedRecallWithProject
--- PASS: TestHandleUnifiedRecallWithProject (0.05s)
=== RUN   TestHandleUnifiedRecallContextFormat
--- PASS: TestHandleUnifiedRecallContextFormat (4.99s)
=== RUN   TestHandleListWebhooksEmpty
--- PASS: TestHandleListWebhooksEmpty (0.00s)
=== RUN   TestHandleRegisterWebhook
--- PASS: TestHandleRegisterWebhook (0.01s)
=== RUN   TestHandleRegisterWebhookMissingURL
--- PASS: TestHandleRegisterWebhookMissingURL (0.00s)
=== RUN   TestHandleRegisterWebhookMissingEvents
--- PASS: TestHandleRegisterWebhookMissingEvents (0.00s)
=== RUN   TestHandleDeleteWebhook
--- PASS: TestHandleDeleteWebhook (0.00s)
=== RUN   TestHandleDeleteWebhookNotFound
--- PASS: TestHandleDeleteWebhookNotFound (0.00s)
=== RUN   TestNotifyWebhooksNoTargets
--- PASS: TestNotifyWebhooksNoTargets (0.00s)
=== RUN   TestNotifyWebhooksMatchesEvent
--- PASS: TestNotifyWebhooksMatchesEvent (0.00s)
=== RUN   TestNotifyWebhooksWildcard
--- PASS: TestNotifyWebhooksWildcard (0.00s)
=== RUN   TestValidateWebhookURL_Valid
--- PASS: TestValidateWebhookURL_Valid (0.00s)
=== RUN   TestValidateWebhookURL_BadScheme
--- PASS: TestValidateWebhookURL_BadScheme (0.00s)
=== RUN   TestValidateWebhookURL_BlocksPrivate
--- PASS: TestValidateWebhookURL_BlocksPrivate (0.00s)
=== RUN   TestValidateWebhookURL_MalformedHost
--- PASS: TestValidateWebhookURL_MalformedHost (0.00s)
FAIL
FAIL	github.com/tevfik/gleann/internal/server	20.235s
=== RUN   TestFormatStatus_RunningNoUptime
--- PASS: TestFormatStatus_RunningNoUptime (0.00s)
=== RUN   TestLaunchdPlistPath
--- PASS: TestLaunchdPlistPath (0.00s)
=== RUN   TestSysProcAttr
--- PASS: TestSysProcAttr (0.00s)
=== RUN   TestInstall_UnsupportedPlatform
    service_extra_test.go:16: skipping supported platform
--- SKIP: TestInstall_UnsupportedPlatform (0.00s)
=== RUN   TestUninstall_UnsupportedPlatform
    service_extra_test.go:27: skipping supported platform
--- SKIP: TestUninstall_UnsupportedPlatform (0.00s)
=== RUN   TestStart_AlreadyRunning
--- PASS: TestStart_AlreadyRunning (0.14s)
=== RUN   TestStart_DirCreationFailed
--- PASS: TestStart_DirCreationFailed (0.03s)
=== RUN   TestInstallSystemd_WritesUnit
    service_install_test.go:16: systemd test only on Linux
--- SKIP: TestInstallSystemd_WritesUnit (0.00s)
=== RUN   TestInstallLaunchd_WritesPlist
--- PASS: TestInstallLaunchd_WritesPlist (0.02s)
=== RUN   TestInstall_DispatchesByOS
    service_install_test.go:83: schtasks not available in CI for the Windows branch
--- SKIP: TestInstall_DispatchesByOS (0.00s)
=== RUN   TestInstall_DefaultsBinaryAndAddr
    service_install_test.go:112: 
--- SKIP: TestInstall_DefaultsBinaryAndAddr (0.00s)
=== RUN   TestStart_DefaultsAndAlreadyRunning
--- PASS: TestStart_DefaultsAndAlreadyRunning (0.03s)
=== RUN   TestTaskSchedulerInstalled_SafeWhenAbsent
--- PASS: TestTaskSchedulerInstalled_SafeWhenAbsent (0.03s)
=== RUN   TestGleannDir_HomeOverride
--- PASS: TestGleannDir_HomeOverride (0.00s)
=== RUN   TestGleannDir
--- PASS: TestGleannDir (0.00s)
=== RUN   TestPidFile
--- PASS: TestPidFile (0.00s)
=== RUN   TestLogFile
--- PASS: TestLogFile (0.00s)
=== RUN   TestGetStatus_NoPidFile
--- PASS: TestGetStatus_NoPidFile (0.03s)
=== RUN   TestGetStatus_StalePidFile
--- PASS: TestGetStatus_StalePidFile (0.03s)
=== RUN   TestGetStatus_RunningProcess
--- PASS: TestGetStatus_RunningProcess (0.03s)
=== RUN   TestFormatStatus_Running
--- PASS: TestFormatStatus_Running (0.00s)
=== RUN   TestFormatStatus_Stopped
--- PASS: TestFormatStatus_Stopped (0.00s)
=== RUN   TestLogs_NoFile
--- PASS: TestLogs_NoFile (0.00s)
=== RUN   TestLogs_WithFile
--- PASS: TestLogs_WithFile (0.00s)
=== RUN   TestIsProcessAlive_OwnPid
--- PASS: TestIsProcessAlive_OwnPid (0.00s)
=== RUN   TestIsProcessAlive_DeadPid
--- PASS: TestIsProcessAlive_DeadPid (0.00s)
=== RUN   TestSystemdUnitPath
    service_test.go:193: systemd test only on Linux
--- SKIP: TestSystemdUnitPath (0.00s)
=== RUN   TestStop_NotRunning
--- PASS: TestStop_NotRunning (0.03s)
PASS
ok  	github.com/tevfik/gleann/internal/service	0.406s
=== RUN   TestPickPreferred
=== RUN   TestPickPreferred/first_match
=== RUN   TestPickPreferred/second_match
=== RUN   TestPickPreferred/no_match_fallback
--- PASS: TestPickPreferred (0.00s)
    --- PASS: TestPickPreferred/first_match (0.00s)
    --- PASS: TestPickPreferred/second_match (0.00s)
    --- PASS: TestPickPreferred/no_match_fallback (0.00s)
=== RUN   TestIsSetupNeeded
--- PASS: TestIsSetupNeeded (0.00s)
=== RUN   TestOllamaReachableUnreachable
--- PASS: TestOllamaReachableUnreachable (0.00s)
=== RUN   TestCheckSetup
⚠ gleann is not configured
  Run 'gleann setup' for interactive wizard
  Run 'gleann setup --bootstrap' for quick defaults
--- PASS: TestCheckSetup (0.00s)
=== RUN   TestHandleImageCommand_EmptyPath
--- PASS: TestHandleImageCommand_EmptyPath (0.00s)
=== RUN   TestHandleImageCommand_FileNotFound
--- PASS: TestHandleImageCommand_FileNotFound (0.00s)
=== RUN   TestHandleImageCommand_Directory
--- PASS: TestHandleImageCommand_Directory (0.00s)
=== RUN   TestHandleImageCommand_UnsupportedFormat
--- PASS: TestHandleImageCommand_UnsupportedFormat (0.00s)
=== RUN   TestHandleImageCommand_TooLarge
--- PASS: TestHandleImageCommand_TooLarge (0.00s)
=== RUN   TestHandleImageCommand_Success
--- PASS: TestHandleImageCommand_Success (0.00s)
=== RUN   TestHandleImageCommand_RelativePath
--- PASS: TestHandleImageCommand_RelativePath (0.00s)
=== RUN   TestHandleAttachCommand_Empty
--- PASS: TestHandleAttachCommand_Empty (0.00s)
=== RUN   TestHandleAttachCommand_List
--- PASS: TestHandleAttachCommand_List (0.00s)
=== RUN   TestHandleAttachCommand_Clear
--- PASS: TestHandleAttachCommand_Clear (0.00s)
=== RUN   TestHandleAttachCommand_NotFound
--- PASS: TestHandleAttachCommand_NotFound (0.00s)
=== RUN   TestHandleAttachCommand_Duplicate
--- PASS: TestHandleAttachCommand_Duplicate (0.00s)
=== RUN   TestHandleAttachCommand_File
--- PASS: TestHandleAttachCommand_File (0.00s)
=== RUN   TestHandleAttachCommand_Directory
--- PASS: TestHandleAttachCommand_Directory (0.00s)
=== RUN   TestHandleDetachCommand_Empty
--- PASS: TestHandleDetachCommand_Empty (0.00s)
=== RUN   TestHandleDetachCommand_NotFound
--- PASS: TestHandleDetachCommand_NotFound (0.00s)
=== RUN   TestHandleDetachCommand_ByAbsPath
--- PASS: TestHandleDetachCommand_ByAbsPath (0.00s)
=== RUN   TestHandleDetachCommand_ByBaseName
--- PASS: TestHandleDetachCommand_ByBaseName (0.00s)
=== RUN   TestHandleIndexCommand_Default
--- PASS: TestHandleIndexCommand_Default (0.00s)
=== RUN   TestHandleIndexCommand_Info
--- PASS: TestHandleIndexCommand_Info (0.00s)
=== RUN   TestHandleIndexCommand_SwitchNoConfig
--- PASS: TestHandleIndexCommand_SwitchNoConfig (0.00s)
=== RUN   TestHandleBudgetCommand_ZeroTokens
--- PASS: TestHandleBudgetCommand_ZeroTokens (0.00s)
=== RUN   TestHandleBudgetCommand_WithTokens
--- PASS: TestHandleBudgetCommand_WithTokens (0.00s)
=== RUN   TestMouseToggleDefaults
--- PASS: TestMouseToggleDefaults (0.00s)
=== RUN   TestHandleAudioCommand_EmptyPath
--- PASS: TestHandleAudioCommand_EmptyPath (0.00s)
=== RUN   TestHandleAudioCommand_FileNotFound
--- PASS: TestHandleAudioCommand_FileNotFound (0.00s)
=== RUN   TestHandleAudioCommand_Directory
--- PASS: TestHandleAudioCommand_Directory (0.00s)
=== RUN   TestHandleAudioCommand_UnsupportedFormat
--- PASS: TestHandleAudioCommand_UnsupportedFormat (0.00s)
=== RUN   TestHandleAudioCommand_TooLarge
--- PASS: TestHandleAudioCommand_TooLarge (0.00s)
=== RUN   TestHandleAudioCommand_Success
--- PASS: TestHandleAudioCommand_Success (0.00s)
=== RUN   TestHandleAudioCommand_MultipleFormats
=== RUN   TestHandleAudioCommand_MultipleFormats/.wav
=== RUN   TestHandleAudioCommand_MultipleFormats/.flac
=== RUN   TestHandleAudioCommand_MultipleFormats/.ogg
=== RUN   TestHandleAudioCommand_MultipleFormats/.m4a
=== RUN   TestHandleAudioCommand_MultipleFormats/.aac
=== RUN   TestHandleAudioCommand_MultipleFormats/.opus
--- PASS: TestHandleAudioCommand_MultipleFormats (0.02s)
    --- PASS: TestHandleAudioCommand_MultipleFormats/.wav (0.00s)
    --- PASS: TestHandleAudioCommand_MultipleFormats/.flac (0.00s)
    --- PASS: TestHandleAudioCommand_MultipleFormats/.ogg (0.00s)
    --- PASS: TestHandleAudioCommand_MultipleFormats/.m4a (0.00s)
    --- PASS: TestHandleAudioCommand_MultipleFormats/.aac (0.00s)
    --- PASS: TestHandleAudioCommand_MultipleFormats/.opus (0.00s)
=== RUN   TestHandleIndexAdd_Empty
--- PASS: TestHandleIndexAdd_Empty (0.00s)
=== RUN   TestHandleIndexAdd_AlreadyPrimary
--- PASS: TestHandleIndexAdd_AlreadyPrimary (0.00s)
=== RUN   TestHandleIndexAdd_AlreadyActive
--- PASS: TestHandleIndexAdd_AlreadyActive (0.00s)
=== RUN   TestHandleIndexAdd_NoConfig
--- PASS: TestHandleIndexAdd_NoConfig (0.00s)
=== RUN   TestHandleIndexRemove_Empty
--- PASS: TestHandleIndexRemove_Empty (0.00s)
=== RUN   TestHandleIndexRemove_NotInSet
--- PASS: TestHandleIndexRemove_NotInSet (0.00s)
=== RUN   TestHandleIndexRemove_Success
--- PASS: TestHandleIndexRemove_Success (0.00s)
=== RUN   TestHandleIndexRemove_LastOne
--- PASS: TestHandleIndexRemove_LastOne (0.00s)
=== RUN   TestClearResetsNewFields
--- PASS: TestClearResetsNewFields (0.00s)
=== RUN   TestExtractScript_BashFence
--- PASS: TestExtractScript_BashFence (0.00s)
=== RUN   TestExtractScript_ShFence
--- PASS: TestExtractScript_ShFence (0.00s)
=== RUN   TestExtractScript_GenericFence
--- PASS: TestExtractScript_GenericFence (0.00s)
=== RUN   TestExtractScript_NoFence
--- PASS: TestExtractScript_NoFence (0.00s)
=== RUN   TestExtractScript_Empty
--- PASS: TestExtractScript_Empty (0.00s)
=== RUN   TestHandleScriptCommand_Empty
--- PASS: TestHandleScriptCommand_Empty (0.00s)
=== RUN   TestHandleVideoCommand_Empty
--- PASS: TestHandleVideoCommand_Empty (0.00s)
=== RUN   TestHandleVideoCommand_FileNotFound
--- PASS: TestHandleVideoCommand_FileNotFound (0.00s)
=== RUN   TestHandleVideoCommand_Directory
--- PASS: TestHandleVideoCommand_Directory (0.00s)
=== RUN   TestHandleVideoCommand_UnsupportedFormat
--- PASS: TestHandleVideoCommand_UnsupportedFormat (0.00s)
=== RUN   TestHandleVideoCommand_TooLarge
--- PASS: TestHandleVideoCommand_TooLarge (0.00s)
=== RUN   TestHandleVideoCommand_Success
--- PASS: TestHandleVideoCommand_Success (0.00s)
=== RUN   TestHandleVideoCommand_MultipleFormats
=== RUN   TestHandleVideoCommand_MultipleFormats/.avi
=== RUN   TestHandleVideoCommand_MultipleFormats/.mkv
=== RUN   TestHandleVideoCommand_MultipleFormats/.mov
=== RUN   TestHandleVideoCommand_MultipleFormats/.webm
=== RUN   TestHandleVideoCommand_MultipleFormats/.flv
=== RUN   TestHandleVideoCommand_MultipleFormats/.wmv
--- PASS: TestHandleVideoCommand_MultipleFormats (0.02s)
    --- PASS: TestHandleVideoCommand_MultipleFormats/.avi (0.00s)
    --- PASS: TestHandleVideoCommand_MultipleFormats/.mkv (0.00s)
    --- PASS: TestHandleVideoCommand_MultipleFormats/.mov (0.00s)
    --- PASS: TestHandleVideoCommand_MultipleFormats/.webm (0.00s)
    --- PASS: TestHandleVideoCommand_MultipleFormats/.flv (0.00s)
    --- PASS: TestHandleVideoCommand_MultipleFormats/.wmv (0.00s)
=== RUN   TestUpdateHistory_WindowSize
--- PASS: TestUpdateHistory_WindowSize (0.00s)
=== RUN   TestUpdateHistory_CtrlC
--- PASS: TestUpdateHistory_CtrlC (0.00s)
=== RUN   TestUpdateHistory_EscClosesHistory
--- PASS: TestUpdateHistory_EscClosesHistory (0.00s)
=== RUN   TestUpdateHistory_CursorUp
--- PASS: TestUpdateHistory_CursorUp (0.00s)
=== RUN   TestUpdateHistory_CursorUp_AlreadyAtTop
--- PASS: TestUpdateHistory_CursorUp_AlreadyAtTop (0.00s)
=== RUN   TestUpdateHistory_CursorDown
--- PASS: TestUpdateHistory_CursorDown (0.00s)
=== RUN   TestUpdateHistory_CursorDown_AlreadyAtBottom
--- PASS: TestUpdateHistory_CursorDown_AlreadyAtBottom (0.00s)
=== RUN   TestUpdateHistory_K_J_Navigation
--- PASS: TestUpdateHistory_K_J_Navigation (0.00s)
=== RUN   TestUpdateHistory_Q_ClosesHistory
--- PASS: TestUpdateHistory_Q_ClosesHistory (0.00s)
=== RUN   TestUpdateSettings_CursorWrapAround
--- PASS: TestUpdateSettings_CursorWrapAround (0.00s)
=== RUN   TestUpdateSettings_EnterOnNonPromptField
--- PASS: TestUpdateSettings_EnterOnNonPromptField (0.00s)
=== RUN   TestUpdateSettings_RerankToggle
--- PASS: TestUpdateSettings_RerankToggle (0.00s)
=== RUN   TestUpdateSettings_RoleSelection
--- PASS: TestUpdateSettings_RoleSelection (0.00s)
=== RUN   TestUpdateSettings_LLMModelSelection
--- PASS: TestUpdateSettings_LLMModelSelection (0.00s)
=== RUN   TestUpdateSettings_DownNavigation
--- PASS: TestUpdateSettings_DownNavigation (0.00s)
=== RUN   TestChatUpdate_MainKeyPress_CtrlC
--- PASS: TestChatUpdate_MainKeyPress_CtrlC (0.00s)
=== RUN   TestChatUpdate_MainKeyPress_CtrlL
--- PASS: TestChatUpdate_MainKeyPress_CtrlL (0.00s)
=== RUN   TestChatUpdate_RoutesToSettings
--- PASS: TestChatUpdate_RoutesToSettings (0.00s)
=== RUN   TestChatUpdate_RoutesToHistory
--- PASS: TestChatUpdate_RoutesToHistory (0.00s)
=== RUN   TestChatView_NotReady
--- PASS: TestChatView_NotReady (0.00s)
=== RUN   TestChatView_QuittingState
--- PASS: TestChatView_QuittingState (0.00s)
=== RUN   TestChatView_HistoryOverlay
--- PASS: TestChatView_HistoryOverlay (0.00s)
=== RUN   TestChatView_SettingsOverlay
--- PASS: TestChatView_SettingsOverlay (0.00s)
=== RUN   TestChatView_WaitingWithSpinner
--- PASS: TestChatView_WaitingWithSpinner (0.00s)
=== RUN   TestRenderScrollbar_SmallContent
--- PASS: TestRenderScrollbar_SmallContent (0.00s)
=== RUN   TestRenderScrollbar_LargeContent
--- PASS: TestRenderScrollbar_LargeContent (0.00s)
=== RUN   TestAdjustSetting_Temperature
--- PASS: TestAdjustSetting_Temperature (0.00s)
=== RUN   TestAdjustSetting_MaxTokens
--- PASS: TestAdjustSetting_MaxTokens (0.00s)
=== RUN   TestAdjustSetting_TopK
--- PASS: TestAdjustSetting_TopK (0.00s)
=== RUN   TestChatInit
--- PASS: TestChatInit (0.00s)
=== RUN   TestRenderMessages_EmptyMessages
--- PASS: TestRenderMessages_EmptyMessages (0.00s)
=== RUN   TestRenderMessages_MultipleRoles
--- PASS: TestRenderMessages_MultipleRoles (0.00s)
=== RUN   TestViewSettings_AllFields
--- PASS: TestViewSettings_AllFields (0.00s)
=== RUN   TestViewSettings_EditingPrompt
--- PASS: TestViewSettings_EditingPrompt (0.00s)
=== RUN   TestChatUpdateStreamToken
--- PASS: TestChatUpdateStreamToken (0.00s)
=== RUN   TestChatUpdateStreamTokenNotWaiting
--- PASS: TestChatUpdateStreamTokenNotWaiting (0.00s)
=== RUN   TestChatUpdateStreamDone
--- PASS: TestChatUpdateStreamDone (0.00s)
=== RUN   TestChatUpdateStreamError
--- PASS: TestChatUpdateStreamError (0.00s)
=== RUN   TestChatUpdateAnswerMsg
--- PASS: TestChatUpdateAnswerMsg (0.00s)
=== RUN   TestChatUpdateAnswerMsgError
--- PASS: TestChatUpdateAnswerMsgError (0.00s)
=== RUN   TestChatUpdateSpinnerTickWhileWaiting
--- PASS: TestChatUpdateSpinnerTickWhileWaiting (0.00s)
=== RUN   TestChatUpdateSpinnerTickNotWaiting
--- PASS: TestChatUpdateSpinnerTickNotWaiting (0.00s)
=== RUN   TestChatSlashNew
--- PASS: TestChatSlashNew (0.00s)
=== RUN   TestChatSlashClearMultiMsg
--- PASS: TestChatSlashClearMultiMsg (0.00s)
=== RUN   TestChatSlashHelpContent
--- PASS: TestChatSlashHelpContent (0.00s)
=== RUN   TestChatSlashHistoryEmpty
--- PASS: TestChatSlashHistoryEmpty (0.00s)
=== RUN   TestChatSlashRememberWithMgr
--- PASS: TestChatSlashRememberWithMgr (0.15s)
=== RUN   TestChatSlashRememberNoMgrCov
--- PASS: TestChatSlashRememberNoMgrCov (0.00s)
=== RUN   TestChatSlashForgetWithMgr
--- PASS: TestChatSlashForgetWithMgr (0.12s)
=== RUN   TestChatSlashForgetNoMgrCov
--- PASS: TestChatSlashForgetNoMgrCov (0.00s)
=== RUN   TestChatSlashMemoriesWithMgr
--- PASS: TestChatSlashMemoriesWithMgr (0.13s)
=== RUN   TestChatSlashMemoriesEmpty
--- PASS: TestChatSlashMemoriesEmpty (0.08s)
=== RUN   TestUpdateSettingsLeftRightCov
--- PASS: TestUpdateSettingsLeftRightCov (0.00s)
=== RUN   TestUpdateSettingsEnterOnPromptField
--- PASS: TestUpdateSettingsEnterOnPromptField (0.00s)
=== RUN   TestUpdateSettingsWindowSizeCov
--- PASS: TestUpdateSettingsWindowSizeCov (0.00s)
=== RUN   TestChatUpdateRoutesToSettings
--- PASS: TestChatUpdateRoutesToSettings (0.00s)
=== RUN   TestChatUpdateRoutesToHistory
--- PASS: TestChatUpdateRoutesToHistory (0.00s)
=== RUN   TestChatUpdateEscClearsTextarea
--- PASS: TestChatUpdateEscClearsTextarea (0.00s)
=== RUN   TestChatUpdateEscQuitsWhenEmpty
--- PASS: TestChatUpdateEscQuitsWhenEmpty (0.00s)
=== RUN   TestChatUpdateEnterWhileWaitingIsNoop
--- PASS: TestChatUpdateEnterWhileWaitingIsNoop (0.00s)
=== RUN   TestChatUpdateCtrlUClearsInput
--- PASS: TestChatUpdateCtrlUClearsInput (0.00s)
=== RUN   TestChatUpdatePageUpDown
--- PASS: TestChatUpdatePageUpDown (0.00s)
=== RUN   TestUpdateHistoryDelete
--- PASS: TestUpdateHistoryDelete (0.00s)
=== RUN   TestRenderScrollbarTallContent
--- PASS: TestRenderScrollbarTallContent (0.00s)
=== RUN   TestRenderScrollbarShortContent
--- PASS: TestRenderScrollbarShortContent (0.00s)
=== RUN   TestViewSettingsContent
--- PASS: TestViewSettingsContent (0.00s)
=== RUN   TestChatSlashSettingsOpensPanel
--- PASS: TestChatSlashSettingsOpensPanel (0.00s)
=== RUN   TestChatSlashQuitExits
--- PASS: TestChatSlashQuitExits (0.00s)
=== RUN   TestChatSlashExitExits
--- PASS: TestChatSlashExitExits (0.00s)
=== RUN   TestChatCtrlSOpensSettings
--- PASS: TestChatCtrlSOpensSettings (0.00s)
=== RUN   TestAdjustSettingTemperatureExt3
--- PASS: TestAdjustSettingTemperatureExt3 (0.00s)
=== RUN   TestAdjustSettingTemperatureBoundsExt3
--- PASS: TestAdjustSettingTemperatureBoundsExt3 (0.00s)
=== RUN   TestAdjustSettingMaxTokensExt3
--- PASS: TestAdjustSettingMaxTokensExt3 (0.00s)
=== RUN   TestAdjustSettingMaxTokensBoundsExt3
--- PASS: TestAdjustSettingMaxTokensBoundsExt3 (0.00s)
=== RUN   TestAdjustSettingTopKExt3
--- PASS: TestAdjustSettingTopKExt3 (0.00s)
=== RUN   TestAdjustSettingTopKBoundsExt3
--- PASS: TestAdjustSettingTopKBoundsExt3 (0.00s)
=== RUN   TestAdjustSettingLLMModelExt3
--- PASS: TestAdjustSettingLLMModelExt3 (0.00s)
=== RUN   TestAdjustSettingLLMModelBoundsNegativeExt3
--- PASS: TestAdjustSettingLLMModelBoundsNegativeExt3 (0.00s)
=== RUN   TestAdjustSettingRerankToggleExt3
--- PASS: TestAdjustSettingRerankToggleExt3 (0.00s)
=== RUN   TestAdjustSettingRerankModelExt3
--- PASS: TestAdjustSettingRerankModelExt3 (0.00s)
=== RUN   TestAdjustSettingRoleExt3
--- PASS: TestAdjustSettingRoleExt3 (0.00s)
=== RUN   TestRenderMessagesSystem
--- PASS: TestRenderMessagesSystem (0.00s)
=== RUN   TestRenderMessagesUser
--- PASS: TestRenderMessagesUser (0.00s)
=== RUN   TestRenderMessagesAssistant
--- PASS: TestRenderMessagesAssistant (0.00s)
=== RUN   TestRenderMessagesWaiting
--- PASS: TestRenderMessagesWaiting (0.00s)
=== RUN   TestRenderMessagesStreaming
--- PASS: TestRenderMessagesStreaming (0.00s)
=== RUN   TestRenderScrollbarZeroHeight
--- PASS: TestRenderScrollbarZeroHeight (0.00s)
=== RUN   TestViewHistoryEmptyExt3
--- PASS: TestViewHistoryEmptyExt3 (0.00s)
=== RUN   TestFindClosestFloatExactExt3
--- PASS: TestFindClosestFloatExactExt3 (0.00s)
=== RUN   TestFindClosestFloatBetweenExt3
--- PASS: TestFindClosestFloatBetweenExt3 (0.00s)
=== RUN   TestFindClosestFloatBelowExt3
--- PASS: TestFindClosestFloatBelowExt3 (0.00s)
=== RUN   TestFindClosestFloatAboveExt3
--- PASS: TestFindClosestFloatAboveExt3 (0.00s)
=== RUN   TestFindClosestIntExactExt3
--- PASS: TestFindClosestIntExactExt3 (0.00s)
=== RUN   TestFindClosestIntBetweenExt3
--- PASS: TestFindClosestIntBetweenExt3 (0.00s)
=== RUN   TestChatViewQuittingExt3
--- PASS: TestChatViewQuittingExt3 (0.00s)
=== RUN   TestChatViewNotReadyExt3
--- PASS: TestChatViewNotReadyExt3 (0.00s)
=== RUN   TestRenderMarkdownContentExt3
--- PASS: TestRenderMarkdownContentExt3 (0.00s)
=== RUN   TestRenderMarkdownContentEmptyExt3
--- PASS: TestRenderMarkdownContentEmptyExt3 (0.00s)
=== RUN   TestWaitForTokenDone
--- PASS: TestWaitForTokenDone (0.00s)
=== RUN   TestWaitForTokenNormal
--- PASS: TestWaitForTokenNormal (0.00s)
=== RUN   TestWaitForTokenError
--- PASS: TestWaitForTokenError (0.00s)
=== RUN   TestRelayoutInit
--- PASS: TestRelayoutInit (0.00s)
=== RUN   TestRelayoutSmallWindow
--- PASS: TestRelayoutSmallWindow (0.00s)
=== RUN   TestPluginOwnerDefaultExt3
--- PASS: TestPluginOwnerDefaultExt3 (0.00s)
=== RUN   TestPluginStatusStringExt3
--- PASS: TestPluginStatusStringExt3 (0.00s)
=== RUN   TestPluginStatusBadgeExt3
--- PASS: TestPluginStatusBadgeExt3 (0.00s)
=== RUN   TestKnownPluginsNotEmptyExt3
--- PASS: TestKnownPluginsNotEmptyExt3 (0.16s)
=== RUN   TestPluginModelInitExt3
--- PASS: TestPluginModelInitExt3 (0.00s)
=== RUN   TestFetchRerankModelListNilConfigExt3
--- PASS: TestFetchRerankModelListNilConfigExt3 (0.00s)
=== RUN   TestAdjustSettingTemperature
--- PASS: TestAdjustSettingTemperature (0.00s)
=== RUN   TestAdjustSettingMaxTokens
--- PASS: TestAdjustSettingMaxTokens (0.00s)
=== RUN   TestAdjustSettingTopK
--- PASS: TestAdjustSettingTopK (0.00s)
=== RUN   TestAdjustSettingLLMModel
--- PASS: TestAdjustSettingLLMModel (0.00s)
=== RUN   TestAdjustSettingRerankToggle
--- PASS: TestAdjustSettingRerankToggle (0.00s)
=== RUN   TestAdjustSettingRerankModel
--- PASS: TestAdjustSettingRerankModel (0.00s)
=== RUN   TestAdjustSettingRole
--- PASS: TestAdjustSettingRole (0.00s)
=== RUN   TestNewChatModel
--- PASS: TestNewChatModel (0.00s)
=== RUN   TestChatModelInit
--- PASS: TestChatModelInit (0.00s)
=== RUN   TestChatModelUpdateWindowSize
--- PASS: TestChatModelUpdateWindowSize (0.00s)
=== RUN   TestChatModelUpdateCtrlC
--- PASS: TestChatModelUpdateCtrlC (0.00s)
=== RUN   TestChatModelUpdateEscEmpty
--- PASS: TestChatModelUpdateEscEmpty (0.00s)
=== RUN   TestChatModelUpdateCtrlS
--- PASS: TestChatModelUpdateCtrlS (0.00s)
=== RUN   TestChatModelUpdatePageUpDown
--- PASS: TestChatModelUpdatePageUpDown (0.00s)
=== RUN   TestChatModelUpdateCtrlU
--- PASS: TestChatModelUpdateCtrlU (0.00s)
=== RUN   TestChatModelView
--- PASS: TestChatModelView (0.00s)
=== RUN   TestChatModelViewNotReady
--- PASS: TestChatModelViewNotReady (0.00s)
=== RUN   TestChatModelViewSettings
--- PASS: TestChatModelViewSettings (0.00s)
=== RUN   TestViewHistoryEmpty
--- PASS: TestViewHistoryEmpty (0.00s)
=== RUN   TestRenderScrollbar
--- PASS: TestRenderScrollbar (0.00s)
=== RUN   TestRenderSlider
--- PASS: TestRenderSlider (0.00s)
=== RUN   TestViewSettings
--- PASS: TestViewSettings (0.00s)
=== RUN   TestRelayout
--- PASS: TestRelayout (0.00s)
=== RUN   TestRenderMessages
--- PASS: TestRenderMessages (0.00s)
=== RUN   TestWaitForToken
--- PASS: TestWaitForToken (0.00s)
=== RUN   TestWaitForTokenClosed
--- PASS: TestWaitForTokenClosed (0.00s)
=== RUN   TestFetchLlamaCPPModels
--- PASS: TestFetchLlamaCPPModels (0.00s)
=== RUN   TestFetchLlamaCPPModelsWithGGUF
--- PASS: TestFetchLlamaCPPModelsWithGGUF (0.00s)
=== RUN   TestChatModelSlashQuit
--- PASS: TestChatModelSlashQuit (0.00s)
=== RUN   TestChatModelSlashClear
--- PASS: TestChatModelSlashClear (0.00s)
=== RUN   TestChatModelSlashSettings
--- PASS: TestChatModelSlashSettings (0.00s)
=== RUN   TestChatModelSlashHelp
--- PASS: TestChatModelSlashHelp (0.00s)
=== RUN   TestChatModelSlashNew
--- PASS: TestChatModelSlashNew (0.00s)
=== RUN   TestChatModelSlashMemoriesNoMgr
--- PASS: TestChatModelSlashMemoriesNoMgr (0.00s)
=== RUN   TestChatModelSlashRememberNoMgr
--- PASS: TestChatModelSlashRememberNoMgr (0.00s)
=== RUN   TestChatModelSlashForgetNoMgr
--- PASS: TestChatModelSlashForgetNoMgr (0.00s)
=== RUN   TestChatModelEnterEmpty
--- PASS: TestChatModelEnterEmpty (0.00s)
=== RUN   TestChatModelEnterWhileWaiting
--- PASS: TestChatModelEnterWhileWaiting (0.00s)
=== RUN   TestChatModelStreamDone
--- PASS: TestChatModelStreamDone (0.00s)
=== RUN   TestChatModelStreamError
--- PASS: TestChatModelStreamError (0.00s)
=== RUN   TestChatModelStreamToken
--- PASS: TestChatModelStreamToken (0.00s)
=== RUN   TestChatModelUpdateSettingsNav
--- PASS: TestChatModelUpdateSettingsNav (0.00s)
=== RUN   TestChatModelUpdateSettingsClose
--- PASS: TestChatModelUpdateSettingsClose (0.00s)
=== RUN   TestChatModelUpdateSettingsAdjust
--- PASS: TestChatModelUpdateSettingsAdjust (0.00s)
=== RUN   TestChatModelUpdateHistoryClose
--- PASS: TestChatModelUpdateHistoryClose (0.00s)
=== RUN   TestChatModelUpdateHistoryNav
--- PASS: TestChatModelUpdateHistoryNav (0.00s)
=== RUN   TestChatModelEscWithContent
--- PASS: TestChatModelEscWithContent (0.00s)
=== RUN   TestChatModelAnswerMsg
--- PASS: TestChatModelAnswerMsg (0.00s)
=== RUN   TestChatModelAnswerMsgError
--- PASS: TestChatModelAnswerMsgError (0.00s)
=== RUN   TestViewHistoryWithItems
--- PASS: TestViewHistoryWithItems (0.00s)
=== RUN   TestTruncStr_Short
--- PASS: TestTruncStr_Short (0.00s)
=== RUN   TestTruncStr_Exact
--- PASS: TestTruncStr_Exact (0.00s)
=== RUN   TestTruncStr_Long
--- PASS: TestTruncStr_Long (0.00s)
=== RUN   TestTruncStr_VerySmallMaxLen
--- PASS: TestTruncStr_VerySmallMaxLen (0.00s)
=== RUN   TestTruncStr_ZeroMaxLen
--- PASS: TestTruncStr_ZeroMaxLen (0.00s)
=== RUN   TestEstimateContextLimit_GPT4o
--- PASS: TestEstimateContextLimit_GPT4o (0.00s)
=== RUN   TestEstimateContextLimit_GPT4Turbo
--- PASS: TestEstimateContextLimit_GPT4Turbo (0.00s)
=== RUN   TestEstimateContextLimit_GPT4
--- PASS: TestEstimateContextLimit_GPT4 (0.00s)
=== RUN   TestEstimateContextLimit_GPT35
--- PASS: TestEstimateContextLimit_GPT35 (0.00s)
=== RUN   TestEstimateContextLimit_Claude
--- PASS: TestEstimateContextLimit_Claude (0.00s)
=== RUN   TestEstimateContextLimit_Llama3
--- PASS: TestEstimateContextLimit_Llama3 (0.00s)
=== RUN   TestEstimateContextLimit_Mistral
--- PASS: TestEstimateContextLimit_Mistral (0.00s)
=== RUN   TestEstimateContextLimit_Deepseek
--- PASS: TestEstimateContextLimit_Deepseek (0.00s)
=== RUN   TestEstimateContextLimit_Unknown
--- PASS: TestEstimateContextLimit_Unknown (0.00s)
=== RUN   TestFindClosestFloat_Exact
--- PASS: TestFindClosestFloat_Exact (0.00s)
=== RUN   TestFindClosestFloat_Between
--- PASS: TestFindClosestFloat_Between (0.00s)
=== RUN   TestFindClosestFloat_First
--- PASS: TestFindClosestFloat_First (0.00s)
=== RUN   TestFindClosestFloat_Last
--- PASS: TestFindClosestFloat_Last (0.00s)
=== RUN   TestFindClosestInt_Exact
--- PASS: TestFindClosestInt_Exact (0.00s)
=== RUN   TestFindClosestInt_Between
--- PASS: TestFindClosestInt_Between (0.00s)
=== RUN   TestFindClosestInt_CloserToHigher
--- PASS: TestFindClosestInt_CloserToHigher (0.00s)
=== RUN   TestIntAbs_Positive
--- PASS: TestIntAbs_Positive (0.00s)
=== RUN   TestIntAbs_Negative
--- PASS: TestIntAbs_Negative (0.00s)
=== RUN   TestIntAbs_Zero
--- PASS: TestIntAbs_Zero (0.00s)
=== RUN   TestExtractScript_GenericFenceWithShebang
--- PASS: TestExtractScript_GenericFenceWithShebang (0.00s)
=== RUN   TestExtractScript_ShebangNaked
--- PASS: TestExtractScript_ShebangNaked (0.00s)
=== RUN   TestUpdatePromptEditCtrlC
--- PASS: TestUpdatePromptEditCtrlC (0.00s)
=== RUN   TestUpdatePromptEditCtrlS
--- PASS: TestUpdatePromptEditCtrlS (0.00s)
=== RUN   TestUpdatePromptEditWindowSize
--- PASS: TestUpdatePromptEditWindowSize (0.00s)
=== RUN   TestUpdatePromptEditRegularKey
--- PASS: TestUpdatePromptEditRegularKey (0.00s)
=== RUN   TestUpdateHistoryCtrlC
--- PASS: TestUpdateHistoryCtrlC (0.00s)
=== RUN   TestUpdateHistoryEsc
--- PASS: TestUpdateHistoryEsc (0.00s)
=== RUN   TestUpdateHistoryUpDown
--- PASS: TestUpdateHistoryUpDown (0.00s)
=== RUN   TestUpdateHistoryWindowSize
--- PASS: TestUpdateHistoryWindowSize (0.00s)
=== RUN   TestUpdateHistoryQuit
--- PASS: TestUpdateHistoryQuit (0.00s)
=== RUN   TestUpdateSettingsCtrlC
--- PASS: TestUpdateSettingsCtrlC (0.00s)
=== RUN   TestUpdateSettingsEsc
--- PASS: TestUpdateSettingsEsc (0.00s)
=== RUN   TestUpdateSettingsUpDown
--- PASS: TestUpdateSettingsUpDown (0.00s)
=== RUN   TestUpdateSettingsLeftRight
--- PASS: TestUpdateSettingsLeftRight (0.00s)
=== RUN   TestUpdateSettingsWindowSize
--- PASS: TestUpdateSettingsWindowSize (0.00s)
=== RUN   TestUpdateSettingsEnterSystemPrompt
--- PASS: TestUpdateSettingsEnterSystemPrompt (0.00s)
=== RUN   TestUpdateSettingsEditingPromptForward
--- PASS: TestUpdateSettingsEditingPromptForward (0.00s)
=== RUN   TestRenderScrollbarLargeContent
--- PASS: TestRenderScrollbarLargeContent (0.00s)
=== RUN   TestRenderScrollbarSmallContent
--- PASS: TestRenderScrollbarSmallContent (0.00s)
=== RUN   TestViewSettingsMode
--- PASS: TestViewSettingsMode (0.00s)
=== RUN   TestViewHistoryMode
--- PASS: TestViewHistoryMode (0.00s)
=== RUN   TestViewQuitting
--- PASS: TestViewQuitting (0.00s)
=== RUN   TestChatUpdateWindowSizeMsg
--- PASS: TestChatUpdateWindowSizeMsg (0.00s)
=== RUN   TestChatUpdateCtrlC
--- PASS: TestChatUpdateCtrlC (0.00s)
=== RUN   TestChatUpdateCtrlHNoOp
--- PASS: TestChatUpdateCtrlHNoOp (0.00s)
=== RUN   TestChatUpdateCtrlSToggleSettings
--- PASS: TestChatUpdateCtrlSToggleSettings (0.00s)
=== RUN   TestDefaultIndexDirNonEmpty
--- PASS: TestDefaultIndexDirNonEmpty (0.00s)
=== RUN   TestDefaultModelsDirNonEmpty
--- PASS: TestDefaultModelsDirNonEmpty (0.00s)
=== RUN   TestExpandPathEmptyCI
--- PASS: TestExpandPathEmptyCI (0.00s)
=== RUN   TestExpandPathTildeOnlyCI
--- PASS: TestExpandPathTildeOnlyCI (0.00s)
=== RUN   TestExpandPathTildeSlashCI
--- PASS: TestExpandPathTildeSlashCI (0.00s)
=== RUN   TestExpandPathAbsoluteCI
--- PASS: TestExpandPathAbsoluteCI (0.00s)
=== RUN   TestExpandPathRelativeCI
--- PASS: TestExpandPathRelativeCI (0.00s)
=== RUN   TestSaveAndLoadConfigCI
--- PASS: TestSaveAndLoadConfigCI (0.00s)
=== RUN   TestLoadSavedConfigNoFileCI
--- PASS: TestLoadSavedConfigNoFileCI (0.00s)
=== RUN   TestLoadSavedConfigInvalidJSONCI
--- PASS: TestLoadSavedConfigInvalidJSONCI (0.00s)
=== RUN   TestUpdateConfigCreatesNewCI
--- PASS: TestUpdateConfigCreatesNewCI (0.00s)
=== RUN   TestUpdateConfigModifiesExistingCI
--- PASS: TestUpdateConfigModifiesExistingCI (0.00s)
=== RUN   TestSharedLibNamesNotEmpty
--- PASS: TestSharedLibNamesNotEmpty (0.00s)
=== RUN   TestInstallDirsNotEmpty
--- PASS: TestInstallDirsNotEmpty (0.00s)
=== RUN   TestIsWritableTempDir
--- PASS: TestIsWritableTempDir (0.00s)
=== RUN   TestIsWritableNonexistent
--- PASS: TestIsWritableNonexistent (0.00s)
=== RUN   TestBashCompletionNotEmpty
--- PASS: TestBashCompletionNotEmpty (0.00s)
=== RUN   TestZshCompletionNotEmpty
--- PASS: TestZshCompletionNotEmpty (0.00s)
=== RUN   TestFishCompletionNotEmpty
--- PASS: TestFishCompletionNotEmpty (0.00s)
=== RUN   TestPickBestModelsEmb
  → Embedding model: bge-m3
  → LLM model: some-model
--- PASS: TestPickBestModelsEmb (0.00s)
=== RUN   TestPickPreferredFirstCI
--- PASS: TestPickPreferredFirstCI (0.00s)
=== RUN   TestPickPreferredFallbackCI
--- PASS: TestPickPreferredFallbackCI (0.00s)
=== RUN   TestIsSetupNeededNoConfigCI
--- PASS: TestIsSetupNeededNoConfigCI (0.00s)
=== RUN   TestIsSetupNeededIncompleteCI
--- PASS: TestIsSetupNeededIncompleteCI (0.02s)
=== RUN   TestIsSetupNeededCompletedCI
--- PASS: TestIsSetupNeededCompletedCI (0.01s)
=== RUN   TestInstallBinaryToTempDir
    config_install_test.go:305: skip on windows
--- SKIP: TestInstallBinaryToTempDir (0.00s)
=== RUN   TestRemoveCompletionsNoFiles
--- PASS: TestRemoveCompletionsNoFiles (0.00s)
=== RUN   TestInstallAndRemoveCompletions
    config_install_test.go:335: completions not supported on Windows
--- SKIP: TestInstallAndRemoveCompletions (0.00s)
=== RUN   TestEnsureSourceLineCreatesFile
--- PASS: TestEnsureSourceLineCreatesFile (0.00s)
=== RUN   TestIndexManageInitExt
--- PASS: TestIndexManageInitExt (0.00s)
=== RUN   TestIndexManageUpdateWindowSizeExt
--- PASS: TestIndexManageUpdateWindowSizeExt (0.00s)
=== RUN   TestIndexManageListCtrlCExt
--- PASS: TestIndexManageListCtrlCExt (0.00s)
=== RUN   TestIndexManageListEscExt
--- PASS: TestIndexManageListEscExt (0.00s)
=== RUN   TestIndexManageListUpDownExt
--- PASS: TestIndexManageListUpDownExt (0.00s)
=== RUN   TestIndexManageListEnterExt
--- PASS: TestIndexManageListEnterExt (0.00s)
=== RUN   TestIndexManageListEnterEmptyExt
--- PASS: TestIndexManageListEnterEmptyExt (0.00s)
=== RUN   TestIndexManageListDeleteExt
--- PASS: TestIndexManageListDeleteExt (0.00s)
=== RUN   TestIndexManageListRefreshExt
--- PASS: TestIndexManageListRefreshExt (0.00s)
=== RUN   TestIndexManageListStatusClearExt
--- PASS: TestIndexManageListStatusClearExt (0.00s)
=== RUN   TestIndexManageDetailEscExt
--- PASS: TestIndexManageDetailEscExt (0.00s)
=== RUN   TestIndexManageDetailCtrlCExt
--- PASS: TestIndexManageDetailCtrlCExt (0.00s)
=== RUN   TestIndexManageDetailDeleteExt
--- PASS: TestIndexManageDetailDeleteExt (0.00s)
=== RUN   TestIndexManageDetailBackExt
--- PASS: TestIndexManageDetailBackExt (0.00s)
=== RUN   TestIndexManageConfirmNoExt
--- PASS: TestIndexManageConfirmNoExt (0.00s)
=== RUN   TestIndexManageConfirmCtrlCExt
--- PASS: TestIndexManageConfirmCtrlCExt (0.00s)
=== RUN   TestIndexManageConfirmYesExt
--- PASS: TestIndexManageConfirmYesExt (0.00s)
=== RUN   TestIndexManageDeleteResultExt
--- PASS: TestIndexManageDeleteResultExt (0.00s)
=== RUN   TestIndexManageDeleteResultErrorExt
--- PASS: TestIndexManageDeleteResultErrorExt (0.00s)
=== RUN   TestIndexManageViewListExt
--- PASS: TestIndexManageViewListExt (0.00s)
=== RUN   TestIndexManageViewDetailExt
--- PASS: TestIndexManageViewDetailExt (0.00s)
=== RUN   TestIndexManageViewConfirmExt
--- PASS: TestIndexManageViewConfirmExt (0.00s)
=== RUN   TestIndexManageViewQuittingExt
--- PASS: TestIndexManageViewQuittingExt (0.00s)
=== RUN   TestIndexManageViewEmptyExt
--- PASS: TestIndexManageViewEmptyExt (0.00s)
=== RUN   TestIndexManageQuittingExt
--- PASS: TestIndexManageQuittingExt (0.00s)
=== RUN   TestBashCompletionExt
--- PASS: TestBashCompletionExt (0.00s)
=== RUN   TestZshCompletionExt
--- PASS: TestZshCompletionExt (0.00s)
=== RUN   TestFishCompletionExt
--- PASS: TestFishCompletionExt (0.00s)
=== RUN   TestSharedLibNamesExt
--- PASS: TestSharedLibNamesExt (0.00s)
=== RUN   TestInstallDirsExt
--- PASS: TestInstallDirsExt (0.00s)
=== RUN   TestIsWritableExt
--- PASS: TestIsWritableExt (0.00s)
=== RUN   TestIsWritableNonExistent
--- PASS: TestIsWritableNonExistent (0.00s)
=== RUN   TestIsWritableDeepNonExistent
--- PASS: TestIsWritableDeepNonExistent (0.00s)
=== RUN   TestEnsureSourceLine
--- PASS: TestEnsureSourceLine (0.00s)
=== RUN   TestEnsureSourceLineExisting
--- PASS: TestEnsureSourceLineExisting (0.00s)
=== RUN   TestInstallBinary
--- PASS: TestInstallBinary (0.03s)
=== RUN   TestJsonUnmarshal
--- PASS: TestJsonUnmarshal (0.00s)
=== RUN   TestJsonUnmarshalInvalid
--- PASS: TestJsonUnmarshalInvalid (0.00s)
=== RUN   TestJsonMarshalIndent
--- PASS: TestJsonMarshalIndent (0.00s)
=== RUN   TestResolveGleannBin
--- PASS: TestResolveGleannBin (0.01s)
=== RUN   TestResolveGleannBinWithInstallPath
--- PASS: TestResolveGleannBinWithInstallPath (0.00s)
=== RUN   TestInstallClaudeCodeMCP
--- PASS: TestInstallClaudeCodeMCP (0.00s)
=== RUN   TestInstallClaudeCodeMCPExisting
--- PASS: TestInstallClaudeCodeMCPExisting (0.00s)
=== RUN   TestInstallClaudeDesktopMCP
--- PASS: TestInstallClaudeDesktopMCP (0.00s)
=== RUN   TestInstallMCPConfigs
--- PASS: TestInstallMCPConfigs (0.02s)
=== RUN   TestRemoveCompletionsEmpty
--- PASS: TestRemoveCompletionsEmpty (0.00s)
=== RUN   TestInstallCompletions
    install_extended_test.go:360: completions not installed on Windows
--- SKIP: TestInstallCompletions (0.00s)
=== RUN   TestFindClosestFloat
--- PASS: TestFindClosestFloat (0.00s)
=== RUN   TestFindClosestInt
--- PASS: TestFindClosestInt (0.00s)
=== RUN   TestIntAbs
--- PASS: TestIntAbs (0.00s)
=== RUN   TestRenderMarkdownContent
--- PASS: TestRenderMarkdownContent (0.00s)
=== RUN   TestSettingsFieldConstants
--- PASS: TestSettingsFieldConstants (0.00s)
=== RUN   TestTemperaturePresets
--- PASS: TestTemperaturePresets (0.00s)
=== RUN   TestMaxTokensPresets
--- PASS: TestMaxTokensPresets (0.00s)
=== RUN   TestTopKPresets
--- PASS: TestTopKPresets (0.00s)
=== RUN   TestNewHomeModel
--- PASS: TestNewHomeModel (0.00s)
=== RUN   TestHomeModelInit
--- PASS: TestHomeModelInit (0.00s)
=== RUN   TestHomeModelNavigation
--- PASS: TestHomeModelNavigation (0.00s)
=== RUN   TestHomeModelQuit
--- PASS: TestHomeModelQuit (0.00s)
=== RUN   TestHomeModelChoose
--- PASS: TestHomeModelChoose (0.00s)
=== RUN   TestHomeModelView
--- PASS: TestHomeModelView (0.00s)
=== RUN   TestHomeModelWindowSize
--- PASS: TestHomeModelWindowSize (0.00s)
=== RUN   TestScreenConstants
--- PASS: TestScreenConstants (0.00s)
=== RUN   TestMenuItems
--- PASS: TestMenuItems (0.00s)
=== RUN   TestLogo
--- PASS: TestLogo (0.00s)
=== RUN   TestIndexListModelEmpty
--- PASS: TestIndexListModelEmpty (0.00s)
=== RUN   TestIndexListModelInit
--- PASS: TestIndexListModelInit (0.00s)
=== RUN   TestIndexListModelQuit
--- PASS: TestIndexListModelQuit (0.00s)
=== RUN   TestIndexListModelSkip
--- PASS: TestIndexListModelSkip (0.00s)
=== RUN   TestIndexListModelView
--- PASS: TestIndexListModelView (0.00s)
=== RUN   TestIndexManageModelEmpty
--- PASS: TestIndexManageModelEmpty (0.00s)
=== RUN   TestIndexManageModelInit
--- PASS: TestIndexManageModelInit (0.00s)
=== RUN   TestIndexManageModelNavigation
--- PASS: TestIndexManageModelNavigation (0.00s)
=== RUN   TestIndexManageModelView
--- PASS: TestIndexManageModelView (0.00s)
=== RUN   TestIndexManageModelWindowSize
--- PASS: TestIndexManageModelWindowSize (0.00s)
=== RUN   TestTimeAgo
--- PASS: TestTimeAgo (0.00s)
=== RUN   TestNewOnboardModel
--- PASS: TestNewOnboardModel (0.00s)
=== RUN   TestSettingsMenuItems
--- PASS: TestSettingsMenuItems (0.00s)
=== RUN   TestWizardPhaseConstants
--- PASS: TestWizardPhaseConstants (0.00s)
=== RUN   TestNewOnboardModelDefaults
--- PASS: TestNewOnboardModelDefaults (0.00s)
=== RUN   TestNewOnboardModelWithConfigPrePopulates
--- PASS: TestNewOnboardModelWithConfigPrePopulates (0.00s)
=== RUN   TestViewCancelled
--- PASS: TestViewCancelled (0.00s)
=== RUN   TestViewQuickOrAdvPhase
--- PASS: TestViewQuickOrAdvPhase (0.00s)
=== RUN   TestViewEmbProviderPhase
--- PASS: TestViewEmbProviderPhase (0.00s)
=== RUN   TestViewEmbHostPhase
--- PASS: TestViewEmbHostPhase (0.00s)
=== RUN   TestViewEmbAPIKeyPhase
--- PASS: TestViewEmbAPIKeyPhase (0.00s)
=== RUN   TestViewEmbFetchingPhase
--- PASS: TestViewEmbFetchingPhase (0.00s)
=== RUN   TestViewEmbModelPhase
--- PASS: TestViewEmbModelPhase (0.00s)
=== RUN   TestViewLLMProviderPhase
--- PASS: TestViewLLMProviderPhase (0.00s)
=== RUN   TestViewLLMHostPhase
--- PASS: TestViewLLMHostPhase (0.00s)
=== RUN   TestViewLLMAPIKeyPhase
--- PASS: TestViewLLMAPIKeyPhase (0.00s)
=== RUN   TestViewLLMFetchingPhase
--- PASS: TestViewLLMFetchingPhase (0.00s)
=== RUN   TestViewLLMModelPhase
--- PASS: TestViewLLMModelPhase (0.00s)
=== RUN   TestViewRerankerPhase
--- PASS: TestViewRerankerPhase (0.00s)
=== RUN   TestViewRerankFetchingPhase
--- PASS: TestViewRerankFetchingPhase (0.00s)
=== RUN   TestViewRerankModelPhase
--- PASS: TestViewRerankModelPhase (0.00s)
=== RUN   TestViewIndexDirPhase
--- PASS: TestViewIndexDirPhase (0.00s)
=== RUN   TestViewMCPPhase
--- PASS: TestViewMCPPhase (0.00s)
=== RUN   TestViewServerPhase
--- PASS: TestViewServerPhase (0.00s)
=== RUN   TestViewSummaryPhase
--- PASS: TestViewSummaryPhase (0.00s)
=== RUN   TestViewInstallPhase
--- PASS: TestViewInstallPhase (0.00s)
=== RUN   TestViewMenuPhase
--- PASS: TestViewMenuPhase (0.00s)
=== RUN   TestVisibleStepExt3
--- PASS: TestVisibleStepExt3 (0.00s)
=== RUN   TestSettingsMenuValuesExt3
--- PASS: TestSettingsMenuValuesExt3 (0.00s)
=== RUN   TestSettingsMenuValuesOpenAI
--- PASS: TestSettingsMenuValuesOpenAI (0.00s)
=== RUN   TestSettingsMenuValuesLlamaCPP
--- PASS: TestSettingsMenuValuesLlamaCPP (0.00s)
=== RUN   TestSettingsMenuValuesWithExistingCfg
--- PASS: TestSettingsMenuValuesWithExistingCfg (0.00s)
=== RUN   TestBuildResultDefaults
--- PASS: TestBuildResultDefaults (0.00s)
=== RUN   TestBuildResultWithModels
--- PASS: TestBuildResultWithModels (0.00s)
=== RUN   TestBuildResultLlamaCPPExt3
--- PASS: TestBuildResultLlamaCPPExt3 (0.00s)
=== RUN   TestBuildResultWithExistingConfigExt3
--- PASS: TestBuildResultWithExistingConfigExt3 (0.00s)
=== RUN   TestBuildResultReranker
--- PASS: TestBuildResultReranker (0.00s)
=== RUN   TestBuildResultInstallOptions
--- PASS: TestBuildResultInstallOptions (0.00s)
=== RUN   TestBuildResultUninstallData
--- PASS: TestBuildResultUninstallData (0.00s)
=== RUN   TestCancelledAccessor
--- PASS: TestCancelledAccessor (0.00s)
=== RUN   TestOpenPluginsAccessor
--- PASS: TestOpenPluginsAccessor (0.00s)
=== RUN   TestRenderSettingsMenu
--- PASS: TestRenderSettingsMenu (0.00s)
=== RUN   TestFocusActiveInputExt3
--- PASS: TestFocusActiveInputExt3 (0.00s)
=== RUN   TestRenderSelectBasicExt3
--- PASS: TestRenderSelectBasicExt3 (0.00s)
=== RUN   TestRenderInputBasicExt3
--- PASS: TestRenderInputBasicExt3 (0.00s)
=== RUN   TestViewShowsProgressBar
--- PASS: TestViewShowsProgressBar (0.00s)
=== RUN   TestViewProgressBarSummaryFull
--- PASS: TestViewProgressBarSummaryFull (0.00s)
=== RUN   TestRenderModelSelectWithModelsExt3
--- PASS: TestRenderModelSelectWithModelsExt3 (0.00s)
=== RUN   TestRenderFetchingExt3
--- PASS: TestRenderFetchingExt3 (0.00s)
=== RUN   TestRenderFetchingWithErrorExt3
--- PASS: TestRenderFetchingWithErrorExt3 (0.00s)
=== RUN   TestCapitalize
--- PASS: TestCapitalize (0.00s)
=== RUN   TestBuildInstallOptions
--- PASS: TestBuildInstallOptions (0.00s)
=== RUN   TestInstallPath
--- PASS: TestInstallPath (0.00s)
=== RUN   TestVisibleStep
--- PASS: TestVisibleStep (0.00s)
=== RUN   TestOpenAIBaseURL
--- PASS: TestOpenAIBaseURL (0.00s)
=== RUN   TestNewOnboardModelWithConfig
--- PASS: TestNewOnboardModelWithConfig (0.00s)
=== RUN   TestBuildResult
--- PASS: TestBuildResult (0.00s)
=== RUN   TestBuildResultWithExistingConfig
--- PASS: TestBuildResultWithExistingConfig (0.00s)
=== RUN   TestBuildResultLlamaCPP
--- PASS: TestBuildResultLlamaCPP (0.00s)
=== RUN   TestOnboardCancelled
--- PASS: TestOnboardCancelled (0.00s)
=== RUN   TestOnboardOpenPlugins
--- PASS: TestOnboardOpenPlugins (0.00s)
=== RUN   TestOnboardModelWindowSize
--- PASS: TestOnboardModelWindowSize (0.00s)
=== RUN   TestOnboardModelView
--- PASS: TestOnboardModelView (0.00s)
=== RUN   TestOnboardModelViewCancelled
--- PASS: TestOnboardModelViewCancelled (0.00s)
=== RUN   TestSettingsMenuValues
--- PASS: TestSettingsMenuValues (0.00s)
=== RUN   TestRenderSelect
--- PASS: TestRenderSelect (0.00s)
=== RUN   TestRenderSelectWithDescriptions
--- PASS: TestRenderSelectWithDescriptions (0.00s)
=== RUN   TestRenderInput
--- PASS: TestRenderInput (0.00s)
=== RUN   TestRenderFetching
--- PASS: TestRenderFetching (0.00s)
=== RUN   TestRenderSummary
--- PASS: TestRenderSummary (0.00s)
=== RUN   TestRenderModelSelect
--- PASS: TestRenderModelSelect (0.00s)
=== RUN   TestOnboardHandleKeyQuit
--- PASS: TestOnboardHandleKeyQuit (0.00s)
=== RUN   TestOnboardHandleKeyEscInMenu
    onboard_extended_test.go:450: Esc behavior may vary — checking it doesn't crash
--- PASS: TestOnboardHandleKeyEscInMenu (0.00s)
=== RUN   TestOnboardMenuNavigation
--- PASS: TestOnboardMenuNavigation (0.00s)
=== RUN   TestOnboardPhaseNavigation
--- PASS: TestOnboardPhaseNavigation (0.00s)
=== RUN   TestOnboardUpdateCtrlC
--- PASS: TestOnboardUpdateCtrlC (0.00s)
=== RUN   TestOnboardUpdateWindowSize
--- PASS: TestOnboardUpdateWindowSize (0.00s)
=== RUN   TestOnboardUpdateEscFromWizard
--- PASS: TestOnboardUpdateEscFromWizard (0.00s)
=== RUN   TestOnboardUpdateEscFromFirstPhase
--- PASS: TestOnboardUpdateEscFromFirstPhase (0.00s)
=== RUN   TestOnboardUpdateEscMenuMode
--- PASS: TestOnboardUpdateEscMenuMode (0.00s)
=== RUN   TestOnboardUpdateEscMenuAtMenu
--- PASS: TestOnboardUpdateEscMenuAtMenu (0.00s)
=== RUN   TestOnboardQuickAdvUpDown
--- PASS: TestOnboardQuickAdvUpDown (0.00s)
=== RUN   TestOnboardQuickAdvEnterAdvanced
--- PASS: TestOnboardQuickAdvEnterAdvanced (0.00s)
=== RUN   TestOnboardEmbProviderUpDown
--- PASS: TestOnboardEmbProviderUpDown (0.00s)
=== RUN   TestOnboardEmbProviderEnterOllama
--- PASS: TestOnboardEmbProviderEnterOllama (0.00s)
=== RUN   TestOnboardEmbProviderEnterOpenAI
--- PASS: TestOnboardEmbProviderEnterOpenAI (0.00s)
=== RUN   TestOnboardEmbProviderEnterLlamaCPP
--- PASS: TestOnboardEmbProviderEnterLlamaCPP (0.00s)
=== RUN   TestOnboardEmbProviderEnterMenuMode
--- PASS: TestOnboardEmbProviderEnterMenuMode (0.00s)
=== RUN   TestOnboardLLMProviderUpDown
--- PASS: TestOnboardLLMProviderUpDown (0.00s)
=== RUN   TestOnboardLLMProviderEnterOllama
--- PASS: TestOnboardLLMProviderEnterOllama (0.00s)
=== RUN   TestOnboardLLMProviderEnterDifferent
--- PASS: TestOnboardLLMProviderEnterDifferent (0.00s)
=== RUN   TestOnboardLLMProviderEnterLlamaCPP
--- PASS: TestOnboardLLMProviderEnterLlamaCPP (0.00s)
=== RUN   TestOnboardEmbHostEnter
--- PASS: TestOnboardEmbHostEnter (0.00s)
=== RUN   TestOnboardEmbAPIKeyEnter
--- PASS: TestOnboardEmbAPIKeyEnter (0.00s)
=== RUN   TestOnboardLLMHostEnter
--- PASS: TestOnboardLLMHostEnter (0.00s)
=== RUN   TestOnboardLLMAPIKeyEnter
--- PASS: TestOnboardLLMAPIKeyEnter (0.00s)
=== RUN   TestOnboardIndexDirEnter
--- PASS: TestOnboardIndexDirEnter (0.00s)
=== RUN   TestOnboardEmbModelUpDownEnter
--- PASS: TestOnboardEmbModelUpDownEnter (0.00s)
=== RUN   TestOnboardEmbModelTab
--- PASS: TestOnboardEmbModelTab (0.00s)
=== RUN   TestOnboardLLMModelUpDownEnter
--- PASS: TestOnboardLLMModelUpDownEnter (0.00s)
=== RUN   TestOnboardLLMModelTab
--- PASS: TestOnboardLLMModelTab (0.00s)
=== RUN   TestOnboardRerankerDisable
--- PASS: TestOnboardRerankerDisable (0.00s)
=== RUN   TestOnboardRerankerEnable
--- PASS: TestOnboardRerankerEnable (0.00s)
=== RUN   TestOnboardRerankerUpDown
--- PASS: TestOnboardRerankerUpDown (0.00s)
=== RUN   TestOnboardRerankModelUpDown
--- PASS: TestOnboardRerankModelUpDown (0.00s)
=== RUN   TestOnboardRerankModelTab
--- PASS: TestOnboardRerankModelTab (0.00s)
=== RUN   TestOnboardRerankModelEnter
--- PASS: TestOnboardRerankModelEnter (0.00s)
=== RUN   TestOnboardMCPUpDownEnter
--- PASS: TestOnboardMCPUpDownEnter (0.00s)
=== RUN   TestOnboardServerUpDownEnter
--- PASS: TestOnboardServerUpDownEnter (0.00s)
=== RUN   TestOnboardSummaryEnter
--- PASS: TestOnboardSummaryEnter (0.00s)
=== RUN   TestOnboardInstallUpDown
--- PASS: TestOnboardInstallUpDown (0.00s)
=== RUN   TestOnboardInstallEnter
--- PASS: TestOnboardInstallEnter (0.00s)
=== RUN   TestOnboardMenuUpDown
--- PASS: TestOnboardMenuUpDown (0.00s)
=== RUN   TestOnboardMenuSaveAndExit
--- PASS: TestOnboardMenuSaveAndExit (0.00s)
=== RUN   TestOnboardMenuEnterSubPhase
--- PASS: TestOnboardMenuEnterSubPhase (0.00s)
=== RUN   TestOnboardUpdateModelsFetched
--- PASS: TestOnboardUpdateModelsFetched (0.00s)
=== RUN   TestOnboardUpdateModelsFetchedError
--- PASS: TestOnboardUpdateModelsFetchedError (0.00s)
=== RUN   TestOnboardUpdateLLMModelsFetched
--- PASS: TestOnboardUpdateLLMModelsFetched (0.00s)
=== RUN   TestOnboardUpdateLLMModelsFetchedError
--- PASS: TestOnboardUpdateLLMModelsFetchedError (0.00s)
=== RUN   TestOnboardUpdateRerankModelsFetched
--- PASS: TestOnboardUpdateRerankModelsFetched (0.00s)
=== RUN   TestOnboardUpdateRerankModelsFetchedError
--- PASS: TestOnboardUpdateRerankModelsFetchedError (0.00s)
=== RUN   TestOnboardMenuEmbHostEnterReturnsToMenu
--- PASS: TestOnboardMenuEmbHostEnterReturnsToMenu (0.00s)
=== RUN   TestOnboardMenuMCPEnterReturnsToMenu
--- PASS: TestOnboardMenuMCPEnterReturnsToMenu (0.00s)
=== RUN   TestOnboardMenuServerEnterReturnsToMenu
--- PASS: TestOnboardMenuServerEnterReturnsToMenu (0.00s)
=== RUN   TestOnboardMenuRerankDisableReturnsToMenu
--- PASS: TestOnboardMenuRerankDisableReturnsToMenu (0.00s)
=== RUN   TestPluginUpdateWindowSize
--- PASS: TestPluginUpdateWindowSize (0.00s)
=== RUN   TestPluginUpdateMainCtrlC
--- PASS: TestPluginUpdateMainCtrlC (0.00s)
=== RUN   TestPluginUpdateMainEsc
--- PASS: TestPluginUpdateMainEsc (0.00s)
=== RUN   TestPluginUpdateMainUpDown
--- PASS: TestPluginUpdateMainUpDown (0.00s)
=== RUN   TestPluginUpdateMainUpBound
--- PASS: TestPluginUpdateMainUpBound (0.00s)
=== RUN   TestPluginUpdateMainEnter
--- PASS: TestPluginUpdateMainEnter (0.00s)
=== RUN   TestPluginUpdateMainRight
--- PASS: TestPluginUpdateMainRight (0.00s)
=== RUN   TestPluginUpdateMainRefresh
--- PASS: TestPluginUpdateMainRefresh (0.01s)
=== RUN   TestPluginUpdateMainStatusClear
--- PASS: TestPluginUpdateMainStatusClear (0.00s)
=== RUN   TestPluginUpdateDetailEsc
--- PASS: TestPluginUpdateDetailEsc (0.00s)
=== RUN   TestPluginUpdateDetailCtrlC
--- PASS: TestPluginUpdateDetailCtrlC (0.00s)
=== RUN   TestPluginUpdateDetailLeft
--- PASS: TestPluginUpdateDetailLeft (0.00s)
=== RUN   TestPluginUpdateResultCtrlC
--- PASS: TestPluginUpdateResultCtrlC (0.00s)
=== RUN   TestPluginUpdateResultAnyKey
--- PASS: TestPluginUpdateResultAnyKey (0.00s)
=== RUN   TestPluginUpdateActionMsgSuccess
--- PASS: TestPluginUpdateActionMsgSuccess (0.01s)
=== RUN   TestPluginUpdateActionMsgError
--- PASS: TestPluginUpdateActionMsgError (0.01s)
=== RUN   TestPluginUpdateProgressMsg
--- PASS: TestPluginUpdateProgressMsg (0.00s)
=== RUN   TestPluginUpdateProgressMsgOverflow
--- PASS: TestPluginUpdateProgressMsgOverflow (0.00s)
=== RUN   TestPluginViewMain
--- PASS: TestPluginViewMain (0.00s)
=== RUN   TestPluginViewDetail
--- PASS: TestPluginViewDetail (0.00s)
=== RUN   TestPluginViewQuitting
--- PASS: TestPluginViewQuitting (0.00s)
=== RUN   TestPluginViewAction
--- PASS: TestPluginViewAction (0.00s)
=== RUN   TestPluginViewResult
--- PASS: TestPluginViewResult (0.00s)
=== RUN   TestRepoNameExt3
--- PASS: TestRepoNameExt3 (0.00s)
=== RUN   TestCheckPluginStatusNotInstalledExt3
--- PASS: TestCheckPluginStatusNotInstalledExt3 (0.00s)
=== RUN   TestPluginOwner
--- PASS: TestPluginOwner (0.00s)
=== RUN   TestPluginStatusString
--- PASS: TestPluginStatusString (0.00s)
=== RUN   TestPluginStatusBadge
--- PASS: TestPluginStatusBadge (0.00s)
=== RUN   TestRepoName
--- PASS: TestRepoName (0.00s)
=== RUN   TestVenvBinary
--- PASS: TestVenvBinary (0.00s)
=== RUN   TestFindPython3
--- PASS: TestFindPython3 (0.02s)
=== RUN   TestLinkOrCopy
--- PASS: TestLinkOrCopy (0.01s)
=== RUN   TestCopyDir
--- PASS: TestCopyDir (0.01s)
=== RUN   TestNewPluginModel
--- PASS: TestNewPluginModel (0.03s)
=== RUN   TestPluginModelInit
--- PASS: TestPluginModelInit (0.03s)
=== RUN   TestPluginModelQuitting
--- PASS: TestPluginModelQuitting (0.02s)
=== RUN   TestPluginModelUpdateNavigation
--- PASS: TestPluginModelUpdateNavigation (0.04s)
=== RUN   TestPluginModelUpdateResult
--- PASS: TestPluginModelUpdateResult (0.02s)
=== RUN   TestPluginModelView
--- PASS: TestPluginModelView (0.02s)
=== RUN   TestPluginModelViewWithProgress
--- PASS: TestPluginModelViewWithProgress (0.04s)
=== RUN   TestPluginModelWindowSize
--- PASS: TestPluginModelWindowSize (0.03s)
=== RUN   TestPluginActionMsg
--- PASS: TestPluginActionMsg (0.08s)
=== RUN   TestPluginProgressMsg
--- PASS: TestPluginProgressMsg (0.03s)
=== RUN   TestLoadPluginConfigSummary
--- PASS: TestLoadPluginConfigSummary (0.00s)
=== RUN   TestFetchModels_UnsupportedProvider
--- PASS: TestFetchModels_UnsupportedProvider (0.00s)
=== RUN   TestFetchModels_OllamaRoute
--- PASS: TestFetchModels_OllamaRoute (0.00s)
=== RUN   TestFetchModels_OpenAIRoute
--- PASS: TestFetchModels_OpenAIRoute (0.00s)
=== RUN   TestFetchOllamaModels_NonOKStatus
--- PASS: TestFetchOllamaModels_NonOKStatus (0.00s)
=== RUN   TestFetchOllamaModels_BadJSON
--- PASS: TestFetchOllamaModels_BadJSON (0.00s)
=== RUN   TestFetchOllamaModels_MultipleModels
--- PASS: TestFetchOllamaModels_MultipleModels (0.00s)
=== RUN   TestFetchOpenAIModels_WithAPIKey
--- PASS: TestFetchOpenAIModels_WithAPIKey (0.00s)
=== RUN   TestFetchOpenAIModels_NoAPIKey
--- PASS: TestFetchOpenAIModels_NoAPIKey (0.00s)
=== RUN   TestFetchOpenAIModels_NonOKStatus
--- PASS: TestFetchOpenAIModels_NonOKStatus (0.00s)
=== RUN   TestFetchOpenAIModels_BadJSON
--- PASS: TestFetchOpenAIModels_BadJSON (0.00s)
=== RUN   TestFetchLlamaCPPModels_WithGGUFFiles
--- PASS: TestFetchLlamaCPPModels_WithGGUFFiles (0.00s)
=== RUN   TestFetchLlamaCPPModels_NoGGUF
--- PASS: TestFetchLlamaCPPModels_NoGGUF (0.00s)
=== RUN   TestFormatModelSizeCov3
--- PASS: TestFormatModelSizeCov3 (0.00s)
=== RUN   TestFilterEmbeddingModels_MatchesKeywords
--- PASS: TestFilterEmbeddingModels_MatchesKeywords (0.00s)
=== RUN   TestFilterEmbeddingModels_NoMatches
--- PASS: TestFilterEmbeddingModels_NoMatches (0.00s)
=== RUN   TestFilterRerankerModels_Matches
--- PASS: TestFilterRerankerModels_Matches (0.00s)
=== RUN   TestFilterRerankerModels_NoMatches
--- PASS: TestFilterRerankerModels_NoMatches (0.00s)
=== RUN   TestFilterLLMModels_ExcludesEmbedding
--- PASS: TestFilterLLMModels_ExcludesEmbedding (0.00s)
=== RUN   TestFilterLLMModels_AllEmbedding
--- PASS: TestFilterLLMModels_AllEmbedding (0.00s)
=== RUN   TestSharedLibNamesCov3
--- PASS: TestSharedLibNamesCov3 (0.00s)
=== RUN   TestInstallDirsCov3
--- PASS: TestInstallDirsCov3 (0.00s)
=== RUN   TestBuildInstallOptionsCov3
--- PASS: TestBuildInstallOptionsCov3 (0.00s)
=== RUN   TestRepoNameCov3
--- PASS: TestRepoNameCov3 (0.00s)
=== RUN   TestVenvBinaryCov3
--- PASS: TestVenvBinaryCov3 (0.00s)
=== RUN   TestLinkOrCopy_File
--- PASS: TestLinkOrCopy_File (0.00s)
=== RUN   TestResolveGleannBin_WithInstallPath
--- PASS: TestResolveGleannBin_WithInstallPath (0.00s)
=== RUN   TestResolveGleannBin_FallbackToExe
--- PASS: TestResolveGleannBin_FallbackToExe (0.01s)
=== RUN   TestInstallClaudeCodeMCP_NewFile
--- PASS: TestInstallClaudeCodeMCP_NewFile (0.00s)
=== RUN   TestInstallClaudeCodeMCP_ExistingCorrupt
--- PASS: TestInstallClaudeCodeMCP_ExistingCorrupt (0.00s)
=== RUN   TestInstallClaudeDesktopMCP_NewFile
--- PASS: TestInstallClaudeDesktopMCP_NewFile (0.00s)
=== RUN   TestCheckSetup_NoConfig
⚠ gleann is not configured
  Run 'gleann setup' for interactive wizard
  Run 'gleann setup --bootstrap' for quick defaults
--- PASS: TestCheckSetup_NoConfig (0.00s)
=== RUN   TestTimeAgoCov4
=== RUN   TestTimeAgoCov4/zero
=== RUN   TestTimeAgoCov4/just_now
=== RUN   TestTimeAgoCov4/minutes
=== RUN   TestTimeAgoCov4/hours
=== RUN   TestTimeAgoCov4/days
=== RUN   TestTimeAgoCov4/old
--- PASS: TestTimeAgoCov4 (0.00s)
    --- PASS: TestTimeAgoCov4/zero (0.00s)
    --- PASS: TestTimeAgoCov4/just_now (0.00s)
    --- PASS: TestTimeAgoCov4/minutes (0.00s)
    --- PASS: TestTimeAgoCov4/hours (0.00s)
    --- PASS: TestTimeAgoCov4/days (0.00s)
    --- PASS: TestTimeAgoCov4/old (0.00s)
=== RUN   TestFindClosestFloatCov4
--- PASS: TestFindClosestFloatCov4 (0.00s)
=== RUN   TestFindClosestIntCov4
--- PASS: TestFindClosestIntCov4 (0.00s)
=== RUN   TestIntAbsCov4
--- PASS: TestIntAbsCov4 (0.00s)
=== RUN   TestCapitalizeCov4
--- PASS: TestCapitalizeCov4 (0.00s)
=== RUN   TestPluginOwnerCov4_Default
--- PASS: TestPluginOwnerCov4_Default (0.00s)
=== RUN   TestPluginOwnerCov4_Override
--- PASS: TestPluginOwnerCov4_Override (0.00s)
=== RUN   TestPluginStatusStringCov4
--- PASS: TestPluginStatusStringCov4 (0.00s)
=== RUN   TestPluginStatusBadgeCov4
--- PASS: TestPluginStatusBadgeCov4 (0.00s)
=== RUN   TestSettingsMenuItemsCov4
--- PASS: TestSettingsMenuItemsCov4 (0.00s)
=== RUN   TestLogoCov4
--- PASS: TestLogoCov4 (0.00s)
=== RUN   TestDefaultIndexDirCov4
--- PASS: TestDefaultIndexDirCov4 (0.00s)
=== RUN   TestDefaultModelsDirCov4
--- PASS: TestDefaultModelsDirCov4 (0.00s)
=== RUN   TestConfigPathCov4
--- PASS: TestConfigPathCov4 (0.00s)
=== RUN   TestPickPreferredCov4
--- PASS: TestPickPreferredCov4 (0.00s)
=== RUN   TestPickBestModelsCov4
  → Embedding model: bge-m3:latest
  → LLM model: llama3:8b
  → Reranker model: jina-reranker-v2-base-multilingual (enabled)
--- PASS: TestPickBestModelsCov4 (0.00s)
=== RUN   TestJsonUnmarshalCov4
--- PASS: TestJsonUnmarshalCov4 (0.00s)
=== RUN   TestJsonMarshalIndentCov4
--- PASS: TestJsonMarshalIndentCov4 (0.00s)
=== RUN   TestExpandPathCov4
--- PASS: TestExpandPathCov4 (0.00s)
=== RUN   TestIndexManageUpdateListQuit
--- PASS: TestIndexManageUpdateListQuit (0.00s)
=== RUN   TestIndexManageUpdateListCtrlC
--- PASS: TestIndexManageUpdateListCtrlC (0.00s)
=== RUN   TestIndexManageUpdateDetailBack
--- PASS: TestIndexManageUpdateDetailBack (0.00s)
=== RUN   TestIndexManageUpdateDetailDelete
--- PASS: TestIndexManageUpdateDetailDelete (0.00s)
=== RUN   TestIndexManageUpdateConfirmNo
--- PASS: TestIndexManageUpdateConfirmNo (0.00s)
=== RUN   TestIndexManageUpdateConfirmCtrlC
--- PASS: TestIndexManageUpdateConfirmCtrlC (0.00s)
=== RUN   TestIndexManageUpdateDeleteResult
--- PASS: TestIndexManageUpdateDeleteResult (0.00s)
=== RUN   TestIndexManageViewDetail
--- PASS: TestIndexManageViewDetail (0.00s)
=== RUN   TestIndexManageViewConfirm
--- PASS: TestIndexManageViewConfirm (0.00s)
=== RUN   TestIndexManageViewListWithStatus
--- PASS: TestIndexManageViewListWithStatus (0.00s)
=== RUN   TestIndexManageViewListError
--- PASS: TestIndexManageViewListError (0.00s)
=== RUN   TestIndexManageViewQuitting
--- PASS: TestIndexManageViewQuitting (0.00s)
=== RUN   TestIndexManageListEnterToDetail
--- PASS: TestIndexManageListEnterToDetail (0.00s)
=== RUN   TestIndexManageListDelete
--- PASS: TestIndexManageListDelete (0.00s)
=== RUN   TestTimeAgoJustNow
--- PASS: TestTimeAgoJustNow (0.00s)
=== RUN   TestTimeAgoMinutes
--- PASS: TestTimeAgoMinutes (0.00s)
=== RUN   TestTimeAgoHours
--- PASS: TestTimeAgoHours (0.00s)
=== RUN   TestTimeAgoDays
--- PASS: TestTimeAgoDays (0.00s)
=== RUN   TestTimeAgoOld
--- PASS: TestTimeAgoOld (0.00s)
=== RUN   TestTimeAgoZero
--- PASS: TestTimeAgoZero (0.00s)
=== RUN   TestIndexListUpdateNavigation
--- PASS: TestIndexListUpdateNavigation (0.00s)
=== RUN   TestIndexListSelectIndex
--- PASS: TestIndexListSelectIndex (0.00s)
=== RUN   TestIndexListSkip
--- PASS: TestIndexListSkip (0.00s)
=== RUN   TestIndexListViewWithIndexes
--- PASS: TestIndexListViewWithIndexes (0.00s)
=== RUN   TestIndexListViewWithError
--- PASS: TestIndexListViewWithError (0.00s)
=== RUN   TestHomeModelEnterSetup
--- PASS: TestHomeModelEnterSetup (0.00s)
=== RUN   TestHomeModelEnterChat
--- PASS: TestHomeModelEnterChat (0.00s)
=== RUN   TestHomeModelEnterIndexes
--- PASS: TestHomeModelEnterIndexes (0.00s)
=== RUN   TestHomeModelEnterPlugins
--- PASS: TestHomeModelEnterPlugins (0.00s)
=== RUN   TestHomeModelEnterQuitOption
--- PASS: TestHomeModelEnterQuitOption (0.00s)
=== RUN   TestHomeModelViewContent
--- PASS: TestHomeModelViewContent (0.00s)
=== RUN   TestHomeModelViewQuitting
--- PASS: TestHomeModelViewQuitting (0.00s)
=== RUN   TestPickPreferredMatch
--- PASS: TestPickPreferredMatch (0.00s)
=== RUN   TestPickPreferredFallback
--- PASS: TestPickPreferredFallback (0.00s)
=== RUN   TestPickBestModelsWithEmbed
  → Embedding model: bge-m3
  → LLM model: gemma3:4b
--- PASS: TestPickBestModelsWithEmbed (0.00s)
=== RUN   TestOllamaReachableOffline
--- PASS: TestOllamaReachableOffline (0.00s)
=== RUN   TestExpandPathTilde
--- PASS: TestExpandPathTilde (0.00s)
=== RUN   TestExpandPathTildeSlash
--- PASS: TestExpandPathTildeSlash (0.00s)
=== RUN   TestExpandPathEmpty
--- PASS: TestExpandPathEmpty (0.00s)
=== RUN   TestExpandPathAbsolute
--- PASS: TestExpandPathAbsolute (0.00s)
=== RUN   TestConfigPathNotEmpty
--- PASS: TestConfigPathNotEmpty (0.00s)
=== RUN   TestSaveAndLoadConfigRoundTrip
--- PASS: TestSaveAndLoadConfigRoundTrip (0.00s)
=== RUN   TestUpdateConfigMutate
--- PASS: TestUpdateConfigMutate (0.00s)
=== RUN   TestDefaultIndexDirNotEmpty
--- PASS: TestDefaultIndexDirNotEmpty (0.00s)
=== RUN   TestDefaultModelsDirNotEmpty
--- PASS: TestDefaultModelsDirNotEmpty (0.00s)
=== RUN   TestIsSetupNeededNoConfig
--- PASS: TestIsSetupNeededNoConfig (0.00s)
=== RUN   TestIsSetupNeededWithConfig
--- PASS: TestIsSetupNeededWithConfig (0.00s)
=== RUN   TestBashCompletionExt3
--- PASS: TestBashCompletionExt3 (0.00s)
=== RUN   TestZshCompletionExt3
--- PASS: TestZshCompletionExt3 (0.00s)
=== RUN   TestFishCompletionExt3
--- PASS: TestFishCompletionExt3 (0.00s)
=== RUN   TestSharedLibNamesExt3
--- PASS: TestSharedLibNamesExt3 (0.00s)
=== RUN   TestInstallDirsExt3
--- PASS: TestInstallDirsExt3 (0.00s)
=== RUN   TestIsWritableExistingDir
--- PASS: TestIsWritableExistingDir (0.00s)
=== RUN   TestIsWritableNonExistentDir
--- PASS: TestIsWritableNonExistentDir (0.00s)
=== RUN   TestIsWritableNonExistentParent
--- PASS: TestIsWritableNonExistentParent (0.00s)
=== RUN   TestInstallBinaryExt3
    tui_ext3_test.go:89: skip on windows
--- SKIP: TestInstallBinaryExt3 (0.00s)
=== RUN   TestRemoveCompletionsExt3
--- PASS: TestRemoveCompletionsExt3 (0.00s)
=== RUN   TestEnsureSourceLineNew
--- PASS: TestEnsureSourceLineNew (0.00s)
=== RUN   TestEnsureSourceLineAlreadyPresent
--- PASS: TestEnsureSourceLineAlreadyPresent (0.00s)
=== RUN   TestCopySharedLibsNoLibs
--- PASS: TestCopySharedLibsNoLibs (0.00s)
=== RUN   TestCopySharedLibsWithLib
    tui_ext3_test.go:155: skip on windows
--- SKIP: TestCopySharedLibsWithLib (0.00s)
=== RUN   TestFindClosestFloatExact
--- PASS: TestFindClosestFloatExact (0.00s)
=== RUN   TestFindClosestFloatBetween
--- PASS: TestFindClosestFloatBetween (0.00s)
=== RUN   TestFindClosestFloatMin
--- PASS: TestFindClosestFloatMin (0.00s)
=== RUN   TestFindClosestFloatMax
--- PASS: TestFindClosestFloatMax (0.00s)
=== RUN   TestFindClosestIntExact
--- PASS: TestFindClosestIntExact (0.00s)
=== RUN   TestFindClosestIntBetween
--- PASS: TestFindClosestIntBetween (0.00s)
=== RUN   TestFindClosestIntMin
--- PASS: TestFindClosestIntMin (0.00s)
=== RUN   TestFindClosestIntMax
--- PASS: TestFindClosestIntMax (0.00s)
=== RUN   TestIntAbsPositive
--- PASS: TestIntAbsPositive (0.00s)
=== RUN   TestIntAbsNegative
--- PASS: TestIntAbsNegative (0.00s)
=== RUN   TestIntAbsZero
--- PASS: TestIntAbsZero (0.00s)
=== RUN   TestSettingsMenuItemsExt3
--- PASS: TestSettingsMenuItemsExt3 (0.00s)
=== RUN   TestPrevPhaseKnown
--- PASS: TestPrevPhaseKnown (0.00s)
=== RUN   TestPrevPhaseFirst
--- PASS: TestPrevPhaseFirst (0.00s)
=== RUN   TestBuildInstallOptionsExt3
--- PASS: TestBuildInstallOptionsExt3 (0.00s)
=== RUN   TestNewOnboardModelNotNil
--- PASS: TestNewOnboardModelNotNil (0.00s)
=== RUN   TestNewOnboardModelWithConfigExt3
--- PASS: TestNewOnboardModelWithConfigExt3 (0.00s)
=== RUN   TestOpenAIBaseURLExt3
--- PASS: TestOpenAIBaseURLExt3 (0.00s)
=== RUN   TestExpandPath
=== RUN   TestExpandPath/empty
=== RUN   TestExpandPath/tilde
=== RUN   TestExpandPath/tilde_slash
=== RUN   TestExpandPath/absolute
=== RUN   TestExpandPath/relative
=== RUN   TestExpandPath/dot
--- PASS: TestExpandPath (0.00s)
    --- PASS: TestExpandPath/empty (0.00s)
    --- PASS: TestExpandPath/tilde (0.00s)
    --- PASS: TestExpandPath/tilde_slash (0.00s)
    --- PASS: TestExpandPath/absolute (0.00s)
    --- PASS: TestExpandPath/relative (0.00s)
    --- PASS: TestExpandPath/dot (0.00s)
=== RUN   TestDefaultIndexDir
--- PASS: TestDefaultIndexDir (0.00s)
=== RUN   TestDefaultModelsDir
--- PASS: TestDefaultModelsDir (0.00s)
=== RUN   TestSaveAndLoadConfig
--- PASS: TestSaveAndLoadConfig (0.00s)
=== RUN   TestUpdateConfig
--- PASS: TestUpdateConfig (0.00s)
=== RUN   TestFilterEmbeddingModels
--- PASS: TestFilterEmbeddingModels (0.00s)
=== RUN   TestFilterEmbeddingModelsEmpty
--- PASS: TestFilterEmbeddingModelsEmpty (0.00s)
=== RUN   TestFilterLLMModels
--- PASS: TestFilterLLMModels (0.00s)
=== RUN   TestFilterRerankerModels
--- PASS: TestFilterRerankerModels (0.00s)
=== RUN   TestFilterRerankerModelsNone
--- PASS: TestFilterRerankerModelsNone (0.00s)
=== RUN   TestFormatModelSize
=== RUN   TestFormatModelSize/#00
=== RUN   TestFormatModelSize/#01
=== RUN   TestFormatModelSize/1MB
=== RUN   TestFormatModelSize/5MB
=== RUN   TestFormatModelSize/1.0GB
=== RUN   TestFormatModelSize/4.0GB
--- PASS: TestFormatModelSize (0.00s)
    --- PASS: TestFormatModelSize/#00 (0.00s)
    --- PASS: TestFormatModelSize/#01 (0.00s)
    --- PASS: TestFormatModelSize/1MB (0.00s)
    --- PASS: TestFormatModelSize/5MB (0.00s)
    --- PASS: TestFormatModelSize/1.0GB (0.00s)
    --- PASS: TestFormatModelSize/4.0GB (0.00s)
=== RUN   TestPickPreferredExtended
=== RUN   TestPickPreferredExtended/first_match
=== RUN   TestPickPreferredExtended/second_preference
=== RUN   TestPickPreferredExtended/no_match_falls_back_to_first
--- PASS: TestPickPreferredExtended (0.00s)
    --- PASS: TestPickPreferredExtended/first_match (0.00s)
    --- PASS: TestPickPreferredExtended/second_preference (0.00s)
    --- PASS: TestPickPreferredExtended/no_match_falls_back_to_first (0.00s)
=== RUN   TestPickBestModels
  → Embedding model: bge-m3
  → LLM model: llama3.2
  → Reranker model: bge-reranker-v2-m3 (enabled)
--- PASS: TestPickBestModels (0.00s)
=== RUN   TestFetchOllamaModels
--- PASS: TestFetchOllamaModels (0.00s)
=== RUN   TestFetchOllamaModelsError
--- PASS: TestFetchOllamaModelsError (0.00s)
=== RUN   TestFetchOpenAIModels
--- PASS: TestFetchOpenAIModels (0.00s)
=== RUN   TestFetchModels
--- PASS: TestFetchModels (0.00s)
=== RUN   TestSharedLibNames
--- PASS: TestSharedLibNames (0.00s)
=== RUN   TestInstallDirs
--- PASS: TestInstallDirs (0.00s)
=== RUN   TestBashCompletion
--- PASS: TestBashCompletion (0.00s)
=== RUN   TestZshCompletion
--- PASS: TestZshCompletion (0.00s)
=== RUN   TestFishCompletion
--- PASS: TestFishCompletion (0.00s)
=== RUN   TestIsWritable
--- PASS: TestIsWritable (0.00s)
PASS
ok  	github.com/tevfik/gleann/internal/tui	1.709s
=== RUN   TestTracker
    tracker_test.go:39: Upserted hash: 87a7354b70379ea6c912e4b6f6e4941c3f509e948f52e1af3741fc5cac34edb4
--- PASS: TestTracker (0.17s)
=== RUN   TestComputeHash
--- PASS: TestComputeHash (0.00s)
=== RUN   TestComputeHashMissingFile
--- PASS: TestComputeHashMissingFile (0.00s)
=== RUN   TestDefaultDBPath
--- PASS: TestDefaultDBPath (0.00s)
=== RUN   TestTrackerUpsertRecord
--- PASS: TestTrackerUpsertRecord (0.14s)
=== RUN   TestTrackerRemoveByHash
--- PASS: TestTrackerRemoveByHash (0.13s)
=== RUN   TestTrackerGetPathNotFound
--- PASS: TestTrackerGetPathNotFound (0.08s)
=== RUN   TestTrackerGetHashNotFound
--- PASS: TestTrackerGetHashNotFound (0.09s)
=== RUN   TestTrackerUpsertFileExtended
--- PASS: TestTrackerUpsertFileExtended (0.15s)
=== RUN   TestTrackerUpsertFileMissing
--- PASS: TestTrackerUpsertFileMissing (0.10s)
=== RUN   TestFileRecordJSON
--- PASS: TestFileRecordJSON (0.00s)
=== RUN   TestNewWatcher
--- PASS: TestNewWatcher (0.07s)
=== RUN   TestWatcherAddDirectory
--- PASS: TestWatcherAddDirectory (0.06s)
=== RUN   TestWatcherStartAndDetectChange
--- PASS: TestWatcherStartAndDetectChange (0.29s)
=== RUN   TestWatcherClose
--- PASS: TestWatcherClose (0.04s)
=== RUN   TestWatcherStartContextCancellation
--- PASS: TestWatcherStartContextCancellation (0.11s)
=== RUN   TestTrackerNewWithBadPath
--- PASS: TestTrackerNewWithBadPath (0.00s)
=== RUN   TestTrackerUpsertAndRetrieve
--- PASS: TestTrackerUpsertAndRetrieve (0.10s)
=== RUN   TestTrackerRemoveAndVerify
--- PASS: TestTrackerRemoveAndVerify (0.19s)
=== RUN   TestTrackerComputeHashConsistency
--- PASS: TestTrackerComputeHashConsistency (0.00s)
=== RUN   TestTrackerUpsertRecordEdgeCases
--- PASS: TestTrackerUpsertRecordEdgeCases (0.18s)
PASS
ok  	github.com/tevfik/gleann/internal/vault	1.939s
=== RUN   TestParsePython
--- PASS: TestParsePython (0.00s)
=== RUN   TestParseGo
    parser_test.go:71: symbol: type="preamble" name="imports" lines=1-3
    parser_test.go:71: symbol: type="struct" name="Calculator" lines=5-6
    parser_test.go:71: symbol: type="method" name="Calculator.Add" lines=8-11
    parser_test.go:71: symbol: type="function" name="main" lines=13-15
--- PASS: TestParseGo (0.00s)
=== RUN   TestParseJavaScript
--- PASS: TestParseJavaScript (0.00s)
=== RUN   TestParseRust
--- PASS: TestParseRust (0.00s)
=== RUN   TestDetectLanguage
--- PASS: TestDetectLanguage (0.00s)
=== RUN   TestIsCodeFile
--- PASS: TestIsCodeFile (0.00s)
=== RUN   TestExtractFunctions
--- PASS: TestExtractFunctions (0.00s)
=== RUN   TestExtractClasses
--- PASS: TestExtractClasses (0.00s)
=== RUN   TestTreeSitterAvailable
--- PASS: TestTreeSitterAvailable (0.00s)
PASS
ok  	github.com/tevfik/gleann/pkg/analysis	0.029s
=== RUN   TestHNSWFactory_Name
--- PASS: TestHNSWFactory_Name (0.00s)
=== RUN   TestHNSWFactory_NewBuilder
--- PASS: TestHNSWFactory_NewBuilder (0.00s)
=== RUN   TestHNSWFactory_NewSearcher
--- PASS: TestHNSWFactory_NewSearcher (0.00s)
=== RUN   TestHNSWFactory_NewSearcher_Mmap
--- PASS: TestHNSWFactory_NewSearcher_Mmap (0.00s)
=== RUN   TestHNSWFactory_NewSearcher_NoMmap
--- PASS: TestHNSWFactory_NewSearcher_NoMmap (0.00s)
=== RUN   TestToHNSWConfig
--- PASS: TestToHNSWConfig (0.00s)
=== RUN   TestDiskANNRegistered
--- PASS: TestDiskANNRegistered (0.00s)
=== RUN   TestDiskANNInListBackends
--- PASS: TestDiskANNInListBackends (0.00s)
=== RUN   TestDiskANNFullPipeline
    diskann_test.go:72: Index size: 131692 bytes for 300 vectors of dim 32
--- PASS: TestDiskANNFullPipeline (0.14s)
=== RUN   TestDiskANNSearchWithRecompute
--- PASS: TestDiskANNSearchWithRecompute (0.06s)
=== RUN   TestDiskANNAddRemoveVectors
--- PASS: TestDiskANNAddRemoveVectors (0.05s)
=== RUN   TestDiskANNRecallComparison
    diskann_test.go:295: ╭──────────────────────────────────────────╮
    diskann_test.go:296: │  Recall@10 Comparison (1000 vectors, 64d)  │
    diskann_test.go:297: ├──────────────┬──────────────┬────────────┤
    diskann_test.go:298: │              │ HNSW         │ DiskANN    │
    diskann_test.go:299: ├──────────────┼──────────────┼────────────┤
    diskann_test.go:300: │ Self-recall  │  100.0%      │  100.0%   │
    diskann_test.go:301: │ Index size   │     506KB    │     761KB  │
    diskann_test.go:302: ╰──────────────┴──────────────┴────────────╯
--- PASS: TestDiskANNRecallComparison (4.98s)
PASS
ok  	github.com/tevfik/gleann/pkg/backends	5.297s
?   	github.com/tevfik/gleann/pkg/configpath	[no test files]
=== RUN   TestShortIDFull
--- PASS: TestShortIDFull (0.00s)
=== RUN   TestShortIDShort
--- PASS: TestShortIDShort (0.00s)
=== RUN   TestShortIDEmpty
--- PASS: TestShortIDEmpty (0.00s)
=== RUN   TestIndexLabelMultiple
--- PASS: TestIndexLabelMultiple (0.00s)
=== RUN   TestIndexLabelEmpty
--- PASS: TestIndexLabelEmpty (0.00s)
=== RUN   TestMessageCountMixed
--- PASS: TestMessageCountMixed (0.00s)
=== RUN   TestMessageCountEmpty
--- PASS: TestMessageCountEmpty (0.00s)
=== RUN   TestAutoTitleFromFirstUser
--- PASS: TestAutoTitleFromFirstUser (0.00s)
=== RUN   TestAutoTitleTruncated
--- PASS: TestAutoTitleTruncated (0.00s)
=== RUN   TestAutoTitleNoUser
--- PASS: TestAutoTitleNoUser (0.00s)
=== RUN   TestGenerateID_Deterministic
--- PASS: TestGenerateID_Deterministic (0.04s)
=== RUN   TestStoreSaveAndLoad
--- PASS: TestStoreSaveAndLoad (0.00s)
=== RUN   TestStoreLoadByTitle
--- PASS: TestStoreLoadByTitle (0.00s)
=== RUN   TestStoreLoadByPrefix
--- PASS: TestStoreLoadByPrefix (0.00s)
=== RUN   TestStoreLoadNotFound
--- PASS: TestStoreLoadNotFound (0.00s)
=== RUN   TestStoreList
--- PASS: TestStoreList (0.04s)
=== RUN   TestStoreListEmpty
--- PASS: TestStoreListEmpty (0.00s)
=== RUN   TestStoreListNonExistentDir
--- PASS: TestStoreListNonExistentDir (0.00s)
=== RUN   TestStoreDelete
--- PASS: TestStoreDelete (0.00s)
=== RUN   TestStoreDeleteByTitle
--- PASS: TestStoreDeleteByTitle (0.00s)
=== RUN   TestStoreDeleteOlderThan
--- PASS: TestStoreDeleteOlderThan (0.00s)
=== RUN   TestStoreLatestConv
--- PASS: TestStoreLatestConv (0.01s)
=== RUN   TestStoreLatestEmpty
--- PASS: TestStoreLatestEmpty (0.00s)
=== RUN   TestStoreSaveAutoTitle
--- PASS: TestStoreSaveAutoTitle (0.00s)
=== RUN   TestStoreSaveTimestamps
--- PASS: TestStoreSaveTimestamps (0.00s)
=== RUN   TestStoreListIgnoresNonJSON
--- PASS: TestStoreListIgnoresNonJSON (0.00s)
=== RUN   TestStorePath
--- PASS: TestStorePath (0.00s)
=== RUN   TestDefaultStoreDir
--- PASS: TestDefaultStoreDir (0.00s)
=== RUN   TestConversationIndexes
--- PASS: TestConversationIndexes (0.00s)
=== RUN   TestConversationIndexLabel
--- PASS: TestConversationIndexLabel (0.00s)
=== RUN   TestStoreListAndDelete
--- PASS: TestStoreListAndDelete (0.01s)
=== RUN   TestStoreLatest
--- PASS: TestStoreLatest (0.00s)
=== RUN   TestStorePrefixMatch
--- PASS: TestStorePrefixMatch (0.00s)
=== RUN   TestStoreTitleMatch
--- PASS: TestStoreTitleMatch (0.00s)
=== RUN   TestDeleteOlderThan
--- PASS: TestDeleteOlderThan (0.00s)
=== RUN   TestShortID
--- PASS: TestShortID (0.00s)
=== RUN   TestAutoTitle
--- PASS: TestAutoTitle (0.00s)
=== RUN   TestAutoTitleTruncate
--- PASS: TestAutoTitleTruncate (0.00s)
=== RUN   TestStoreEmptyDir
--- PASS: TestStoreEmptyDir (0.00s)
=== RUN   TestMessageCount
--- PASS: TestMessageCount (0.00s)
=== RUN   TestDefaultStore
--- PASS: TestDefaultStore (0.00s)
=== RUN   TestSummarizer_OllamaProvider
--- PASS: TestSummarizer_OllamaProvider (0.00s)
=== RUN   TestSummarizer_OpenAIProvider
--- PASS: TestSummarizer_OpenAIProvider (0.00s)
=== RUN   TestSummarizer_FallbackOnError
--- PASS: TestSummarizer_FallbackOnError (0.00s)
=== RUN   TestSummarizer_EmptyConversation
--- PASS: TestSummarizer_EmptyConversation (0.00s)
=== RUN   TestSummarizer_CleansUpTitle
--- PASS: TestSummarizer_CleansUpTitle (0.00s)
=== RUN   TestSummarizer_TruncatesLongTitle
--- PASS: TestSummarizer_TruncatesLongTitle (0.00s)
PASS
ok  	github.com/tevfik/gleann/pkg/conversations	0.198s
=== RUN   TestNewBM25Adapter
--- PASS: TestNewBM25Adapter (0.00s)
=== RUN   TestNewBM25AdapterWithParams
--- PASS: TestNewBM25AdapterWithParams (0.00s)
=== RUN   TestBM25AdapterAddDocuments
--- PASS: TestBM25AdapterAddDocuments (0.00s)
=== RUN   TestBM25AdapterScore
--- PASS: TestBM25AdapterScore (0.00s)
=== RUN   TestBM25AdapterScoreEmpty
--- PASS: TestBM25AdapterScoreEmpty (0.00s)
=== RUN   TestBM25AdapterMultipleScores
--- PASS: TestBM25AdapterMultipleScores (0.00s)
=== RUN   TestBM25AdapterAddThenScore
--- PASS: TestBM25AdapterAddThenScore (0.00s)
=== RUN   TestPassageManagerCountExt
--- PASS: TestPassageManagerCountExt (0.02s)
=== RUN   TestFindDocumentExtractor
--- PASS: TestFindDocumentExtractor (0.00s)
=== RUN   TestFindDocumentExtractorNilRegistry
--- PASS: TestFindDocumentExtractorNilRegistry (0.00s)
=== RUN   TestLLMProviderConstants
--- PASS: TestLLMProviderConstants (0.00s)
=== RUN   TestUpdateIndex
--- PASS: TestUpdateIndex (0.11s)
=== RUN   TestUpdateIndexDeleteOnly
--- PASS: TestUpdateIndexDeleteOnly (0.06s)
=== RUN   TestUpdateIndexAddOnly
--- PASS: TestUpdateIndexAddOnly (0.05s)
=== RUN   TestDefaultChatConfig
--- PASS: TestDefaultChatConfig (0.00s)
=== RUN   TestNewChatNilSearcher
--- PASS: TestNewChatNilSearcher (0.00s)
=== RUN   TestNewChatDefaultBaseURL
--- PASS: TestNewChatDefaultBaseURL (0.00s)
=== RUN   TestNewChatOpenAIDefaultBaseURL
--- PASS: TestNewChatOpenAIDefaultBaseURL (0.00s)
=== RUN   TestNewChatAnthropicDefaultBaseURL
--- PASS: TestNewChatAnthropicDefaultBaseURL (0.00s)
=== RUN   TestChatSetTemperature
--- PASS: TestChatSetTemperature (0.00s)
=== RUN   TestChatSetMaxTokens
--- PASS: TestChatSetMaxTokens (0.00s)
=== RUN   TestChatSetSystemPrompt
--- PASS: TestChatSetSystemPrompt (0.00s)
=== RUN   TestChatSetModel
--- PASS: TestChatSetModel (0.00s)
=== RUN   TestChatSetMemoryContext
--- PASS: TestChatSetMemoryContext (0.00s)
=== RUN   TestChatGetSearcher
--- PASS: TestChatGetSearcher (0.00s)
=== RUN   TestChatClearHistory
--- PASS: TestChatClearHistory (0.00s)
=== RUN   TestSaveAndLoadSession
--- PASS: TestSaveAndLoadSession (0.00s)
=== RUN   TestSaveSessionEmpty
--- PASS: TestSaveSessionEmpty (0.00s)
=== RUN   TestLoadSessionInvalidPath
--- PASS: TestLoadSessionInvalidPath (0.00s)
=== RUN   TestLoadSessionInvalidJSON
--- PASS: TestLoadSessionInvalidJSON (0.00s)
=== RUN   TestLoadMediaFiles
--- PASS: TestLoadMediaFiles (0.00s)
=== RUN   TestLoadMediaFilesNonExistent
--- PASS: TestLoadMediaFilesNonExistent (0.00s)
=== RUN   TestLoadMediaFilesEmpty
--- PASS: TestLoadMediaFilesEmpty (0.00s)
=== RUN   TestHasImages
--- PASS: TestHasImages (0.00s)
=== RUN   TestHasImagesEmpty
--- PASS: TestHasImagesEmpty (0.00s)
=== RUN   TestToOpenAIMultimodalMessages
--- PASS: TestToOpenAIMultimodalMessages (0.00s)
=== RUN   TestToOpenAIMultimodalMessagesTextOnly
--- PASS: TestToOpenAIMultimodalMessagesTextOnly (0.00s)
=== RUN   TestToAnthropicMultimodalMessages
--- PASS: TestToAnthropicMultimodalMessages (0.00s)
=== RUN   TestToAnthropicMultimodalMessagesTextOnly
--- PASS: TestToAnthropicMultimodalMessagesTextOnly (0.00s)
=== RUN   TestChatOllama_Success
--- PASS: TestChatOllama_Success (0.00s)
=== RUN   TestChatOllama_ModelNotFound
--- PASS: TestChatOllama_ModelNotFound (0.00s)
=== RUN   TestChatOllama_ServerError
--- PASS: TestChatOllama_ServerError (0.00s)
=== RUN   TestChatOllama_MaxTokens
--- PASS: TestChatOllama_MaxTokens (0.00s)
=== RUN   TestChatOllama_InvalidJSON
--- PASS: TestChatOllama_InvalidJSON (0.00s)
=== RUN   TestChatOllama_FormatJSON
--- PASS: TestChatOllama_FormatJSON (0.00s)
=== RUN   TestChatOpenAI_Success
--- PASS: TestChatOpenAI_Success (0.00s)
=== RUN   TestChatOpenAI_NoChoices
--- PASS: TestChatOpenAI_NoChoices (0.00s)
=== RUN   TestChatOpenAI_WithImages
--- PASS: TestChatOpenAI_WithImages (0.00s)
=== RUN   TestChatOpenAI_ServerError
--- PASS: TestChatOpenAI_ServerError (0.00s)
=== RUN   TestChatAnthropic_Success
--- PASS: TestChatAnthropic_Success (0.00s)
=== RUN   TestChatAnthropic_NoContent
--- PASS: TestChatAnthropic_NoContent (0.00s)
=== RUN   TestChatAnthropic_WithImages
--- PASS: TestChatAnthropic_WithImages (0.00s)
=== RUN   TestChatAnthropic_DefaultMaxTokens
--- PASS: TestChatAnthropic_DefaultMaxTokens (0.00s)
=== RUN   TestChatAnthropic_PromptCaching
--- PASS: TestChatAnthropic_PromptCaching (0.00s)
=== RUN   TestAsk_OllamaIntegration
--- PASS: TestAsk_OllamaIntegration (0.00s)
=== RUN   TestAsk_OpenAIIntegration
--- PASS: TestAsk_OpenAIIntegration (0.00s)
=== RUN   TestAsk_AnthropicIntegration
--- PASS: TestAsk_AnthropicIntegration (0.00s)
=== RUN   TestAsk_WithMemoryContext
--- PASS: TestAsk_WithMemoryContext (0.00s)
=== RUN   TestAsk_HistorySlidingWindow
    chat_llm_test.go:578: note: session summary may be empty if trimmed content didn't produce extractable sentences
--- PASS: TestAsk_HistorySlidingWindow (0.00s)
=== RUN   TestAsk_SearchError
--- PASS: TestAsk_SearchError (0.00s)
=== RUN   TestAskWithImages_Ollama
--- PASS: TestAskWithImages_Ollama (0.00s)
=== RUN   TestAskStreamWithMedia_AudioFallsBackToNonStreaming
--- PASS: TestAskStreamWithMedia_AudioFallsBackToNonStreaming (0.00s)
=== RUN   TestChat_UnsupportedProvider
--- PASS: TestChat_UnsupportedProvider (0.00s)
=== RUN   TestGetStreamClient_Default
--- PASS: TestGetStreamClient_Default (0.00s)
=== RUN   TestGetStreamClient_Custom
--- PASS: TestGetStreamClient_Custom (0.00s)
=== RUN   TestSetReranker_MultiSearcher
--- PASS: TestSetReranker_MultiSearcher (0.00s)
=== RUN   TestSaveSession_CreatesDir
--- PASS: TestSaveSession_CreatesDir (0.00s)
=== RUN   TestLoadMediaFiles_TooLarge
--- PASS: TestLoadMediaFiles_TooLarge (0.03s)
=== RUN   TestAskStream_OllamaIntegration
--- PASS: TestAskStream_OllamaIntegration (0.00s)
=== RUN   TestAskStream_OpenAIIntegration
--- PASS: TestAskStream_OpenAIIntegration (0.00s)
=== RUN   TestAskStream_AnthropicIntegration
--- PASS: TestAskStream_AnthropicIntegration (0.00s)
=== RUN   TestAskStreamWithMedia_ImageStreams
--- PASS: TestAskStreamWithMedia_ImageStreams (0.00s)
=== RUN   TestNewChat_OllamaHostEnv
--- PASS: TestNewChat_OllamaHostEnv (0.00s)
=== RUN   TestNewChat_OpenAIBaseURLEnv
--- PASS: TestNewChat_OpenAIBaseURLEnv (0.00s)
=== RUN   TestNewChat_OpenAIAPIKeyEnv
--- PASS: TestNewChat_OpenAIAPIKeyEnv (0.00s)
=== RUN   TestNewChat_AnthropicAPIKeyEnv
--- PASS: TestNewChat_AnthropicAPIKeyEnv (0.00s)
=== RUN   TestNewChat_CustomTimeout
--- PASS: TestNewChat_CustomTimeout (0.00s)
=== RUN   TestChatOllama_ConnectionRefused
--- PASS: TestChatOllama_ConnectionRefused (0.00s)
=== RUN   TestChatOllama_ThinkField
--- PASS: TestChatOllama_ThinkField (0.00s)
=== RUN   TestSetSearcher
--- PASS: TestSetSearcher (0.00s)
=== RUN   TestTrimmedHistory_NoTrimNeeded
--- PASS: TestTrimmedHistory_NoTrimNeeded (0.00s)
=== RUN   TestTrimmedHistory_MergeSummaries
--- PASS: TestTrimmedHistory_MergeSummaries (0.00s)
=== RUN   TestOllamaContextWindow_NoLimit
--- PASS: TestOllamaContextWindow_NoLimit (0.00s)
=== RUN   TestOllamaContextWindow_Budgeted
--- PASS: TestOllamaContextWindow_Budgeted (0.00s)
=== RUN   TestOllamaContextWindow_EnvOverride
--- PASS: TestOllamaContextWindow_EnvOverride (0.00s)
=== RUN   TestOllamaContextWindow_EnvJunk
--- PASS: TestOllamaContextWindow_EnvJunk (0.00s)
=== RUN   TestAskStream_OllamaCollectsFullAnswer
--- PASS: TestAskStream_OllamaCollectsFullAnswer (0.00s)
=== RUN   TestChatOpenAIStream_ParsesSSE
--- PASS: TestChatOpenAIStream_ParsesSSE (0.00s)
=== RUN   TestChatAnthropicStream_ParsesSSE
--- PASS: TestChatAnthropicStream_ParsesSSE (0.00s)
=== RUN   TestChatStream_UnsupportedProvider
--- PASS: TestChatStream_UnsupportedProvider (0.00s)
=== RUN   TestOllamaStream_ServerError
--- PASS: TestOllamaStream_ServerError (0.00s)
=== RUN   TestOpenAIStream_EmptyDataLines
--- PASS: TestOpenAIStream_EmptyDataLines (0.00s)
=== RUN   TestChatStream_ContextCancellation
--- PASS: TestChatStream_ContextCancellation (0.00s)
=== RUN   TestStreamCallback_HistoryUpdated
--- PASS: TestStreamCallback_HistoryUpdated (0.00s)
=== RUN   TestDefaultContextField
--- PASS: TestDefaultContextField (0.00s)
=== RUN   TestRecencyScore
--- PASS: TestRecencyScore (0.00s)
=== RUN   TestFrequencyScore
--- PASS: TestFrequencyScore (0.00s)
=== RUN   TestComputeProximity
--- PASS: TestComputeProximity (0.00s)
=== RUN   TestScoreItem
--- PASS: TestScoreItem (0.00s)
=== RUN   TestRankItems
--- PASS: TestRankItems (0.00s)
=== RUN   TestEnrichSearchResults
--- PASS: TestEnrichSearchResults (0.00s)
=== RUN   TestEnrichSearchResultsNoSignals
--- PASS: TestEnrichSearchResultsNoSignals (0.00s)
=== RUN   TestContextFieldCustomWeights
--- PASS: TestContextFieldCustomWeights (0.00s)
=== RUN   TestDocExtractor_ExtractNative_MD
--- PASS: TestDocExtractor_ExtractNative_MD (0.00s)
=== RUN   TestDocExtractor_ExtractNative_CSV
--- PASS: TestDocExtractor_ExtractNative_CSV (0.00s)
=== RUN   TestDocExtractor_ExtractNative_TXT
--- PASS: TestDocExtractor_ExtractNative_TXT (0.00s)
=== RUN   TestDocExtractor_ExtractNative_HTML
--- PASS: TestDocExtractor_ExtractNative_HTML (0.00s)
=== RUN   TestDocExtractor_NoExtractorAvailable
--- PASS: TestDocExtractor_NoExtractorAvailable (0.00s)
=== RUN   TestDocExtractor_ExtractNative_NilNative
--- PASS: TestDocExtractor_ExtractNative_NilNative (0.00s)
=== RUN   TestDocExtractor_ExtractWithCLI_NilMarkitdownCov
--- PASS: TestDocExtractor_ExtractWithCLI_NilMarkitdownCov (0.00s)
=== RUN   TestMarkdownToPluginResult_SubsectionEdges
--- PASS: TestMarkdownToPluginResult_SubsectionEdges (0.00s)
=== RUN   TestMarkdownToPluginResult_NoExtension
--- PASS: TestMarkdownToPluginResult_NoExtension (0.00s)
=== RUN   TestMarkdownToPluginResult_DifferentFormat
--- PASS: TestMarkdownToPluginResult_DifferentFormat (0.00s)
=== RUN   TestMarkdownToPluginResult_HashAndSummary
--- PASS: TestMarkdownToPluginResult_HashAndSummary (0.00s)
=== RUN   TestParseHeadings_MixedLevels
--- PASS: TestParseHeadings_MixedLevels (0.00s)
=== RUN   TestParseHeadings_ContentBetweenHeadings
--- PASS: TestParseHeadings_ContentBetweenHeadings (0.00s)
=== RUN   TestFirstParagraph_WithCode
--- PASS: TestFirstParagraph_WithCode (0.00s)
=== RUN   TestFirstParagraph_AllHeadings
--- PASS: TestFirstParagraph_AllHeadings (0.00s)
=== RUN   TestMarkdownToPluginResult_BasicHeadings
--- PASS: TestMarkdownToPluginResult_BasicHeadings (0.00s)
=== RUN   TestMarkdownToPluginResult_Edges
--- PASS: TestMarkdownToPluginResult_Edges (0.00s)
=== RUN   TestMarkdownToPluginResult_NoHeadings
--- PASS: TestMarkdownToPluginResult_NoHeadings (0.00s)
=== RUN   TestMarkdownToPluginResult_WordCount
--- PASS: TestMarkdownToPluginResult_WordCount (0.00s)
=== RUN   TestMarkdownToPluginResult_SectionIDs
--- PASS: TestMarkdownToPluginResult_SectionIDs (0.00s)
=== RUN   TestMarkdownToPluginResult_Summary
--- PASS: TestMarkdownToPluginResult_Summary (0.00s)
=== RUN   TestMarkdownToPluginResult_FormatInference
--- PASS: TestMarkdownToPluginResult_FormatInference (0.00s)
=== RUN   TestParseHeadings_Hierarchy
--- PASS: TestParseHeadings_Hierarchy (0.00s)
=== RUN   TestParseHeadings_SiblingOrder
--- PASS: TestParseHeadings_SiblingOrder (0.00s)
=== RUN   TestParseHeadings_EmptyContent
--- PASS: TestParseHeadings_EmptyContent (0.00s)
=== RUN   TestFirstParagraph_Short
--- PASS: TestFirstParagraph_Short (0.00s)
=== RUN   TestFirstParagraph_Long
--- PASS: TestFirstParagraph_Long (0.00s)
=== RUN   TestFirstParagraph_SkipsHeadings
--- PASS: TestFirstParagraph_SkipsHeadings (0.00s)
=== RUN   TestFirstParagraph_Empty
--- PASS: TestFirstParagraph_Empty (0.00s)
=== RUN   TestCanHandle
--- PASS: TestCanHandle (0.00s)
=== RUN   TestCanHandle_CaseInsensitive
--- PASS: TestCanHandle_CaseInsensitive (0.00s)
=== RUN   TestNewMarkItDownExtractor_NilWhenMissing
--- PASS: TestNewMarkItDownExtractor_NilWhenMissing (0.00s)
=== RUN   TestMarkItDownExtractor_NilSafety
--- PASS: TestMarkItDownExtractor_NilSafety (0.00s)
=== RUN   TestSupportedExtensions
--- PASS: TestSupportedExtensions (0.00s)
=== RUN   TestDocExtractor_NilLayers
--- PASS: TestDocExtractor_NilLayers (0.00s)
=== RUN   TestDocExtractor_ExtractWithCLI_NilMarkitdown
--- PASS: TestDocExtractor_ExtractWithCLI_NilMarkitdown (0.00s)
=== RUN   TestIntegration_MarkItDown_RealCLI
    doc_extractor_test.go:356: markitdown not found, skipping integration test
--- SKIP: TestIntegration_MarkItDown_RealCLI (0.02s)
=== RUN   TestIntegration_DocExtractor_WithCLI
    doc_extractor_test.go:386: markitdown not found, skipping integration test
--- SKIP: TestIntegration_DocExtractor_WithCLI (0.02s)
=== RUN   TestNativeExtract_DOCX_HeadingPreservation
--- PASS: TestNativeExtract_DOCX_HeadingPreservation (0.00s)
=== RUN   TestNativeExtract_XLSX_MultiSheet
--- PASS: TestNativeExtract_XLSX_MultiSheet (0.01s)
=== RUN   TestNativeExtract_OutputSize
--- PASS: TestNativeExtract_OutputSize (0.00s)
=== RUN   TestRenderMarkdownTable
=== RUN   TestRenderMarkdownTable/empty
=== RUN   TestRenderMarkdownTable/empty_inner
=== RUN   TestRenderMarkdownTable/header_only
=== RUN   TestRenderMarkdownTable/header_and_data
=== RUN   TestRenderMarkdownTable/ragged_rows
--- PASS: TestRenderMarkdownTable (0.00s)
    --- PASS: TestRenderMarkdownTable/empty (0.00s)
    --- PASS: TestRenderMarkdownTable/empty_inner (0.00s)
    --- PASS: TestRenderMarkdownTable/header_only (0.00s)
    --- PASS: TestRenderMarkdownTable/header_and_data (0.00s)
    --- PASS: TestRenderMarkdownTable/ragged_rows (0.00s)
=== RUN   TestPadRowEdgeCases
=== RUN   TestPadRowEdgeCases/shorter
=== RUN   TestPadRowEdgeCases/exact
=== RUN   TestPadRowEdgeCases/empty
--- PASS: TestPadRowEdgeCases (0.00s)
    --- PASS: TestPadRowEdgeCases/shorter (0.00s)
    --- PASS: TestPadRowEdgeCases/exact (0.00s)
    --- PASS: TestPadRowEdgeCases/empty (0.00s)
=== RUN   TestHtmlToMarkdownExtended
=== RUN   TestHtmlToMarkdownExtended/heading_h1
=== RUN   TestHtmlToMarkdownExtended/heading_h2
=== RUN   TestHtmlToMarkdownExtended/heading_h3
=== RUN   TestHtmlToMarkdownExtended/list_items
=== RUN   TestHtmlToMarkdownExtended/br_tag
=== RUN   TestHtmlToMarkdownExtended/empty
=== RUN   TestHtmlToMarkdownExtended/file_name_in_header
--- PASS: TestHtmlToMarkdownExtended (0.00s)
    --- PASS: TestHtmlToMarkdownExtended/heading_h1 (0.00s)
    --- PASS: TestHtmlToMarkdownExtended/heading_h2 (0.00s)
    --- PASS: TestHtmlToMarkdownExtended/heading_h3 (0.00s)
    --- PASS: TestHtmlToMarkdownExtended/list_items (0.00s)
    --- PASS: TestHtmlToMarkdownExtended/br_tag (0.00s)
    --- PASS: TestHtmlToMarkdownExtended/empty (0.00s)
    --- PASS: TestHtmlToMarkdownExtended/file_name_in_header (0.00s)
=== RUN   TestExtractXMLText
=== RUN   TestExtractXMLText/simple_text
=== RUN   TestExtractXMLText/multiple_texts
=== RUN   TestExtractXMLText/empty
=== RUN   TestExtractXMLText/table_content
--- PASS: TestExtractXMLText (0.00s)
    --- PASS: TestExtractXMLText/simple_text (0.00s)
    --- PASS: TestExtractXMLText/multiple_texts (0.00s)
    --- PASS: TestExtractXMLText/empty (0.00s)
    --- PASS: TestExtractXMLText/table_content (0.00s)
=== RUN   TestNewNativeExtractor
--- PASS: TestNewNativeExtractor (0.00s)
=== RUN   TestNativeExtractorCanHandle
=== RUN   TestNativeExtractorCanHandle/.csv
=== RUN   TestNativeExtractorCanHandle/.CSV
=== RUN   TestNativeExtractorCanHandle/.html
=== RUN   TestNativeExtractorCanHandle/.htm
=== RUN   TestNativeExtractorCanHandle/.txt
=== RUN   TestNativeExtractorCanHandle/.md
=== RUN   TestNativeExtractorCanHandle/.go
=== RUN   TestNativeExtractorCanHandle/.py
=== RUN   TestNativeExtractorCanHandle/.exe
=== RUN   TestNativeExtractorCanHandle/.docx
=== RUN   TestNativeExtractorCanHandle/.xlsx
=== RUN   TestNativeExtractorCanHandle/.pptx
=== RUN   TestNativeExtractorCanHandle/.pdf
--- PASS: TestNativeExtractorCanHandle (0.00s)
    --- PASS: TestNativeExtractorCanHandle/.csv (0.00s)
    --- PASS: TestNativeExtractorCanHandle/.CSV (0.00s)
    --- PASS: TestNativeExtractorCanHandle/.html (0.00s)
    --- PASS: TestNativeExtractorCanHandle/.htm (0.00s)
    --- PASS: TestNativeExtractorCanHandle/.txt (0.00s)
    --- PASS: TestNativeExtractorCanHandle/.md (0.00s)
    --- PASS: TestNativeExtractorCanHandle/.go (0.00s)
    --- PASS: TestNativeExtractorCanHandle/.py (0.00s)
    --- PASS: TestNativeExtractorCanHandle/.exe (0.00s)
    --- PASS: TestNativeExtractorCanHandle/.docx (0.00s)
    --- PASS: TestNativeExtractorCanHandle/.xlsx (0.00s)
    --- PASS: TestNativeExtractorCanHandle/.pptx (0.00s)
    --- PASS: TestNativeExtractorCanHandle/.pdf (0.00s)
=== RUN   TestNativeExtractorSupportedExtensions
--- PASS: TestNativeExtractorSupportedExtensions (0.00s)
=== RUN   TestMarkItDownCanHandle
--- PASS: TestMarkItDownCanHandle (0.00s)
=== RUN   TestMarkItDownAvailable
--- PASS: TestMarkItDownAvailable (0.00s)
=== RUN   TestMarkItDownBinaryPath
--- PASS: TestMarkItDownBinaryPath (0.00s)
=== RUN   TestMarkItDownExtractNilError
--- PASS: TestMarkItDownExtractNilError (0.00s)
=== RUN   TestMarkItDownSupportedExtensions
--- PASS: TestMarkItDownSupportedExtensions (0.00s)
=== RUN   TestNativeExtractorExtractCSVFromTempFile
--- PASS: TestNativeExtractorExtractCSVFromTempFile (0.00s)
=== RUN   TestNativeExtractorExtractText
--- PASS: TestNativeExtractorExtractText (0.00s)
=== RUN   TestNativeExtractorExtractHTML
--- PASS: TestNativeExtractorExtractHTML (0.00s)
=== RUN   TestNativeExtractorExtractMarkdown
--- PASS: TestNativeExtractorExtractMarkdown (0.00s)
=== RUN   TestNativeExtractorUnsupported
--- PASS: TestNativeExtractorUnsupported (0.00s)
=== RUN   TestNativeExtractorFileNotFound
--- PASS: TestNativeExtractorFileNotFound (0.00s)
=== RUN   TestNativePipelineFallback
    doc_native_pipeline_test.go:63:   ✓ data.csv → 159 chars
    doc_native_pipeline_test.go:63:   ✓ metrics.xlsx → 90 chars
    doc_native_pipeline_test.go:63:   ✓ notes.txt → 16 chars
    doc_native_pipeline_test.go:63:   ✓ page.html → 118 chars
    doc_native_pipeline_test.go:63:   ✓ readme.md → 21 chars
    doc_native_pipeline_test.go:63:   ✓ report.docx → 140 chars
    doc_native_pipeline_test.go:63:   ✓ slides.pptx → 118 chars
    doc_native_pipeline_test.go:74: Pipeline fallback: 7 files → 662 total chars
--- PASS: TestNativePipelineFallback (0.01s)
=== RUN   TestNativeExtractorChunkability
    doc_native_pipeline_test.go:124: DOCX → 13631 chars, 5 headings, 113 lines
--- PASS: TestNativeExtractorChunkability (0.00s)
=== RUN   TestNativeExtractorConcurrency
--- PASS: TestNativeExtractorConcurrency (0.01s)
=== RUN   TestNativeExtractor_CanHandle
--- PASS: TestNativeExtractor_CanHandle (0.00s)
=== RUN   TestNativeExtractor_SupportedExtensions
--- PASS: TestNativeExtractor_SupportedExtensions (0.00s)
=== RUN   TestNativeExtractor_CSV
    doc_native_test.go:72: CSV output:
        # data.csv
        
        | Name | Age | City |
        | --- | --- | --- |
        | Alice | 30 | Istanbul |
        | Bob | 25 | Ankara |
--- PASS: TestNativeExtractor_CSV (0.00s)
=== RUN   TestNativeExtractor_CSV_Empty
--- PASS: TestNativeExtractor_CSV_Empty (0.00s)
=== RUN   TestNativeExtractor_Text
--- PASS: TestNativeExtractor_Text (0.00s)
=== RUN   TestNativeExtractor_PlainText
--- PASS: TestNativeExtractor_PlainText (0.00s)
=== RUN   TestNativeExtractor_HTML
    doc_native_test.go:148: HTML output:
        # page.html
        
        ## Title
        
        Paragraph one.
        
        ### Section
        
        Paragraph two.
        
        - Item 1
        
        - Item 2
        
--- PASS: TestNativeExtractor_HTML (0.00s)
=== RUN   TestNativeExtractor_DOCX
    doc_native_test.go:178: DOCX output:
        # test.docx
        
        ## Report Title
        
        This is the introduction.
        
        ### Chapter 1
        
        Chapter content here.
        
--- PASS: TestNativeExtractor_DOCX (0.00s)
=== RUN   TestNativeExtractor_DOCX_WithTable
    doc_native_test.go:218: DOCX with table output:
        # table.docx
        
        Before table
        
        | Name | Score |
        | --- | --- |
        | Alice | 95 |
        | Bob | 87 |
        
        After table
        
--- PASS: TestNativeExtractor_DOCX_WithTable (0.00s)
=== RUN   TestNativeExtractor_PPTX
    doc_native_test.go:245: PPTX output:
        # presentation.pptx
        
        ## Slide 1
        
        Welcome to Gleann
        
        ## Slide 2
        
        Features and Benefits
        
--- PASS: TestNativeExtractor_PPTX (0.00s)
=== RUN   TestNativeExtractor_PPTX_WithTable
    doc_native_test.go:272: PPTX with table output:
        # table_pres.pptx
        
        ## Slide 1
        
        Benchmark Results 
        | Model | Accuracy |
        | --- | --- |
        | GPT-4 | 92.3% |
        | Claude | 91.7% |
        
        
--- PASS: TestNativeExtractor_PPTX_WithTable (0.00s)
=== RUN   TestNativeExtractor_XLSX
    doc_native_test.go:294: XLSX output:
        # data.xlsx
        
        ## Sheet1
        
        | Name | Age |
        | --- | --- |
        | Alice | 30 |
        | Bob | 25 |
        
--- PASS: TestNativeExtractor_XLSX (0.01s)
=== RUN   TestNativeExtractor_UnsupportedExt
--- PASS: TestNativeExtractor_UnsupportedExt (0.00s)
=== RUN   TestNativeExtractor_MissingFile
--- PASS: TestNativeExtractor_MissingFile (0.00s)
=== RUN   TestDocExtractor_NativeLayerFallback
    doc_native_test.go:338: DocExtractor native fallback: 2 nodes, 1 edges
--- PASS: TestDocExtractor_NativeLayerFallback (0.00s)
=== RUN   TestHtmlToMarkdown
--- PASS: TestHtmlToMarkdown (0.00s)
=== RUN   TestPadRow
--- PASS: TestPadRow (0.00s)
=== RUN   TestNewMetadataFilterEngine
--- PASS: TestNewMetadataFilterEngine (0.00s)
=== RUN   TestMetadataFilterEngine_Match_Empty
--- PASS: TestMetadataFilterEngine_Match_Empty (0.00s)
=== RUN   TestMetadataFilterEngine_Match_And
--- PASS: TestMetadataFilterEngine_Match_And (0.00s)
=== RUN   TestMetadataFilterEngine_Match_Or
--- PASS: TestMetadataFilterEngine_Match_Or (0.00s)
=== RUN   TestFilterResults_Cov
--- PASS: TestFilterResults_Cov (0.00s)
=== RUN   TestFilterResults_Empty
--- PASS: TestFilterResults_Empty (0.00s)
=== RUN   TestEvaluateFilter_Equal
--- PASS: TestEvaluateFilter_Equal (0.00s)
=== RUN   TestEvaluateFilter_NotEqual
--- PASS: TestEvaluateFilter_NotEqual (0.00s)
=== RUN   TestEvaluateFilter_GreaterThan
--- PASS: TestEvaluateFilter_GreaterThan (0.00s)
=== RUN   TestEvaluateFilter_GreaterEqual
--- PASS: TestEvaluateFilter_GreaterEqual (0.00s)
=== RUN   TestEvaluateFilter_LessThan
--- PASS: TestEvaluateFilter_LessThan (0.00s)
=== RUN   TestEvaluateFilter_LessEqual
--- PASS: TestEvaluateFilter_LessEqual (0.00s)
=== RUN   TestEvaluateFilter_In
--- PASS: TestEvaluateFilter_In (0.00s)
=== RUN   TestEvaluateFilter_InStrings
--- PASS: TestEvaluateFilter_InStrings (0.00s)
=== RUN   TestEvaluateFilter_NotIn
--- PASS: TestEvaluateFilter_NotIn (0.00s)
=== RUN   TestEvaluateFilter_Contains
--- PASS: TestEvaluateFilter_Contains (0.00s)
=== RUN   TestEvaluateFilter_StartsWith
--- PASS: TestEvaluateFilter_StartsWith (0.00s)
=== RUN   TestEvaluateFilter_EndsWith
--- PASS: TestEvaluateFilter_EndsWith (0.00s)
=== RUN   TestEvaluateFilter_Exists
--- PASS: TestEvaluateFilter_Exists (0.00s)
=== RUN   TestEvaluateFilter_ExistsFalse
--- PASS: TestEvaluateFilter_ExistsFalse (0.00s)
=== RUN   TestEvaluateFilter_MissingField
--- PASS: TestEvaluateFilter_MissingField (0.00s)
=== RUN   TestEvaluateFilter_UnknownOperator
--- PASS: TestEvaluateFilter_UnknownOperator (0.00s)
=== RUN   TestCompareNumeric_Cov
--- PASS: TestCompareNumeric_Cov (0.00s)
=== RUN   TestToFloat64_Cov
--- PASS: TestToFloat64_Cov (0.00s)
=== RUN   TestCompareIn_UnsupportedType
--- PASS: TestCompareIn_UnsupportedType (0.00s)
=== RUN   TestWithMetadataFilter_Cov
--- PASS: TestWithMetadataFilter_Cov (0.00s)
=== RUN   TestWithFilterLogic_Cov
--- PASS: TestWithFilterLogic_Cov (0.00s)
=== RUN   TestFilterEngineNoFilters
--- PASS: TestFilterEngineNoFilters (0.00s)
=== RUN   TestFilterEngineEqualMatch
--- PASS: TestFilterEngineEqualMatch (0.00s)
=== RUN   TestFilterEngineNotEqual
--- PASS: TestFilterEngineNotEqual (0.00s)
=== RUN   TestFilterEngineGreaterThan
--- PASS: TestFilterEngineGreaterThan (0.00s)
=== RUN   TestFilterEngineGreaterEqual
--- PASS: TestFilterEngineGreaterEqual (0.00s)
=== RUN   TestFilterEngineLessThan
--- PASS: TestFilterEngineLessThan (0.00s)
=== RUN   TestFilterEngineLessEqual
--- PASS: TestFilterEngineLessEqual (0.00s)
=== RUN   TestFilterEngineIn
--- PASS: TestFilterEngineIn (0.00s)
=== RUN   TestFilterEngineInStringSlice
--- PASS: TestFilterEngineInStringSlice (0.00s)
=== RUN   TestFilterEngineNotIn
--- PASS: TestFilterEngineNotIn (0.00s)
=== RUN   TestFilterEngineContains
--- PASS: TestFilterEngineContains (0.00s)
=== RUN   TestFilterEngineStartsWith
--- PASS: TestFilterEngineStartsWith (0.00s)
=== RUN   TestFilterEngineEndsWith
--- PASS: TestFilterEngineEndsWith (0.00s)
=== RUN   TestFilterEngineExists
--- PASS: TestFilterEngineExists (0.00s)
=== RUN   TestFilterEngineExistsFalse
--- PASS: TestFilterEngineExistsFalse (0.00s)
=== RUN   TestFilterEngineOrLogic
--- PASS: TestFilterEngineOrLogic (0.00s)
=== RUN   TestFilterEngineAndLogic
--- PASS: TestFilterEngineAndLogic (0.00s)
=== RUN   TestFilterEngineMissingField
--- PASS: TestFilterEngineMissingField (0.00s)
=== RUN   TestFilterEngineUnknownOperator
--- PASS: TestFilterEngineUnknownOperator (0.00s)
=== RUN   TestFilterResults
--- PASS: TestFilterResults (0.00s)
=== RUN   TestFilterResultsNoFilters
--- PASS: TestFilterResultsNoFilters (0.00s)
=== RUN   TestWithMetadataFilterOption
--- PASS: TestWithMetadataFilterOption (0.00s)
=== RUN   TestWithFilterLogicOption
--- PASS: TestWithFilterLogicOption (0.00s)
=== RUN   TestToFloat64Types
--- PASS: TestToFloat64Types (0.00s)
=== RUN   TestCompareEqualStrings
--- PASS: TestCompareEqualStrings (0.00s)
=== RUN   TestCompareInEmpty
--- PASS: TestCompareInEmpty (0.00s)
=== RUN   TestFilterEngineIntComparison
--- PASS: TestFilterEngineIntComparison (0.00s)
=== RUN   TestFilterOperatorConstants
--- PASS: TestFilterOperatorConstants (0.00s)
=== RUN   TestEvaluateFilterAllOperators
=== RUN   TestEvaluateFilterAllOperators/gt_int
=== RUN   TestEvaluateFilterAllOperators/gt_int_edge
=== RUN   TestEvaluateFilterAllOperators/gte_exact
=== RUN   TestEvaluateFilterAllOperators/lt
=== RUN   TestEvaluateFilterAllOperators/lt_edge
=== RUN   TestEvaluateFilterAllOperators/lte_exact
=== RUN   TestEvaluateFilterAllOperators/contains_yes
=== RUN   TestEvaluateFilterAllOperators/contains_no
=== RUN   TestEvaluateFilterAllOperators/startswith_yes
=== RUN   TestEvaluateFilterAllOperators/startswith_no
=== RUN   TestEvaluateFilterAllOperators/endswith_yes
=== RUN   TestEvaluateFilterAllOperators/endswith_no
=== RUN   TestEvaluateFilterAllOperators/in_string_slice
=== RUN   TestEvaluateFilterAllOperators/in_string_slice_miss
=== RUN   TestEvaluateFilterAllOperators/not_in
=== RUN   TestEvaluateFilterAllOperators/not_in_miss
=== RUN   TestEvaluateFilterAllOperators/exists_true_present
=== RUN   TestEvaluateFilterAllOperators/exists_true_missing
=== RUN   TestEvaluateFilterAllOperators/exists_false_present
=== RUN   TestEvaluateFilterAllOperators/exists_false_missing
=== RUN   TestEvaluateFilterAllOperators/unknown_op
=== RUN   TestEvaluateFilterAllOperators/ne_match
=== RUN   TestEvaluateFilterAllOperators/ne_no_match
--- PASS: TestEvaluateFilterAllOperators (0.00s)
    --- PASS: TestEvaluateFilterAllOperators/gt_int (0.00s)
    --- PASS: TestEvaluateFilterAllOperators/gt_int_edge (0.00s)
    --- PASS: TestEvaluateFilterAllOperators/gte_exact (0.00s)
    --- PASS: TestEvaluateFilterAllOperators/lt (0.00s)
    --- PASS: TestEvaluateFilterAllOperators/lt_edge (0.00s)
    --- PASS: TestEvaluateFilterAllOperators/lte_exact (0.00s)
    --- PASS: TestEvaluateFilterAllOperators/contains_yes (0.00s)
    --- PASS: TestEvaluateFilterAllOperators/contains_no (0.00s)
    --- PASS: TestEvaluateFilterAllOperators/startswith_yes (0.00s)
    --- PASS: TestEvaluateFilterAllOperators/startswith_no (0.00s)
    --- PASS: TestEvaluateFilterAllOperators/endswith_yes (0.00s)
    --- PASS: TestEvaluateFilterAllOperators/endswith_no (0.00s)
    --- PASS: TestEvaluateFilterAllOperators/in_string_slice (0.00s)
    --- PASS: TestEvaluateFilterAllOperators/in_string_slice_miss (0.00s)
    --- PASS: TestEvaluateFilterAllOperators/not_in (0.00s)
    --- PASS: TestEvaluateFilterAllOperators/not_in_miss (0.00s)
    --- PASS: TestEvaluateFilterAllOperators/exists_true_present (0.00s)
    --- PASS: TestEvaluateFilterAllOperators/exists_true_missing (0.00s)
    --- PASS: TestEvaluateFilterAllOperators/exists_false_present (0.00s)
    --- PASS: TestEvaluateFilterAllOperators/exists_false_missing (0.00s)
    --- PASS: TestEvaluateFilterAllOperators/unknown_op (0.00s)
    --- PASS: TestEvaluateFilterAllOperators/ne_match (0.00s)
    --- PASS: TestEvaluateFilterAllOperators/ne_no_match (0.00s)
=== RUN   TestToFloat64
=== RUN   TestToFloat64/int
=== RUN   TestToFloat64/int64
=== RUN   TestToFloat64/float64
=== RUN   TestToFloat64/float32
=== RUN   TestToFloat64/string_numeric
=== RUN   TestToFloat64/string_non-numeric
=== RUN   TestToFloat64/bool
=== RUN   TestToFloat64/nil
--- PASS: TestToFloat64 (0.00s)
    --- PASS: TestToFloat64/int (0.00s)
    --- PASS: TestToFloat64/int64 (0.00s)
    --- PASS: TestToFloat64/float64 (0.00s)
    --- PASS: TestToFloat64/float32 (0.00s)
    --- PASS: TestToFloat64/string_numeric (0.00s)
    --- PASS: TestToFloat64/string_non-numeric (0.00s)
    --- PASS: TestToFloat64/bool (0.00s)
    --- PASS: TestToFloat64/nil (0.00s)
=== RUN   TestCompareIn
=== RUN   TestCompareIn/any_slice_match
=== RUN   TestCompareIn/any_slice_no_match
=== RUN   TestCompareIn/string_slice_match
=== RUN   TestCompareIn/string_slice_no_match
=== RUN   TestCompareIn/empty_any_slice
=== RUN   TestCompareIn/empty_string_slice
=== RUN   TestCompareIn/unsupported_type
--- PASS: TestCompareIn (0.00s)
    --- PASS: TestCompareIn/any_slice_match (0.00s)
    --- PASS: TestCompareIn/any_slice_no_match (0.00s)
    --- PASS: TestCompareIn/string_slice_match (0.00s)
    --- PASS: TestCompareIn/string_slice_no_match (0.00s)
    --- PASS: TestCompareIn/empty_any_slice (0.00s)
    --- PASS: TestCompareIn/empty_string_slice (0.00s)
    --- PASS: TestCompareIn/unsupported_type (0.00s)
=== RUN   TestCompareNumeric
=== RUN   TestCompareNumeric/less
=== RUN   TestCompareNumeric/equal
=== RUN   TestCompareNumeric/greater
=== RUN   TestCompareNumeric/float
--- PASS: TestCompareNumeric (0.00s)
    --- PASS: TestCompareNumeric/less (0.00s)
    --- PASS: TestCompareNumeric/equal (0.00s)
    --- PASS: TestCompareNumeric/greater (0.00s)
    --- PASS: TestCompareNumeric/float (0.00s)
=== RUN   TestFilterEngineORLogic
--- PASS: TestFilterEngineORLogic (0.00s)
=== RUN   TestFilterEngineMixedAND
--- PASS: TestFilterEngineMixedAND (0.00s)
=== RUN   TestFilterResultsPreservesOrder
--- PASS: TestFilterResultsPreservesOrder (0.00s)
=== RUN   TestMetadataFilterMatch
=== RUN   TestMetadataFilterMatch/eq_match
=== RUN   TestMetadataFilterMatch/eq_no_match
=== RUN   TestMetadataFilterMatch/ne_match
=== RUN   TestMetadataFilterMatch/gt_match
=== RUN   TestMetadataFilterMatch/gt_no_match
=== RUN   TestMetadataFilterMatch/gte_match
=== RUN   TestMetadataFilterMatch/lt_match
=== RUN   TestMetadataFilterMatch/lte_match
=== RUN   TestMetadataFilterMatch/contains_match
=== RUN   TestMetadataFilterMatch/startswith_match
=== RUN   TestMetadataFilterMatch/endswith_match
=== RUN   TestMetadataFilterMatch/exists_match
=== RUN   TestMetadataFilterMatch/exists_no_match
=== RUN   TestMetadataFilterMatch/missing_field
=== RUN   TestMetadataFilterMatch/in_match
=== RUN   TestMetadataFilterMatch/in_no_match
--- PASS: TestMetadataFilterMatch (0.00s)
    --- PASS: TestMetadataFilterMatch/eq_match (0.00s)
    --- PASS: TestMetadataFilterMatch/eq_no_match (0.00s)
    --- PASS: TestMetadataFilterMatch/ne_match (0.00s)
    --- PASS: TestMetadataFilterMatch/gt_match (0.00s)
    --- PASS: TestMetadataFilterMatch/gt_no_match (0.00s)
    --- PASS: TestMetadataFilterMatch/gte_match (0.00s)
    --- PASS: TestMetadataFilterMatch/lt_match (0.00s)
    --- PASS: TestMetadataFilterMatch/lte_match (0.00s)
    --- PASS: TestMetadataFilterMatch/contains_match (0.00s)
    --- PASS: TestMetadataFilterMatch/startswith_match (0.00s)
    --- PASS: TestMetadataFilterMatch/endswith_match (0.00s)
    --- PASS: TestMetadataFilterMatch/exists_match (0.00s)
    --- PASS: TestMetadataFilterMatch/exists_no_match (0.00s)
    --- PASS: TestMetadataFilterMatch/missing_field (0.00s)
    --- PASS: TestMetadataFilterMatch/in_match (0.00s)
    --- PASS: TestMetadataFilterMatch/in_no_match (0.00s)
=== RUN   TestMetadataFilterResults
--- PASS: TestMetadataFilterResults (0.00s)
=== RUN   TestMetadataFilterOR
--- PASS: TestMetadataFilterOR (0.00s)
=== RUN   TestMetadataFilterEmpty
--- PASS: TestMetadataFilterEmpty (0.00s)
=== RUN   TestFormatResult
=== RUN   TestFormatResult/minimal_result
=== RUN   TestFormatResult/result_with_source_metadata
=== RUN   TestFormatResult/result_with_document_context
=== RUN   TestFormatResult/result_with_symbols_context
=== RUN   TestFormatResult/result_with_multiple_symbols_and_missing_callers/callees
=== RUN   TestFormatResult/combined_full_result
--- PASS: TestFormatResult (0.00s)
    --- PASS: TestFormatResult/minimal_result (0.00s)
    --- PASS: TestFormatResult/result_with_source_metadata (0.00s)
    --- PASS: TestFormatResult/result_with_document_context (0.00s)
    --- PASS: TestFormatResult/result_with_symbols_context (0.00s)
    --- PASS: TestFormatResult/result_with_multiple_symbols_and_missing_callers/callees (0.00s)
    --- PASS: TestFormatResult/combined_full_result (0.00s)
=== RUN   TestEnrichWithGraphContext
--- PASS: TestEnrichWithGraphContext (0.00s)
=== RUN   TestEnrichWithGraphContext_NoMetadata
--- PASS: TestEnrichWithGraphContext_NoMetadata (0.00s)
=== RUN   TestEnrichWithGraphContext_NoGraphDB
--- PASS: TestEnrichWithGraphContext_NoGraphDB (0.00s)
=== RUN   TestEnrichWithGraphContext_CachesFileQueries
--- PASS: TestEnrichWithGraphContext_CachesFileQueries (0.00s)
=== RUN   TestWithGraphContext_SearchOption
--- PASS: TestWithGraphContext_SearchOption (0.00s)
=== RUN   TestGraphContextInfo_JSONOmitEmpty
--- PASS: TestGraphContextInfo_JSONOmitEmpty (0.00s)
=== RUN   TestEnrichWithGraphContext_MaxSymbolsCap
--- PASS: TestEnrichWithGraphContext_MaxSymbolsCap (0.00s)
=== RUN   TestSearchWithGraphContext_Integration
--- PASS: TestSearchWithGraphContext_Integration (0.00s)
=== RUN   TestBM25Adapter_NewAndScore
--- PASS: TestBM25Adapter_NewAndScore (0.00s)
=== RUN   TestBM25Adapter_WithParams
--- PASS: TestBM25Adapter_WithParams (0.00s)
=== RUN   TestBM25Adapter_AddDocuments
--- PASS: TestBM25Adapter_AddDocuments (0.00s)
=== RUN   TestRegisterAndGetBackendCov
--- PASS: TestRegisterAndGetBackendCov (0.00s)
=== RUN   TestGetBackend_NotFoundCov
--- PASS: TestGetBackend_NotFoundCov (0.00s)
=== RUN   TestListBackends_Cov
--- PASS: TestListBackends_Cov (0.00s)
=== RUN   TestIndexMeta_MarshalJSON
--- PASS: TestIndexMeta_MarshalJSON (0.00s)
=== RUN   TestDefaultConfig_Cov
--- PASS: TestDefaultConfig_Cov (0.00s)
=== RUN   TestDefaultChunkConfig_Cov
--- PASS: TestDefaultChunkConfig_Cov (0.00s)
=== RUN   TestJSONToAttributes_Empty
--- PASS: TestJSONToAttributes_Empty (0.00s)
=== RUN   TestJSONToAttributes_EmptyObj
--- PASS: TestJSONToAttributes_EmptyObj (0.00s)
=== RUN   TestJSONToAttributes_Valid
--- PASS: TestJSONToAttributes_Valid (0.00s)
=== RUN   TestJSONToAttributes_Invalid
--- PASS: TestJSONToAttributes_Invalid (0.00s)
=== RUN   TestParseReActStep_Full
--- PASS: TestParseReActStep_Full (0.00s)
=== RUN   TestParseReActStep_Partial
--- PASS: TestParseReActStep_Partial (0.00s)
=== RUN   TestParseReActStep_Empty
--- PASS: TestParseReActStep_Empty (0.00s)
=== RUN   TestRenderMarkdownTable_Empty_Cov
--- PASS: TestRenderMarkdownTable_Empty_Cov (0.00s)
=== RUN   TestRenderMarkdownTable_EmptyCols
--- PASS: TestRenderMarkdownTable_EmptyCols (0.00s)
=== RUN   TestRenderMarkdownTable_Normal
--- PASS: TestRenderMarkdownTable_Normal (0.00s)
=== RUN   TestRenderMarkdownTable_UnevenRows
--- PASS: TestRenderMarkdownTable_UnevenRows (0.00s)
=== RUN   TestPadRow_Wider
--- PASS: TestPadRow_Wider (0.00s)
=== RUN   TestSmallItoa_Cov
--- PASS: TestSmallItoa_Cov (0.00s)
=== RUN   TestNativeExtractor_CanHandle_Cov
--- PASS: TestNativeExtractor_CanHandle_Cov (0.00s)
=== RUN   TestNativeExtractor_SupportedExtensions_Cov
--- PASS: TestNativeExtractor_SupportedExtensions_Cov (0.00s)
=== RUN   TestExtractSummary_Short
--- PASS: TestExtractSummary_Short (0.00s)
=== RUN   TestExtractSummary_OnlyCodeBlocks
--- PASS: TestExtractSummary_OnlyCodeBlocks (0.00s)
=== RUN   TestSearchOptions_Cov
--- PASS: TestSearchOptions_Cov (0.00s)
=== RUN   TestAttributesToJSON_Nil
--- PASS: TestAttributesToJSON_Nil (0.00s)
=== RUN   TestAttributesToJSON_Empty
--- PASS: TestAttributesToJSON_Empty (0.00s)
=== RUN   TestAttributesToJSON_SimpleValues
--- PASS: TestAttributesToJSON_SimpleValues (0.00s)
=== RUN   TestAttributesToJSON_NestedMap
--- PASS: TestAttributesToJSON_NestedMap (0.00s)
=== RUN   TestJSONToAttributes_EmptyString
--- PASS: TestJSONToAttributes_EmptyString (0.00s)
=== RUN   TestJSONToAttributes_EmptyObject
--- PASS: TestJSONToAttributes_EmptyObject (0.00s)
=== RUN   TestJSONToAttributes_ValidJSON
--- PASS: TestJSONToAttributes_ValidJSON (0.00s)
=== RUN   TestJSONToAttributes_InvalidJSON
--- PASS: TestJSONToAttributes_InvalidJSON (0.00s)
=== RUN   TestAttributesRoundTrip
--- PASS: TestAttributesRoundTrip (0.00s)
=== RUN   TestMemoryGraphNode_JSONMarshal
--- PASS: TestMemoryGraphNode_JSONMarshal (0.00s)
=== RUN   TestMemoryGraphEdge_JSONMarshal
--- PASS: TestMemoryGraphEdge_JSONMarshal (0.00s)
=== RUN   TestGraphInjectionPayload_Empty
--- PASS: TestGraphInjectionPayload_Empty (0.00s)
=== RUN   TestGraphInjectionPayload_JSONRoundTrip
--- PASS: TestGraphInjectionPayload_JSONRoundTrip (0.00s)
=== RUN   TestSearchMultipleNoIndexes
--- PASS: TestSearchMultipleNoIndexes (0.00s)
=== RUN   TestSearchMultipleExplicitNamesNotFound
--- PASS: TestSearchMultipleExplicitNamesNotFound (0.00s)
=== RUN   TestSearchMultipleMergeOrder
--- PASS: TestSearchMultipleMergeOrder (0.00s)
=== RUN   TestSearcherInterface
--- PASS: TestSearcherInterface (0.00s)
=== RUN   TestMultiSearcherNames
--- PASS: TestMultiSearcherNames (0.00s)
=== RUN   TestMultiSearcherClose
--- PASS: TestMultiSearcherClose (0.00s)
=== RUN   TestNewChatAcceptsSingleSearcher
--- PASS: TestNewChatAcceptsSingleSearcher (0.00s)
=== RUN   TestAppendHistory
--- PASS: TestAppendHistory (0.00s)
=== RUN   TestSetRerankerOnMultiSearcher
--- PASS: TestSetRerankerOnMultiSearcher (0.00s)
=== RUN   TestPassageManagerAddAndGetExt2
--- PASS: TestPassageManagerAddAndGetExt2 (0.03s)
=== RUN   TestPassageManagerGetBatchExt2
--- PASS: TestPassageManagerGetBatchExt2 (0.03s)
=== RUN   TestPassageManagerGetTextsExt2
--- PASS: TestPassageManagerGetTextsExt2 (0.02s)
=== RUN   TestPassageManagerAllExt2
--- PASS: TestPassageManagerAllExt2 (0.03s)
=== RUN   TestPassageManagerCount
--- PASS: TestPassageManagerCount (0.02s)
=== RUN   TestPassageManagerLoadExt2
--- PASS: TestPassageManagerLoadExt2 (0.03s)
=== RUN   TestPassageManagerLoadAll
--- PASS: TestPassageManagerLoadAll (0.03s)
=== RUN   TestPassageManagerLoadEmptyExt2
--- PASS: TestPassageManagerLoadEmptyExt2 (0.02s)
=== RUN   TestPassageManagerRemoveBySourceExt2
--- PASS: TestPassageManagerRemoveBySourceExt2 (0.03s)
=== RUN   TestPassageManagerRemoveBySourceNoMatch
--- PASS: TestPassageManagerRemoveBySourceNoMatch (0.03s)
=== RUN   TestPassageManagerDeleteExt2
--- PASS: TestPassageManagerDeleteExt2 (0.04s)
=== RUN   TestPassageManagerDbPath
--- PASS: TestPassageManagerDbPath (0.00s)
=== RUN   TestPassageManagerAppendExt2
--- PASS: TestPassageManagerAppendExt2 (0.03s)
=== RUN   TestPassageManagerOutOfRangeExt2
--- PASS: TestPassageManagerOutOfRangeExt2 (0.02s)
=== RUN   TestPassageManagerCloseIdempotent
--- PASS: TestPassageManagerCloseIdempotent (0.07s)
=== RUN   TestPassageManagerRemoveBySourceThenAddExt2
--- PASS: TestPassageManagerRemoveBySourceThenAddExt2 (0.04s)
=== RUN   TestPassageManagerAddAndGet
--- PASS: TestPassageManagerAddAndGet (0.03s)
=== RUN   TestPassageManagerGetBatch
--- PASS: TestPassageManagerGetBatch (0.03s)
=== RUN   TestPassageManagerGetTexts
--- PASS: TestPassageManagerGetTexts (0.03s)
=== RUN   TestPassageManagerLoad
--- PASS: TestPassageManagerLoad (0.04s)
=== RUN   TestPassageManagerAppend
--- PASS: TestPassageManagerAppend (0.03s)
=== RUN   TestPassageManagerAll
--- PASS: TestPassageManagerAll (0.02s)
=== RUN   TestPassageManagerDelete
--- PASS: TestPassageManagerDelete (0.04s)
=== RUN   TestPassageManagerOutOfRange
--- PASS: TestPassageManagerOutOfRange (0.02s)
=== RUN   TestPassageManagerLoadEmpty
--- PASS: TestPassageManagerLoadEmpty (0.02s)
=== RUN   TestPassageManagerRemoveBySource
--- PASS: TestPassageManagerRemoveBySource (0.04s)
=== RUN   TestPassageManagerRemoveBySourceThenAdd
--- PASS: TestPassageManagerRemoveBySourceThenAdd (0.04s)
=== RUN   TestFetchPluginCatalog
--- PASS: TestFetchPluginCatalog (0.01s)
=== RUN   TestUninstallPlugin
--- PASS: TestUninstallPlugin (0.00s)
=== RUN   TestRepoName
--- PASS: TestRepoName (0.00s)
=== RUN   TestFindByCapability_PriorityWins
--- PASS: TestFindByCapability_PriorityWins (0.00s)
=== RUN   TestFindByCapability_RejectsFutureSchema
--- PASS: TestFindByCapability_RejectsFutureSchema (0.00s)
=== RUN   TestResolveMultimodalPluginEnv_PopulatesFromRegistry
--- PASS: TestResolveMultimodalPluginEnv_PopulatesFromRegistry (0.00s)
=== RUN   TestResolveMultimodalPluginEnv_RespectsExistingEnv
--- PASS: TestResolveMultimodalPluginEnv_RespectsExistingEnv (0.00s)
=== RUN   TestFetchPluginInfoAndPing
--- PASS: TestFetchPluginInfoAndPing (0.00s)
=== RUN   TestPlugin_BackwardCompatJSON
--- PASS: TestPlugin_BackwardCompatJSON (0.00s)
=== RUN   TestParseReActStep
=== RUN   TestParseReActStep/full_step
=== RUN   TestParseReActStep/empty_response
=== RUN   TestParseReActStep/only_thought
=== RUN   TestParseReActStep/with_extra_whitespace
=== RUN   TestParseReActStep/with_mixed_content
--- PASS: TestParseReActStep (0.00s)
    --- PASS: TestParseReActStep/full_step (0.00s)
    --- PASS: TestParseReActStep/empty_response (0.00s)
    --- PASS: TestParseReActStep/only_thought (0.00s)
    --- PASS: TestParseReActStep/with_extra_whitespace (0.00s)
    --- PASS: TestParseReActStep/with_mixed_content (0.00s)
=== RUN   TestNewReActAgent
--- PASS: TestNewReActAgent (0.00s)
=== RUN   TestReActStepFields
--- PASS: TestReActStepFields (0.00s)
=== RUN   TestAllReadModes
--- PASS: TestAllReadModes (0.00s)
=== RUN   TestReadModeFull
--- PASS: TestReadModeFull (0.00s)
=== RUN   TestReadModeMap
--- PASS: TestReadModeMap (0.00s)
=== RUN   TestReadModeSignatures
--- PASS: TestReadModeSignatures (0.00s)
=== RUN   TestReadModeEntropy
--- PASS: TestReadModeEntropy (0.00s)
=== RUN   TestReadModeLines
--- PASS: TestReadModeLines (0.00s)
=== RUN   TestReadModeLinesMultiRange
--- PASS: TestReadModeLinesMultiRange (0.00s)
=== RUN   TestReadModeLinesInvalid
--- PASS: TestReadModeLinesInvalid (0.00s)
=== RUN   TestReadModeTask
--- PASS: TestReadModeTask (0.00s)
=== RUN   TestReadModeTaskEmptyQuery
--- PASS: TestReadModeTaskEmptyQuery (0.00s)
=== RUN   TestReadModeReference
--- PASS: TestReadModeReference (0.00s)
=== RUN   TestReadModeAggressive
--- PASS: TestReadModeAggressive (0.01s)
=== RUN   TestReadModeAutoSmallFile
--- PASS: TestReadModeAutoSmallFile (0.00s)
=== RUN   TestReadModeAutoLargeFile
--- PASS: TestReadModeAutoLargeFile (0.00s)
=== RUN   TestReadModeMaxLines
--- PASS: TestReadModeMaxLines (0.00s)
=== RUN   TestReadModeFileMissing
--- PASS: TestReadModeFileMissing (0.00s)
=== RUN   TestAutoSelectModeJSON
--- PASS: TestAutoSelectModeJSON (0.00s)
=== RUN   TestAutoSelectModeMarkdown
--- PASS: TestAutoSelectModeMarkdown (0.00s)
=== RUN   TestExtractKeywords
--- PASS: TestExtractKeywords (0.00s)
=== RUN   TestEntropyScore
--- PASS: TestEntropyScore (0.00s)
=== RUN   TestGetStructurePatterns
--- PASS: TestGetStructurePatterns (0.00s)
=== RUN   TestReadModePython
--- PASS: TestReadModePython (0.00s)
=== RUN   TestReadModeRust
--- PASS: TestReadModeRust (0.00s)
=== RUN   TestReadModeDiff
--- PASS: TestReadModeDiff (0.45s)
=== RUN   TestReconcilePassageManager_NoOrphans
--- PASS: TestReconcilePassageManager_NoOrphans (0.03s)
=== RUN   TestReconcilePassageManager_WithOrphans
--- PASS: TestReconcilePassageManager_WithOrphans (0.03s)
=== RUN   TestReconcilePassageManager_AllOrphans
--- PASS: TestReconcilePassageManager_AllOrphans (0.03s)
=== RUN   TestReconcilePassageManager_NoSourceMetadata
--- PASS: TestReconcilePassageManager_NoSourceMetadata (0.03s)
=== RUN   TestReconcilePassageManager_SubdirectoryPaths
--- PASS: TestReconcilePassageManager_SubdirectoryPaths (0.03s)
=== RUN   TestReconcilePassageManager_EmptyDB
--- PASS: TestReconcilePassageManager_EmptyDB (0.02s)
=== RUN   TestReconcilePassageManager_DuplicateSources
--- PASS: TestReconcilePassageManager_DuplicateSources (0.05s)
=== RUN   TestReconcileResult_Defaults
--- PASS: TestReconcileResult_Defaults (0.00s)
=== RUN   TestRegisterBackend
--- PASS: TestRegisterBackend (0.00s)
=== RUN   TestGetBackendNotFound
--- PASS: TestGetBackendNotFound (0.00s)
=== RUN   TestListBackends
--- PASS: TestListBackends (0.00s)
=== RUN   TestMustGetBackendPanics
--- PASS: TestMustGetBackendPanics (0.00s)
=== RUN   TestRerank_EmptyResults
--- PASS: TestRerank_EmptyResults (0.00s)
=== RUN   TestRerank_UnsupportedProvider
--- PASS: TestRerank_UnsupportedProvider (0.00s)
=== RUN   TestRerank_TopNFromConfig
--- PASS: TestRerank_TopNFromConfig (0.01s)
=== RUN   TestRerankOllama_Success
--- PASS: TestRerankOllama_Success (0.01s)
=== RUN   TestRerankOllama_ServerError
--- PASS: TestRerankOllama_ServerError (0.00s)
=== RUN   TestRerankOllama_EmbeddingCountMismatch
--- PASS: TestRerankOllama_EmbeddingCountMismatch (0.00s)
=== RUN   TestRerankJina_Success
--- PASS: TestRerankJina_Success (0.00s)
=== RUN   TestRerankJina_ServerError
--- PASS: TestRerankJina_ServerError (0.00s)
=== RUN   TestRerankCohere_Success
--- PASS: TestRerankCohere_Success (0.02s)
=== RUN   TestRerankCohere_ServerError
--- PASS: TestRerankCohere_ServerError (0.00s)
=== RUN   TestRerankVoyage_Success
--- PASS: TestRerankVoyage_Success (0.02s)
=== RUN   TestRerankVoyage_ServerError
--- PASS: TestRerankVoyage_ServerError (0.00s)
=== RUN   TestRerankVoyage_OutOfRangeIndex
--- PASS: TestRerankVoyage_OutOfRangeIndex (0.00s)
=== RUN   TestRerank_LlamaCPP_RoutesToOllama
--- PASS: TestRerank_LlamaCPP_RoutesToOllama (0.03s)
=== RUN   TestNewSearcher
--- PASS: TestNewSearcher (0.00s)
=== RUN   TestSearcherSetters
--- PASS: TestSearcherSetters (0.00s)
=== RUN   TestSearcherMeta
--- PASS: TestSearcherMeta (0.00s)
=== RUN   TestSearcherGraphDB
--- PASS: TestSearcherGraphDB (0.00s)
=== RUN   TestSearcherPassageManager
--- PASS: TestSearcherPassageManager (0.00s)
=== RUN   TestSearcherClose
--- PASS: TestSearcherClose (0.00s)
=== RUN   TestSearchOptions
--- PASS: TestSearchOptions (0.00s)
=== RUN   TestListIndexes
--- PASS: TestListIndexes (0.00s)
=== RUN   TestRemoveIndex
--- PASS: TestRemoveIndex (0.00s)
=== RUN   TestCosineSimilarity
--- PASS: TestCosineSimilarity (0.00s)
=== RUN   TestDefaultRerankerConfig
--- PASS: TestDefaultRerankerConfig (0.00s)
=== RUN   TestNewReranker
--- PASS: TestNewReranker (0.00s)
=== RUN   TestNewRerankerProviderDefaults
--- PASS: TestNewRerankerProviderDefaults (0.00s)
=== RUN   TestRerankerProviderConstants
--- PASS: TestRerankerProviderConstants (0.00s)
=== RUN   TestPluginDefaults
--- PASS: TestPluginDefaults (0.00s)
=== RUN   TestPluginRegistryJSON
--- PASS: TestPluginRegistryJSON (0.00s)
=== RUN   TestNewPluginManager
--- PASS: TestNewPluginManager (0.00s)
=== RUN   TestPluginManagerClose
--- PASS: TestPluginManagerClose (0.00s)
=== RUN   TestLoadPlugins
--- PASS: TestLoadPlugins (0.00s)
=== RUN   TestNewShellCompressor
--- PASS: TestNewShellCompressor (0.00s)
=== RUN   TestParseCmdLine
--- PASS: TestParseCmdLine (0.00s)
=== RUN   TestCompressGitStatus
--- PASS: TestCompressGitStatus (0.00s)
=== RUN   TestCompressGoTest
--- PASS: TestCompressGoTest (0.00s)
=== RUN   TestCompressNpmInstall
--- PASS: TestCompressNpmInstall (0.00s)
=== RUN   TestCompressDockerBuild
--- PASS: TestCompressDockerBuild (0.00s)
=== RUN   TestCompressGitDiff
--- PASS: TestCompressGitDiff (0.00s)
=== RUN   TestGenericCompress
--- PASS: TestGenericCompress (0.00s)
=== RUN   TestTruncateOutput
--- PASS: TestTruncateOutput (0.00s)
=== RUN   TestCollapseLines
--- PASS: TestCollapseLines (0.00s)
=== RUN   TestCompressUnknownTool
--- PASS: TestCompressUnknownTool (0.00s)
=== RUN   TestAddPattern
--- PASS: TestAddPattern (0.00s)
=== RUN   TestCompressCargoTest
--- PASS: TestCompressCargoTest (0.00s)
=== RUN   TestCompressGitBlame
--- PASS: TestCompressGitBlame (0.00s)
=== RUN   TestCompressStatsFields
--- PASS: TestCompressStatsFields (0.00s)
=== RUN   TestCompressPipInstall
--- PASS: TestCompressPipInstall (0.00s)
=== RUN   TestCompressKubectlApply
--- PASS: TestCompressKubectlApply (0.00s)
=== RUN   TestDefaultPatternCount
--- PASS: TestDefaultPatternCount (0.00s)
=== RUN   TestExtractSummary
=== RUN   TestExtractSummary/Case_1:_Pure_Technical_Markdown
=== RUN   TestExtractSummary/Case_2:_Source_Code_File
=== RUN   TestExtractSummary/Case_3:_Noise_Mixed_with_High-Density_Information
--- PASS: TestExtractSummary (0.00s)
    --- PASS: TestExtractSummary/Case_1:_Pure_Technical_Markdown (0.00s)
    --- PASS: TestExtractSummary/Case_2:_Source_Code_File (0.00s)
    --- PASS: TestExtractSummary/Case_3:_Noise_Mixed_with_High-Density_Information (0.00s)
=== RUN   TestEstimateTokens
--- PASS: TestEstimateTokens (0.00s)
=== RUN   TestEstimateTokensUnicode
--- PASS: TestEstimateTokensUnicode (0.00s)
=== RUN   TestTokenGainAdd
--- PASS: TestTokenGainAdd (0.00s)
=== RUN   TestTokenGainMultipleAdds
--- PASS: TestTokenGainMultipleAdds (0.00s)
=== RUN   TestTokenGainZero
--- PASS: TestTokenGainZero (0.00s)
=== RUN   TestDefaultConfig
--- PASS: TestDefaultConfig (0.00s)
=== RUN   TestDefaultChunkConfig
--- PASS: TestDefaultChunkConfig (0.00s)
=== RUN   TestAttributesToJSON
=== RUN   TestAttributesToJSON/nil_map
=== RUN   TestAttributesToJSON/empty_map
=== RUN   TestAttributesToJSON/single_key
=== RUN   TestAttributesToJSON/nested
--- PASS: TestAttributesToJSON (0.00s)
    --- PASS: TestAttributesToJSON/nil_map (0.00s)
    --- PASS: TestAttributesToJSON/empty_map (0.00s)
    --- PASS: TestAttributesToJSON/single_key (0.00s)
    --- PASS: TestAttributesToJSON/nested (0.00s)
=== RUN   TestJSONToAttributes
=== RUN   TestJSONToAttributes/empty_string
=== RUN   TestJSONToAttributes/empty_object
=== RUN   TestJSONToAttributes/single_key
=== RUN   TestJSONToAttributes/invalid_JSON
=== RUN   TestJSONToAttributes/nested
--- PASS: TestJSONToAttributes (0.00s)
    --- PASS: TestJSONToAttributes/empty_string (0.00s)
    --- PASS: TestJSONToAttributes/empty_object (0.00s)
    --- PASS: TestJSONToAttributes/single_key (0.00s)
    --- PASS: TestJSONToAttributes/invalid_JSON (0.00s)
    --- PASS: TestJSONToAttributes/nested (0.00s)
=== RUN   TestAttributesRoundTripExtended
--- PASS: TestAttributesRoundTripExtended (0.00s)
=== RUN   TestIndexMetaMarshalJSON
--- PASS: TestIndexMetaMarshalJSON (0.00s)
=== RUN   TestDistanceMetricConstants
--- PASS: TestDistanceMetricConstants (0.00s)
=== RUN   TestMemoryGraphNodeJSON
--- PASS: TestMemoryGraphNodeJSON (0.00s)
=== RUN   TestMemoryGraphEdgeJSON
--- PASS: TestMemoryGraphEdgeJSON (0.00s)
=== RUN   TestGraphInjectionPayloadJSON
--- PASS: TestGraphInjectionPayloadJSON (0.00s)
PASS
ok  	github.com/tevfik/gleann/pkg/gleann	2.205s
=== RUN   TestMatchPattern_BasenameGlob
--- PASS: TestMatchPattern_BasenameGlob (0.00s)
=== RUN   TestMatchPattern_PathComponent
--- PASS: TestMatchPattern_PathComponent (0.00s)
=== RUN   TestMatchPattern_FullPathMatch
--- PASS: TestMatchPattern_FullPathMatch (0.00s)
=== RUN   TestMatchPattern_AnchoredPattern
--- PASS: TestMatchPattern_AnchoredPattern (0.00s)
=== RUN   TestMatchPattern_DirectoryTrailingSlash
--- PASS: TestMatchPattern_DirectoryTrailingSlash (0.00s)
=== RUN   TestMatchDoublestar_PrefixOnly
--- PASS: TestMatchDoublestar_PrefixOnly (0.00s)
=== RUN   TestMatchDoublestar_SuffixOnly
--- PASS: TestMatchDoublestar_SuffixOnly (0.00s)
=== RUN   TestMatchDoublestar_PrefixAndSuffix
--- PASS: TestMatchDoublestar_PrefixAndSuffix (0.00s)
=== RUN   TestMatchDoublestar_NoPrefix
--- PASS: TestMatchDoublestar_NoPrefix (0.00s)
=== RUN   TestMatchDoublestar_Multiple
--- PASS: TestMatchDoublestar_Multiple (0.00s)
=== RUN   TestMatchDoublestar_PrefixMismatch
--- PASS: TestMatchDoublestar_PrefixMismatch (0.00s)
=== RUN   TestMatcher_Match_Combined
--- PASS: TestMatcher_Match_Combined (0.00s)
=== RUN   TestMatcher_Match_Comments
--- PASS: TestMatcher_Match_Comments (0.00s)
=== RUN   TestLoadNoFile
--- PASS: TestLoadNoFile (0.00s)
=== RUN   TestBasicPatterns
--- PASS: TestBasicPatterns (0.00s)
=== RUN   TestDirectoryPattern
--- PASS: TestDirectoryPattern (0.00s)
=== RUN   TestWildcardPath
--- PASS: TestWildcardPath (0.00s)
=== RUN   TestHasFile
--- PASS: TestHasFile (0.00s)
=== RUN   TestEmptyLines
--- PASS: TestEmptyLines (0.00s)
=== RUN   TestNegation
--- PASS: TestNegation (0.00s)
PASS
ok  	github.com/tevfik/gleann/pkg/gleannignore	0.047s
=== RUN   TestScopeAncestors
--- PASS: TestScopeAncestors (0.00s)
=== RUN   TestFilterScope_Hierarchical
--- PASS: TestFilterScope_Hierarchical (0.00s)
=== RUN   TestFilterScope_DescendantNotMatched
--- PASS: TestFilterScope_DescendantNotMatched (0.00s)
=== RUN   TestFilterScope_GlobalQueryReturnsAll
--- PASS: TestFilterScope_GlobalQueryReturnsAll (0.00s)
=== RUN   TestFilterScope_PathStyleVsLegacy
--- PASS: TestFilterScope_PathStyleVsLegacy (0.00s)
=== RUN   TestScopeAncestors_FilesystemPath
--- PASS: TestScopeAncestors_FilesystemPath (0.00s)
=== RUN   TestBlock_ExceedsLimit_Unlimited
--- PASS: TestBlock_ExceedsLimit_Unlimited (0.00s)
=== RUN   TestBlock_ExceedsLimit_Under
--- PASS: TestBlock_ExceedsLimit_Under (0.00s)
=== RUN   TestBlock_ExceedsLimit_Over
--- PASS: TestBlock_ExceedsLimit_Over (0.00s)
=== RUN   TestBlock_TruncateToLimit
--- PASS: TestBlock_TruncateToLimit (0.00s)
=== RUN   TestBlock_TruncateToLimit_NoOp
--- PASS: TestBlock_TruncateToLimit_NoOp (0.00s)
=== RUN   TestManager_AddScopedNote
--- PASS: TestManager_AddScopedNote (0.09s)
=== RUN   TestManager_ListScoped
--- PASS: TestManager_ListScoped (0.04s)
=== RUN   TestManager_SearchScoped
--- PASS: TestManager_SearchScoped (0.05s)
=== RUN   TestManager_BuildScopedContext
--- PASS: TestManager_BuildScopedContext (0.04s)
=== RUN   TestManager_DefaultCharLimit
--- PASS: TestManager_DefaultCharLimit (0.02s)
=== RUN   TestManager_CharLimitFromEnv
--- PASS: TestManager_CharLimitFromEnv (0.02s)
=== RUN   TestManager_CharLimitFromEnv_Invalid
--- PASS: TestManager_CharLimitFromEnv_Invalid (0.02s)
=== RUN   TestFilterScope_EmptyScope
--- PASS: TestFilterScope_EmptyScope (0.00s)
=== RUN   TestFilterScope_WithScope
--- PASS: TestFilterScope_WithScope (0.00s)
=== RUN   TestSleepTimeConfig_Defaults
--- PASS: TestSleepTimeConfig_Defaults (0.00s)
=== RUN   TestSleepTimeConfig_Env
--- PASS: TestSleepTimeConfig_Env (0.00s)
=== RUN   TestSleepTimeConfig_Env_Invalid
--- PASS: TestSleepTimeConfig_Env_Invalid (0.00s)
=== RUN   TestSleepTimeEngine_NoConvStore
--- PASS: TestSleepTimeEngine_NoConvStore (0.02s)
=== RUN   TestSleepTimeEngine_EmptyConversations
2026/08/17 12:00:05 sleep-time: no new conversations to process
--- PASS: TestSleepTimeEngine_EmptyConversations (0.05s)
=== RUN   TestSleepTimeEngine_StartDisabled
--- PASS: TestSleepTimeEngine_StartDisabled (0.02s)
=== RUN   TestRemember_WithTags
--- PASS: TestRemember_WithTags (0.04s)
=== RUN   TestForget_ByContent
--- PASS: TestForget_ByContent (0.06s)
=== RUN   TestForget_NoMatch
--- PASS: TestForget_NoMatch (0.03s)
=== RUN   TestAddNote_ShortTerm
--- PASS: TestAddNote_ShortTerm (0.02s)
=== RUN   TestAddNote_MediumTerm
--- PASS: TestAddNote_MediumTerm (0.03s)
=== RUN   TestAddScopedNote
--- PASS: TestAddScopedNote (0.03s)
=== RUN   TestAddScopedNote_ShortWithTTL
--- PASS: TestAddScopedNote_ShortWithTTL (0.05s)
=== RUN   TestSearchScoped
--- PASS: TestSearchScoped (0.08s)
=== RUN   TestListScoped
--- PASS: TestListScoped (0.14s)
=== RUN   TestBuildScopedContext_EmptyScope
--- PASS: TestBuildScopedContext_EmptyScope (0.09s)
=== RUN   TestBuildScopedContext_WithScope
--- PASS: TestBuildScopedContext_WithScope (0.07s)
=== RUN   TestClear_Tier
--- PASS: TestClear_Tier (0.08s)
=== RUN   TestClearAll
--- PASS: TestClearAll (0.04s)
=== RUN   TestEndSession_AutoPromote
--- PASS: TestEndSession_AutoPromote (0.03s)
=== RUN   TestEndSession_NoPromote
--- PASS: TestEndSession_NoPromote (0.02s)
=== RUN   TestRunMaintenance
--- PASS: TestRunMaintenance (0.07s)
=== RUN   TestRunMaintenance_NoMediumMaxAge
--- PASS: TestRunMaintenance_NoMediumMaxAge (0.05s)
=== RUN   TestStatsCov
--- PASS: TestStatsCov (0.03s)
=== RUN   TestStorePromoteCov
--- PASS: TestStorePromoteCov (0.02s)
=== RUN   TestStoreDeleteOlderThanCov
--- PASS: TestStoreDeleteOlderThanCov (0.04s)
=== RUN   TestStoreSaveSummaryCov
--- PASS: TestStoreSaveSummaryCov (0.02s)
=== RUN   TestStoreDeleteSummariesOlderThanCov
--- PASS: TestStoreDeleteSummariesOlderThanCov (0.04s)
=== RUN   TestStorePruneExpiredCov
--- PASS: TestStorePruneExpiredCov (0.04s)
=== RUN   TestBlockIsExpiredCov
--- PASS: TestBlockIsExpiredCov (0.00s)
=== RUN   TestManagerRememberForgetExt2
--- PASS: TestManagerRememberForgetExt2 (0.06s)
=== RUN   TestManagerForgetByContent
--- PASS: TestManagerForgetByContent (0.05s)
=== RUN   TestManagerForgetNotFound
--- PASS: TestManagerForgetNotFound (0.02s)
=== RUN   TestManagerAddNoteShortTTL
--- PASS: TestManagerAddNoteShortTTL (0.03s)
=== RUN   TestManagerAddNoteMedium
--- PASS: TestManagerAddNoteMedium (0.02s)
=== RUN   TestManagerAddScopedNote
--- PASS: TestManagerAddScopedNote (0.02s)
=== RUN   TestManagerClearTier
--- PASS: TestManagerClearTier (0.04s)
=== RUN   TestManagerClearAll
--- PASS: TestManagerClearAll (0.12s)
=== RUN   TestManagerSearchScoped
--- PASS: TestManagerSearchScoped (0.04s)
=== RUN   TestManagerListScoped
--- PASS: TestManagerListScoped (0.04s)
=== RUN   TestManagerStatsAfterOps
--- PASS: TestManagerStatsAfterOps (0.04s)
=== RUN   TestManagerBuildContextExt2
--- PASS: TestManagerBuildContextExt2 (0.08s)
=== RUN   TestManagerBuildScopedContext
--- PASS: TestManagerBuildScopedContext (0.09s)
=== RUN   TestManagerBuildScopedContextEmptyScope
--- PASS: TestManagerBuildScopedContextEmptyScope (0.16s)
=== RUN   TestManagerEndSessionPromote
--- PASS: TestManagerEndSessionPromote (0.11s)
=== RUN   TestManagerEndSessionNoPromote
--- PASS: TestManagerEndSessionNoPromote (0.08s)
=== RUN   TestManagerRunMaintenance
--- PASS: TestManagerRunMaintenance (0.12s)
=== RUN   TestApplyDefaultsCharLimit
--- PASS: TestApplyDefaultsCharLimit (0.02s)
=== RUN   TestFilterScopeEmpty
--- PASS: TestFilterScopeEmpty (0.00s)
=== RUN   TestFilterScopeMatch
--- PASS: TestFilterScopeMatch (0.00s)
=== RUN   TestManagerStoreAccessor
--- PASS: TestManagerStoreAccessor (0.02s)
=== RUN   TestManagerDefaultCharLimitZero
--- PASS: TestManagerDefaultCharLimitZero (0.02s)
=== RUN   TestParseTierExtended
=== RUN   TestParseTierExtended/short
=== RUN   TestParseTierExtended/short-term
=== RUN   TestParseTierExtended/medium
=== RUN   TestParseTierExtended/medium-term
=== RUN   TestParseTierExtended/long
=== RUN   TestParseTierExtended/long-term
=== RUN   TestParseTierExtended/invalid
=== RUN   TestParseTierExtended/#00
=== RUN   TestParseTierExtended/SHORT
--- PASS: TestParseTierExtended (0.00s)
    --- PASS: TestParseTierExtended/short (0.00s)
    --- PASS: TestParseTierExtended/short-term (0.00s)
    --- PASS: TestParseTierExtended/medium (0.00s)
    --- PASS: TestParseTierExtended/medium-term (0.00s)
    --- PASS: TestParseTierExtended/long (0.00s)
    --- PASS: TestParseTierExtended/long-term (0.00s)
    --- PASS: TestParseTierExtended/invalid (0.00s)
    --- PASS: TestParseTierExtended/#00 (0.00s)
    --- PASS: TestParseTierExtended/SHORT (0.00s)
=== RUN   TestBlockIsExpired
=== RUN   TestBlockIsExpired/nil_expires
=== RUN   TestBlockIsExpired/future_expires
=== RUN   TestBlockIsExpired/past_expires
--- PASS: TestBlockIsExpired (0.00s)
    --- PASS: TestBlockIsExpired/nil_expires (0.00s)
    --- PASS: TestBlockIsExpired/future_expires (0.00s)
    --- PASS: TestBlockIsExpired/past_expires (0.00s)
=== RUN   TestBlockExceedsLimit
=== RUN   TestBlockExceedsLimit/zero_limit_(unlimited)
=== RUN   TestBlockExceedsLimit/negative_limit_(unlimited)
=== RUN   TestBlockExceedsLimit/under_limit
=== RUN   TestBlockExceedsLimit/exact_limit
=== RUN   TestBlockExceedsLimit/over_limit
--- PASS: TestBlockExceedsLimit (0.00s)
    --- PASS: TestBlockExceedsLimit/zero_limit_(unlimited) (0.00s)
    --- PASS: TestBlockExceedsLimit/negative_limit_(unlimited) (0.00s)
    --- PASS: TestBlockExceedsLimit/under_limit (0.00s)
    --- PASS: TestBlockExceedsLimit/exact_limit (0.00s)
    --- PASS: TestBlockExceedsLimit/over_limit (0.00s)
=== RUN   TestBlockTruncateToLimit
=== RUN   TestBlockTruncateToLimit/no_truncation_needed
=== RUN   TestBlockTruncateToLimit/truncation_applied
=== RUN   TestBlockTruncateToLimit/very_small_limit
=== RUN   TestBlockTruncateToLimit/unlimited
--- PASS: TestBlockTruncateToLimit (0.00s)
    --- PASS: TestBlockTruncateToLimit/no_truncation_needed (0.00s)
    --- PASS: TestBlockTruncateToLimit/truncation_applied (0.00s)
    --- PASS: TestBlockTruncateToLimit/very_small_limit (0.00s)
    --- PASS: TestBlockTruncateToLimit/unlimited (0.00s)
=== RUN   TestContextWindowRender
=== RUN   TestContextWindowRender/empty_window
=== RUN   TestContextWindowRender/long_term_only
=== RUN   TestContextWindowRender/all_tiers
=== RUN   TestContextWindowRender/medium_only
--- PASS: TestContextWindowRender (0.00s)
    --- PASS: TestContextWindowRender/empty_window (0.00s)
    --- PASS: TestContextWindowRender/long_term_only (0.00s)
    --- PASS: TestContextWindowRender/all_tiers (0.00s)
    --- PASS: TestContextWindowRender/medium_only (0.00s)
=== RUN   TestContextWindowIsEmpty
--- PASS: TestContextWindowIsEmpty (0.00s)
=== RUN   TestDefaultSleepTimeConfig
--- PASS: TestDefaultSleepTimeConfig (0.00s)
=== RUN   TestStoreOpenClose
--- PASS: TestStoreOpenClose (0.02s)
=== RUN   TestStoreAddGetDelete
--- PASS: TestStoreAddGetDelete (0.03s)
=== RUN   TestStoreList
--- PASS: TestStoreList (0.03s)
=== RUN   TestStoreSearchExtended
--- PASS: TestStoreSearchExtended (0.03s)
=== RUN   TestStoreClearTierExtended
--- PASS: TestStoreClearTierExtended (0.02s)
=== RUN   TestStoreClearAll
--- PASS: TestStoreClearAll (0.04s)
=== RUN   TestStorePromote
--- PASS: TestStorePromote (0.02s)
=== RUN   TestStorePruneExpired
--- PASS: TestStorePruneExpired (0.03s)
=== RUN   TestStoreDeleteOlderThan
--- PASS: TestStoreDeleteOlderThan (0.07s)
=== RUN   TestStoreStatsExtended
--- PASS: TestStoreStatsExtended (0.13s)
=== RUN   TestStoreBuildContextExtended
--- PASS: TestStoreBuildContextExtended (0.11s)
=== RUN   TestStoreSaveSummary
--- PASS: TestStoreSaveSummary (0.09s)
=== RUN   TestManagerRememberAndSearch
--- PASS: TestManagerRememberAndSearch (0.11s)
=== RUN   TestManagerAddNote
--- PASS: TestManagerAddNote (0.09s)
=== RUN   TestManagerForget
--- PASS: TestManagerForget (0.16s)
=== RUN   TestManagerClear
--- PASS: TestManagerClear (0.12s)
=== RUN   TestManagerStats
--- PASS: TestManagerStats (0.07s)
=== RUN   TestManagerBuildContext
--- PASS: TestManagerBuildContext (0.09s)
=== RUN   TestManagerScopedNotes
--- PASS: TestManagerScopedNotes (0.15s)
=== RUN   TestFilterScope
--- PASS: TestFilterScope (0.00s)
=== RUN   TestContainsTag
--- PASS: TestContainsTag (0.00s)
=== RUN   TestDefaultStorePathNotEmpty
--- PASS: TestDefaultStorePathNotEmpty (0.00s)
=== RUN   TestNewSleepTimeEngine
--- PASS: TestNewSleepTimeEngine (0.08s)
=== RUN   TestStoreDeleteOlderThanShort
--- PASS: TestStoreDeleteOlderThanShort (0.03s)
=== RUN   TestStoreDeleteOlderThanMedium
--- PASS: TestStoreDeleteOlderThanMedium (0.13s)
=== RUN   TestStoreDeleteOlderThanLong
--- PASS: TestStoreDeleteOlderThanLong (0.14s)
=== RUN   TestStoreDeleteSummariesOlderThan
--- PASS: TestStoreDeleteSummariesOlderThan (0.15s)
=== RUN   TestStorePromoteMediumToLong
--- PASS: TestStorePromoteMediumToLong (0.16s)
=== RUN   TestStorePromoteShortToMedium
--- PASS: TestStorePromoteShortToMedium (0.11s)
=== RUN   TestStorePruneExpiredMixed
--- PASS: TestStorePruneExpiredMixed (0.17s)
=== RUN   TestStoreBuildContextAllTiers
--- PASS: TestStoreBuildContextAllTiers (0.10s)
=== RUN   TestStoreBuildContextWithSummaries
--- PASS: TestStoreBuildContextWithSummaries (0.38s)
=== RUN   TestStorePathAccessor
--- PASS: TestStorePathAccessor (0.05s)
=== RUN   TestStoreSearchByTag
--- PASS: TestStoreSearchByTag (0.12s)
=== RUN   TestStoreListAllTiersEmpty
--- PASS: TestStoreListAllTiersEmpty (0.09s)
=== RUN   TestStoreGetNotFound
--- PASS: TestStoreGetNotFound (0.06s)
=== RUN   TestStoreDeleteNotFound
--- PASS: TestStoreDeleteNotFound (0.08s)
=== RUN   TestManagerForgetByID
--- PASS: TestManagerForgetByID (0.19s)
=== RUN   TestManagerClearAllTiers
--- PASS: TestManagerClearAllTiers (0.20s)
=== RUN   TestManagerBuildContextMultipleTiers
--- PASS: TestManagerBuildContextMultipleTiers (0.08s)
=== RUN   TestManagerSearchAcrossTiers
--- PASS: TestManagerSearchAcrossTiers (0.12s)
=== RUN   TestManagerListByTier
--- PASS: TestManagerListByTier (0.12s)
=== RUN   TestStoreAddAndGet
--- PASS: TestStoreAddAndGet (0.12s)
=== RUN   TestStoreShortTerm
--- PASS: TestStoreShortTerm (0.05s)
=== RUN   TestStoreDelete
--- PASS: TestStoreDelete (0.14s)
=== RUN   TestStoreSearch
--- PASS: TestStoreSearch (0.13s)
=== RUN   TestStoreClearTier
--- PASS: TestStoreClearTier (0.14s)
=== RUN   TestStoreExpiration
--- PASS: TestStoreExpiration (0.02s)
=== RUN   TestStoreSummary
--- PASS: TestStoreSummary (0.02s)
=== RUN   TestStoreStats
--- PASS: TestStoreStats (0.04s)
=== RUN   TestStoreBuildContext
--- PASS: TestStoreBuildContext (0.03s)
=== RUN   TestManagerRememberForget
--- PASS: TestManagerRememberForget (0.04s)
=== RUN   TestManagerEndSession
--- PASS: TestManagerEndSession (0.03s)
=== RUN   TestDefaultStorePath
--- PASS: TestDefaultStorePath (0.00s)
=== RUN   TestParseTier
--- PASS: TestParseTier (0.00s)
=== RUN   TestCallOllama_Success
--- PASS: TestCallOllama_Success (0.00s)
=== RUN   TestCallOllama_DefaultBaseURL
--- PASS: TestCallOllama_DefaultBaseURL (0.00s)
=== RUN   TestCallOpenAI_Success
--- PASS: TestCallOpenAI_Success (0.00s)
=== RUN   TestCallOpenAI_NoChoices
--- PASS: TestCallOpenAI_NoChoices (0.00s)
=== RUN   TestCallAnthropic_Success
--- PASS: TestCallAnthropic_Success (0.00s)
=== RUN   TestCallAnthropic_NoContent
--- PASS: TestCallAnthropic_NoContent (0.00s)
=== RUN   TestCallLLM_Routes
=== RUN   TestCallLLM_Routes/ollama
=== RUN   TestCallLLM_Routes/openai
=== RUN   TestCallLLM_Routes/anthropic
=== RUN   TestCallLLM_Routes/#00
=== RUN   TestCallLLM_Routes/unknown
--- PASS: TestCallLLM_Routes (0.01s)
    --- PASS: TestCallLLM_Routes/ollama (0.00s)
    --- PASS: TestCallLLM_Routes/openai (0.00s)
    --- PASS: TestCallLLM_Routes/anthropic (0.00s)
    --- PASS: TestCallLLM_Routes/#00 (0.00s)
    --- PASS: TestCallLLM_Routes/unknown (0.00s)
=== RUN   TestSummarizeConversation_Success
--- PASS: TestSummarizeConversation_Success (0.00s)
=== RUN   TestSummarizeConversation_EmptyMessages
--- PASS: TestSummarizeConversation_EmptyMessages (0.00s)
=== RUN   TestSummarizeConversation_LLMFailure_Fallback
--- PASS: TestSummarizeConversation_LLMFailure_Fallback (0.00s)
=== RUN   TestSummarizeConversation_LongMessages
--- PASS: TestSummarizeConversation_LongMessages (0.00s)
=== RUN   TestExtractMemories_Success
--- PASS: TestExtractMemories_Success (0.00s)
=== RUN   TestExtractMemories_NONE
--- PASS: TestExtractMemories_NONE (0.00s)
=== RUN   TestExtractMemories_NoMessages
--- PASS: TestExtractMemories_NoMessages (0.00s)
=== RUN   TestExtractMemories_UnlabeledLines
--- PASS: TestExtractMemories_UnlabeledLines (0.00s)
=== RUN   TestFallbackSummary_FirstUser
--- PASS: TestFallbackSummary_FirstUser (0.00s)
=== RUN   TestFallbackSummary_Long
--- PASS: TestFallbackSummary_Long (0.00s)
=== RUN   TestFallbackSummary_NoUser
--- PASS: TestFallbackSummary_NoUser (0.00s)
=== RUN   TestValidityScore_Default
--- PASS: TestValidityScore_Default (0.00s)
=== RUN   TestValidityScore_HighConfirmation
--- PASS: TestValidityScore_HighConfirmation (0.00s)
=== RUN   TestValidityScore_HighConflict
--- PASS: TestValidityScore_HighConflict (0.00s)
=== RUN   TestValidityScore_StaleDecay
--- PASS: TestValidityScore_StaleDecay (0.00s)
=== RUN   TestValidityScore_RecentAccess
--- PASS: TestValidityScore_RecentAccess (0.00s)
=== RUN   TestValidityLabel
=== RUN   TestValidityLabel/high
=== RUN   TestValidityLabel/medium
=== RUN   TestValidityLabel/low_conflict
=== RUN   TestValidityLabel/unreliable
--- PASS: TestValidityLabel (0.00s)
    --- PASS: TestValidityLabel/high (0.00s)
    --- PASS: TestValidityLabel/medium (0.00s)
    --- PASS: TestValidityLabel/low_conflict (0.00s)
    --- PASS: TestValidityLabel/unreliable (0.00s)
=== RUN   TestIsStale
--- PASS: TestIsStale (0.00s)
=== RUN   TestContradictionCheck
--- PASS: TestContradictionCheck (0.00s)
=== RUN   TestContradictionCheck_EnableDisable
--- PASS: TestContradictionCheck_EnableDisable (0.00s)
=== RUN   TestConfirmAndConflict
--- PASS: TestConfirmAndConflict (0.00s)
=== RUN   TestRecordAccess
--- PASS: TestRecordAccess (0.00s)
PASS
ok  	github.com/tevfik/gleann/pkg/memory	7.460s
=== RUN   TestDefaultResilienceConfig
--- PASS: TestDefaultResilienceConfig (0.00s)
=== RUN   TestEmbeddingResilienceConfig
--- PASS: TestEmbeddingResilienceConfig (0.00s)
=== RUN   TestNewExecutor_SuccessOnFirstAttempt
--- PASS: TestNewExecutor_SuccessOnFirstAttempt (0.00s)
=== RUN   TestNewVoidExecutor_SuccessOnFirstAttempt
--- PASS: TestNewVoidExecutor_SuccessOnFirstAttempt (0.00s)
=== RUN   TestDo_SuccessOnFirstAttempt
--- PASS: TestDo_SuccessOnFirstAttempt (0.00s)
=== RUN   TestDo_RetriesOnRetryableError
--- PASS: TestDo_RetriesOnRetryableError (0.00s)
=== RUN   TestDo_StopsOnNonRetryableError
--- PASS: TestDo_StopsOnNonRetryableError (0.00s)
=== RUN   TestDo_HonoursMaxAttempts
--- PASS: TestDo_HonoursMaxAttempts (0.00s)
=== RUN   TestDo_RespectsContextCancellation
--- PASS: TestDo_RespectsContextCancellation (0.01s)
=== RUN   TestIsRetryable
=== RUN   TestIsRetryable/nil
=== RUN   TestIsRetryable/connection_refused
=== RUN   TestIsRetryable/net_timeout
=== RUN   TestIsRetryable/503
=== RUN   TestIsRetryable/502
=== RUN   TestIsRetryable/429
=== RUN   TestIsRetryable/500
=== RUN   TestIsRetryable/400
=== RUN   TestIsRetryable/401
=== RUN   TestIsRetryable/403
=== RUN   TestIsRetryable/404
--- PASS: TestIsRetryable (0.00s)
    --- PASS: TestIsRetryable/nil (0.00s)
    --- PASS: TestIsRetryable/connection_refused (0.00s)
    --- PASS: TestIsRetryable/net_timeout (0.00s)
    --- PASS: TestIsRetryable/503 (0.00s)
    --- PASS: TestIsRetryable/502 (0.00s)
    --- PASS: TestIsRetryable/429 (0.00s)
    --- PASS: TestIsRetryable/500 (0.00s)
    --- PASS: TestIsRetryable/400 (0.00s)
    --- PASS: TestIsRetryable/401 (0.00s)
    --- PASS: TestIsRetryable/403 (0.00s)
    --- PASS: TestIsRetryable/404 (0.00s)
=== RUN   TestAggressivePolicy_Values
--- PASS: TestAggressivePolicy_Values (0.00s)
=== RUN   TestDo_JitterAddsVariation
--- PASS: TestDo_JitterAddsVariation (0.00s)
=== RUN   TestDo_ZeroMaxAttempts_SingleCall
--- PASS: TestDo_ZeroMaxAttempts_SingleCall (0.00s)
=== RUN   TestDo_MaxDelayCapsSleep
--- PASS: TestDo_MaxDelayCapsSleep (0.00s)
=== RUN   TestIsRetryable_ContextErrors
--- PASS: TestIsRetryable_ContextErrors (0.00s)
=== RUN   TestIsRetryable_EOF
--- PASS: TestIsRetryable_EOF (0.00s)
=== RUN   TestIsRetryable_BrokenPipe
--- PASS: TestIsRetryable_BrokenPipe (0.00s)
PASS
ok  	github.com/tevfik/gleann/pkg/retry	0.051s
=== RUN   TestDefaultRegistryBuiltinRoles
--- PASS: TestDefaultRegistryBuiltinRoles (0.00s)
=== RUN   TestRegistryGet
--- PASS: TestRegistryGet (0.00s)
=== RUN   TestRegistrySystemPrompt
--- PASS: TestRegistrySystemPrompt (0.00s)
=== RUN   TestRegistryHasAndAdd
--- PASS: TestRegistryHasAndAdd (0.00s)
=== RUN   TestLoadMessagePlainText
--- PASS: TestLoadMessagePlainText (0.00s)
=== RUN   TestLoadMessageFilePrefix
--- PASS: TestLoadMessageFilePrefix (0.00s)
=== RUN   TestLoadMessageFileMissing
--- PASS: TestLoadMessageFileMissing (0.00s)
=== RUN   TestRegistryResolveWithFile
--- PASS: TestRegistryResolveWithFile (0.00s)
=== RUN   TestLoadMessagePathTraversalSecurity
--- PASS: TestLoadMessagePathTraversalSecurity (0.00s)
PASS
ok  	github.com/tevfik/gleann/pkg/roles	0.043s
=== RUN   TestWrap_Basic
=== RUN   TestWrap_Basic/short_text_no_wrap
=== RUN   TestWrap_Basic/wraps_at_word_boundary
=== RUN   TestWrap_Basic/preserves_existing_newlines
=== RUN   TestWrap_Basic/zero_width_passthrough
=== RUN   TestWrap_Basic/negative_width_passthrough
=== RUN   TestWrap_Basic/single_long_word
=== RUN   TestWrap_Basic/empty_string
=== RUN   TestWrap_Basic/multiple_spaces_preserved_short_lines
--- PASS: TestWrap_Basic (0.00s)
    --- PASS: TestWrap_Basic/short_text_no_wrap (0.00s)
    --- PASS: TestWrap_Basic/wraps_at_word_boundary (0.00s)
    --- PASS: TestWrap_Basic/preserves_existing_newlines (0.00s)
    --- PASS: TestWrap_Basic/zero_width_passthrough (0.00s)
    --- PASS: TestWrap_Basic/negative_width_passthrough (0.00s)
    --- PASS: TestWrap_Basic/single_long_word (0.00s)
    --- PASS: TestWrap_Basic/empty_string (0.00s)
    --- PASS: TestWrap_Basic/multiple_spaces_preserved_short_lines (0.00s)
=== RUN   TestWrap_MultiLine
--- PASS: TestWrap_MultiLine (0.00s)
=== RUN   TestStreamWriter_Passthrough
--- PASS: TestStreamWriter_Passthrough (0.00s)
=== RUN   TestStreamWriter_WrapsAtWidth
--- PASS: TestStreamWriter_WrapsAtWidth (0.00s)
=== RUN   TestStreamWriter_PreservesNewlines
--- PASS: TestStreamWriter_PreservesNewlines (0.00s)
=== RUN   TestTerminalWidth_Fallback
--- PASS: TestTerminalWidth_Fallback (0.00s)
PASS
ok  	github.com/tevfik/gleann/pkg/wordwrap	0.047s
=== RUN   TestE2ECLI_IndexAndSearch
    e2e_cli_test.go:38: Gleann binary not found at D:\a\gleann\gleann\build\gleann.exe. Please run 'task build' first.
--- SKIP: TestE2ECLI_IndexAndSearch (0.00s)
PASS
ok  	github.com/tevfik/gleann/tests/e2e	0.044s
?   	github.com/tevfik/gleann/tests/e2e/cmd/gen_fixtures	[no test files]
?   	github.com/tevfik/gleann/tests/e2e/fixtures/code	[no test files]
=== RUN   TestE2E_HybridSearch_CLIWiring
2026/08/17 12:00:08 ⚠  WARNING: Index "hybrid-cli" was built with embedding model "mock" (16 dims) but current config uses "bge-m3" — search results will be incorrect! To migrate to the new model, run: gleann index rebuild hybrid-cli --docs <dir>
    e2e_deadcode_wiring_test.go:72: alpha=0.0 → 3 results, top="kubernetes container orchestration platform" (1.0000)
    e2e_deadcode_wiring_test.go:72: alpha=0.3 → 3 results, top="kubernetes container orchestration platform" (1.0000)
    e2e_deadcode_wiring_test.go:72: alpha=0.5 → 3 results, top="kubernetes container orchestration platform" (1.0000)
    e2e_deadcode_wiring_test.go:72: alpha=0.7 → 3 results, top="kubernetes container orchestration platform" (1.0000)
    e2e_deadcode_wiring_test.go:72: alpha=1.0 → 3 results, top="kubernetes container orchestration platform" (1.0000)
--- PASS: TestE2E_HybridSearch_CLIWiring (0.20s)
=== RUN   TestE2E_HybridSearch_BM25IndexedCount
2026/08/17 12:00:08 ⚠  WARNING: Index "bm25-count" was built with embedding model "mock" (16 dims) but current config uses "bge-m3" — search results will be incorrect! To migrate to the new model, run: gleann index rebuild bm25-count --docs <dir>
--- PASS: TestE2E_HybridSearch_BM25IndexedCount (0.18s)
=== RUN   TestE2E_AutoIndexer_WatchAndDetect
    e2e_deadcode_wiring_test.go:150: AutoIndexer started, detected file change, and stopped cleanly
--- PASS: TestE2E_AutoIndexer_WatchAndDetect (1.00s)
=== RUN   TestE2E_AutoIndexer_MultipleIndexes
--- PASS: TestE2E_AutoIndexer_MultipleIndexes (0.00s)
=== RUN   TestE2E_AutoIndexer_EnvVarParsing
--- PASS: TestE2E_AutoIndexer_EnvVarParsing (0.00s)
=== RUN   TestE2E_VideoProcessing_FallbackPath
--- PASS: TestE2E_VideoProcessing_FallbackPath (0.00s)
=== RUN   TestE2E_VideoProcessing_DetectMediaType
--- PASS: TestE2E_VideoProcessing_DetectMediaType (0.00s)
=== RUN   TestE2E_MCPInstall_ConfigPaths
    e2e_deadcode_wiring_test.go:260: Claude Code MCP config: C:\Users\runneradmin\.claude.json (exists=false)
    e2e_deadcode_wiring_test.go:263: MCP install functions wired into RunInstall via installMCPConfigs()
--- PASS: TestE2E_MCPInstall_ConfigPaths (0.00s)
=== RUN   TestE2E_DeadCodeRemoved_SyncPackage
    e2e_deadcode_wiring_test.go:276: pkg/gleann/sync.go removed: FileSynchronizer is dead code (superseded by inline file walking)
--- PASS: TestE2E_DeadCodeRemoved_SyncPackage (0.00s)
=== RUN   TestE2E_DeadCodeRemoved_EmbeddingServer
    e2e_deadcode_wiring_test.go:281: internal/embedding/batcher.go + server.go removed: superseded by Computer/CachedComputer
--- PASS: TestE2E_DeadCodeRemoved_EmbeddingServer (0.00s)
=== RUN   TestE2E_ContextBudget_TruncStr
--- PASS: TestE2E_ContextBudget_TruncStr (0.00s)
=== RUN   TestE2E_FindMarkItDown
    e2e_plugin_test.go:26: markitdown not installed: markitdown not found on PATH (install with: pipx install markitdown)
--- SKIP: TestE2E_FindMarkItDown (0.01s)
=== RUN   TestE2E_MarkItDown_CSV
    e2e_plugin_test.go:37: markitdown not available
--- SKIP: TestE2E_MarkItDown_CSV (0.01s)
=== RUN   TestE2E_MarkItDown_CanHandle
    e2e_plugin_test.go:65: markitdown not available
--- SKIP: TestE2E_MarkItDown_CanHandle (0.01s)
=== RUN   TestE2E_DocExtractor_CSVToPluginResult
    e2e_plugin_test.go:90: markitdown not available
--- SKIP: TestE2E_DocExtractor_CSVToPluginResult (0.01s)
=== RUN   TestE2E_DocExtractor_FallbackOrder
--- PASS: TestE2E_DocExtractor_FallbackOrder (0.00s)
=== RUN   TestE2E_MarkdownToPluginResult_ComplexDocument
    e2e_plugin_test.go:219: Complex doc: 12 nodes, 11 edges (section=1, subsection=10)
--- PASS: TestE2E_MarkdownToPluginResult_ComplexDocument (0.00s)
=== RUN   TestE2E_FullChunkingPipeline
    e2e_plugin_test.go:295: Chunking produced 6 chunks from architecture.md
--- PASS: TestE2E_FullChunkingPipeline (0.00s)
=== RUN   TestE2E_PluginRegistry_LoadNoFile
    e2e_plugin_test.go:317: Registry loaded with 0 plugins
--- PASS: TestE2E_PluginRegistry_LoadNoFile (0.00s)
=== RUN   TestE2E_PluginManager_FindExtractor_NoPlugins
--- PASS: TestE2E_PluginManager_FindExtractor_NoPlugins (0.00s)
=== RUN   TestE2E_PluginManager_FindExtractor_WithPlugin
--- PASS: TestE2E_PluginManager_FindExtractor_WithPlugin (0.00s)
=== RUN   TestE2E_CrossPlatform_PathHandling
    e2e_plugin_test.go:384: Plugin path on windows: C:\Users\runneradmin\.gleann\plugins\gleann-docs
--- PASS: TestE2E_CrossPlatform_PathHandling (0.00s)
=== RUN   TestE2E_CrossPlatform_VenvBinaries
    e2e_plugin_test.go:400: Expected pip: C:\Users\RUNNER~1\AppData\Local\Temp\TestE2E_CrossPlatform_VenvBinaries2492644990\001\.venv\Scripts\pip.exe
    e2e_plugin_test.go:401: Expected python: C:\Users\RUNNER~1\AppData\Local\Temp\TestE2E_CrossPlatform_VenvBinaries2492644990\001\.venv\Scripts\python.exe
--- PASS: TestE2E_CrossPlatform_VenvBinaries (0.00s)
=== RUN   TestE2E_CrossPlatform_SharedLibExtension
    e2e_plugin_test.go:421: Platform windows: shared lib ext = .dll
--- PASS: TestE2E_CrossPlatform_SharedLibExtension (0.00s)
=== RUN   TestE2E_CrossPlatform_MarkItDownPaths
    e2e_plugin_test.go:450: Expected markitdown paths on windows:
    e2e_plugin_test.go:456:   ✗ C:\Users\runneradmin\AppData\Roaming\Python\Scripts\markitdown.exe
    e2e_plugin_test.go:456:   ✗ C:\Users\runneradmin\.local\bin\markitdown.exe
--- PASS: TestE2E_CrossPlatform_MarkItDownPaths (0.00s)
=== RUN   TestE2E_CrossPlatform_Symlink
--- PASS: TestE2E_CrossPlatform_Symlink (0.00s)
=== RUN   TestE2E_NativeExtractor_CSV
    e2e_plugin_test.go:514: Native CSV: 56 bytes
--- PASS: TestE2E_NativeExtractor_CSV (0.00s)
=== RUN   TestE2E_NativeExtractor_FullPipeline
    e2e_plugin_test.go:541: Native pipeline: 2 nodes, 1 edges
--- PASS: TestE2E_NativeExtractor_FullPipeline (0.00s)
=== RUN   TestE2E_NativeExtractor_AlwaysAvailable
--- PASS: TestE2E_NativeExtractor_AlwaysAvailable (0.00s)
=== RUN   TestE2E_DoclingPlugin_Health
    e2e_plugin_test.go:573: no document-extraction plugin registered for .pdf
--- SKIP: TestE2E_DoclingPlugin_Health (0.00s)
=== RUN   TestE2E_DoclingPlugin_PDFTableExtraction
    e2e_plugin_test.go:621: no document-extraction plugin registered for .pdf
--- SKIP: TestE2E_DoclingPlugin_PDFTableExtraction (0.00s)
=== RUN   TestE2E_DoclingPlugin_vs_Native
    e2e_plugin_test.go:737: no document-extraction plugin registered for .pdf
--- SKIP: TestE2E_DoclingPlugin_vs_Native (0.00s)
=== RUN   TestE2E_Service_StatusWhenStopped
--- PASS: TestE2E_Service_StatusWhenStopped (0.02s)
=== RUN   TestE2E_Service_FormatStatusStopped
--- PASS: TestE2E_Service_FormatStatusStopped (0.00s)
=== RUN   TestE2E_Service_FormatStatusRunning
--- PASS: TestE2E_Service_FormatStatusRunning (0.00s)
=== RUN   TestE2E_Service_StopWhenNotRunning
--- PASS: TestE2E_Service_StopWhenNotRunning (0.02s)
=== RUN   TestE2E_Service_StalePidCleanup
--- PASS: TestE2E_Service_StalePidCleanup (0.02s)
=== RUN   TestE2E_Service_ValidPidFileJSON
--- PASS: TestE2E_Service_ValidPidFileJSON (0.02s)
=== RUN   TestE2E_Service_MalformedPidFile
--- PASS: TestE2E_Service_MalformedPidFile (0.02s)
=== RUN   TestE2E_Service_LogsTailing
--- PASS: TestE2E_Service_LogsTailing (0.00s)
=== RUN   TestE2E_Service_LogsCRLF
--- PASS: TestE2E_Service_LogsCRLF (0.00s)
=== RUN   TestE2E_Service_LogsNoFile
--- PASS: TestE2E_Service_LogsNoFile (0.00s)
=== RUN   TestE2E_Service_CrossPlatform_ServicePaths
    e2e_service_test.go:253: Windows: Task Scheduler (schtasks)
--- PASS: TestE2E_Service_CrossPlatform_ServicePaths (0.00s)
=== RUN   TestE2E_Service_CrossPlatform_PidFilePaths
    e2e_service_test.go:273: PID file: C:\Users\runneradmin\.gleann\server.pid
    e2e_service_test.go:274: Log file: C:\Users\runneradmin\.gleann\server.log
--- PASS: TestE2E_Service_CrossPlatform_PidFilePaths (0.00s)
=== RUN   TestE2E_Autosetup_DetectOllamaFull
--- PASS: TestE2E_Autosetup_DetectOllamaFull (0.00s)
=== RUN   TestE2E_Autosetup_DetectAllQuickStart
--- PASS: TestE2E_Autosetup_DetectAllQuickStart (0.00s)
=== RUN   TestE2E_Autosetup_DetectAllNormalMode
--- PASS: TestE2E_Autosetup_DetectAllNormalMode (0.00s)
=== RUN   TestE2E_Autosetup_EnsureModelsFullCycle
   pulling manifest                                     success                                           
--- PASS: TestE2E_Autosetup_EnsureModelsFullCycle (0.00s)
=== RUN   TestE2E_Autosetup_PullModelProgress
--- PASS: TestE2E_Autosetup_PullModelProgress (0.00s)
=== RUN   TestE2E_Autosetup_PullModelNetworkError
--- PASS: TestE2E_Autosetup_PullModelNetworkError (0.01s)
=== RUN   TestE2E_Autosetup_ApplyAndReadConfig
--- PASS: TestE2E_Autosetup_ApplyAndReadConfig (0.00s)
=== RUN   TestE2E_Autosetup_FormatDetectedConfigBox
--- PASS: TestE2E_Autosetup_FormatDetectedConfigBox (0.00s)
=== RUN   TestE2E_Autosetup_TiersAreSorted
--- PASS: TestE2E_Autosetup_TiersAreSorted (0.00s)
=== RUN   TestE2E_Autosetup_EnsureConfigIdempotent
--- PASS: TestE2E_Autosetup_EnsureConfigIdempotent (0.00s)
=== RUN   TestE2E_Autosetup_HasModelPrefixMatching
--- PASS: TestE2E_Autosetup_HasModelPrefixMatching (0.00s)
=== RUN   TestE2E_CrossPlatform_ServiceConfigDir
    e2e_service_test.go:663: Windows uses Task Scheduler (schtasks.exe), no config directory
--- PASS: TestE2E_CrossPlatform_ServiceConfigDir (0.00s)
=== RUN   TestE2E_CrossPlatform_ProcessAliveness
--- PASS: TestE2E_CrossPlatform_ProcessAliveness (0.02s)
=== RUN   TestE2E_CrossPlatform_GleannDirCreation
--- PASS: TestE2E_CrossPlatform_GleannDirCreation (0.00s)
=== RUN   TestE2EVaultFileTracking
--- PASS: TestE2EVaultFileTracking (0.62s)
=== RUN   TestE2E_FullLifecycle
    features_e2e_test.go:66: Step 2: Produced 3 chunks with provenance
    features_e2e_test.go:93: Step 3: Index built successfully
    features_e2e_test.go:103: Step 4: Memo store has 3 entries
    features_e2e_test.go:130: Step 5: 1/1 chunks need re-embedding after helper.go change
    features_e2e_test.go:148: Step 5: Unchanged files still fully cached ✓
    features_e2e_test.go:162: Step 6: Found 1 orphan sources out of 3 passages
    features_e2e_test.go:172: Step 6: Removed 1 memo entries for deleted file
    features_e2e_test.go:189: Step 7: Invalidated 3 L2 cache files, 2 memo entries
    features_e2e_test.go:196: E2E lifecycle complete ✓
--- PASS: TestE2E_FullLifecycle (0.15s)
=== RUN   TestE2E_ProvenanceInSearchResults
2026/08/17 12:00:10 ⚠  WARNING: Index "e2e-provenance" was built with embedding model "mock" (32 dims) but current config uses "bge-m3" — search results will be incorrect! To migrate to the new model, run: gleann index rebuild e2e-provenance --docs <dir>
    features_e2e_test.go:276: result 0: source=main.go start_line=1 score=1.0000
    features_e2e_test.go:276: result 1: source=helper.go start_line=1 score=0.0000
--- PASS: TestE2E_ProvenanceInSearchResults (0.17s)
=== RUN   TestE2E_ReconcileAfterBuild
    features_e2e_test.go:345: Reconcile result: scanned=3, orphans=[b.txt c.txt], removed=2
--- PASS: TestE2E_ReconcileAfterBuild (0.30s)
=== RUN   TestChunkMemo_IncrementalRebuild
--- PASS: TestChunkMemo_IncrementalRebuild (0.00s)
=== RUN   TestChunkMemo_SourceDeletion
--- PASS: TestChunkMemo_SourceDeletion (0.00s)
=== RUN   TestProvenance_SentenceSplitterEndToEnd
--- PASS: TestProvenance_SentenceSplitterEndToEnd (0.00s)
=== RUN   TestProvenance_CodeChunkerEndToEnd
--- PASS: TestProvenance_CodeChunkerEndToEnd (0.00s)
=== RUN   TestReconciliation_EndToEnd
--- PASS: TestReconciliation_EndToEnd (0.20s)
=== RUN   TestCacheInvalidation_ModelSwitch
--- PASS: TestCacheInvalidation_ModelSwitch (0.01s)
=== RUN   TestCacheInvalidation_SameModel_NoAction
--- PASS: TestCacheInvalidation_SameModel_NoAction (0.00s)
=== RUN   TestMemoAndProvenance_Combined
--- PASS: TestMemoAndProvenance_Combined (0.00s)
=== RUN   TestBuildAndSearch
    integration_test.go:135: Loaded meta: backend=hnsw dims=32 passages=5
    integration_test.go:143: Index file size: 476 bytes
    integration_test.go:157: Top result: "Go is a statically typed compiled language" (score: 1.0000)
--- PASS: TestBuildAndSearch (0.18s)
=== RUN   TestBuildFromTexts
2026/08/17 12:00:11 ⚠  WARNING: Index "text-index" was built with embedding model "mock" (16 dims) but current config uses "bge-m3" — search results will be incorrect! To migrate to the new model, run: gleann index rebuild text-index --docs <dir>
--- PASS: TestBuildFromTexts (0.14s)
=== RUN   TestListAndRemoveIndexes
--- PASS: TestListAndRemoveIndexes (0.19s)
=== RUN   TestHybridSearchWithBM25
2026/08/17 12:00:11 ⚠  WARNING: Index "hybrid-test" was built with embedding model "mock" (16 dims) but current config uses "bge-m3" — search results will be incorrect! To migrate to the new model, run: gleann index rebuild hybrid-test --docs <dir>
    integration_test.go:301: Vector results: 3, Hybrid results: 3
    integration_test.go:303:   #1: "machine learning and deep neural networks" (score=1.0000)
    integration_test.go:303:   #2: "network security and firewall configuration" (score=0.2774)
    integration_test.go:303:   #3: "natural language processing with transformers" (score=0.0000)
--- PASS: TestHybridSearchWithBM25 (0.15s)
=== RUN   TestCSRStorageReduction
    integration_test.go:327: Original size: 62236 bytes, Total size: 11036 bytes, Ratio: 82.27%
    integration_test.go:334: After pruning: Original=62236, Total=16236, Ratio=73.91%
--- PASS: TestCSRStorageReduction (0.00s)
=== RUN   TestEndToEndSearchQuality
2026/08/17 12:00:12 ⚠  WARNING: Index "quality-test" was built with embedding model "mock" (64 dims) but current config uses "bge-m3" — search results will be incorrect! To migrate to the new model, run: gleann index rebuild quality-test --docs <dir>
--- PASS: TestEndToEndSearchQuality (0.15s)
=== RUN   TestBM25ScorerDirectly
--- PASS: TestBM25ScorerDirectly (0.00s)
PASS
ok  	github.com/tevfik/gleann/tests/integration	3.946s
FAIL
